Component: ARM Compiler 5.05 update 1 (build 106) Tool: armlink [4d0efa]

==============================================================================

Section Cross References

    main.o(i.main) refers to delay.o(i.delay_init) for delay_init
    main.o(i.main) refers to misc.o(i.NVIC_PriorityGroupConfig) for NVIC_PriorityGroupConfig
    main.o(i.main) refers to lcdgpio.o(i.MCUGPIO_Init) for MCUGPIO_Init
    main.o(i.main) refers to delay.o(i.delay_ms) for delay_ms
    main.o(i.main) refers to lcd.o(i.TSF8H_init) for TSF8H_init
    main.o(i.main) refers to hw_config.o(i.USB_Port_Set) for USB_Port_Set
    main.o(i.main) refers to hw_config.o(i.Set_USBClock) for Set_USBClock
    main.o(i.main) refers to hw_config.o(i.USB_Interrupts_Config) for USB_Interrupts_Config
    main.o(i.main) refers to usb_init.o(i.USB_Init) for USB_Init
    main.o(i.main) refers to hw_config.o(i.USB_USART_SendData) for USB_USART_SendData
    main.o(i.main) refers to lcd.o(i.TSF8H_clr) for TSF8H_clr
    main.o(i.main) refers to lcd.o(i.LCD_ShowStr) for LCD_ShowStr
    main.o(i.main) refers to lcd.o(i.LCD_DrawLine) for LCD_DrawLine
    main.o(i.main) refers to lcd.o(i.LCD_DrawRectangle) for LCD_DrawRectangle
    main.o(i.main) refers to lcd.o(i.LCD_Draw_Circle) for LCD_Draw_Circle
    system_stm32f10x.o(i.SetSysClock) refers to system_stm32f10x.o(i.SetSysClockTo72) for SetSysClockTo72
    system_stm32f10x.o(i.SystemCoreClockUpdate) refers to system_stm32f10x.o(.data) for SystemCoreClock
    system_stm32f10x.o(i.SystemInit) refers to system_stm32f10x.o(i.SetSysClock) for SetSysClock
    lcd.o(i.Display_Point) refers to lcd.o(i.Set_Position) for Set_Position
    lcd.o(i.Display_Point) refers to lcd.o(i.LCD_Write_uint16) for LCD_Write_uint16
    lcd.o(i.LCD_DispCH) refers to lcd.o(i.Set_show_windows) for Set_show_windows
    lcd.o(i.LCD_DispCH) refers to lcd.o(i.GetGBKCode_from_flash) for GetGBKCode_from_flash
    lcd.o(i.LCD_DispCH) refers to lcd.o(i.TSF8H_wdat) for TSF8H_wdat
    lcd.o(i.LCD_DispEnCh) refers to lcd.o(i.LCD_ShowChar) for LCD_ShowChar
    lcd.o(i.LCD_DispEnCh) refers to lcd.o(i.LCD_DispCH) for LCD_DispCH
    lcd.o(i.LCD_DispStrCH) refers to lcd.o(i.LCD_DispCH) for LCD_DispCH
    lcd.o(i.LCD_DrawLine) refers to lcd.o(i.Display_Point) for Display_Point
    lcd.o(i.LCD_DrawRectangle) refers to lcd.o(i.LCD_DrawLine) for LCD_DrawLine
    lcd.o(i.LCD_Draw_Circle) refers to lcd.o(i.Display_Point) for Display_Point
    lcd.o(i.LCD_ShowChar) refers to lcd.o(i.Set_show_windows) for Set_show_windows
    lcd.o(i.LCD_ShowChar) refers to stm32f10x_gpio.o(i.GPIO_ResetBits) for GPIO_ResetBits
    lcd.o(i.LCD_ShowChar) refers to stm32f10x_gpio.o(i.GPIO_SetBits) for GPIO_SetBits
    lcd.o(i.LCD_ShowChar) refers to lcd.o(i.quickly_dat) for quickly_dat
    lcd.o(i.LCD_ShowChar) refers to lcd.o(.constdata) for asc2_1206
    lcd.o(i.LCD_ShowNum) refers to lcd.o(i.LCD_Pow) for LCD_Pow
    lcd.o(i.LCD_ShowNum) refers to lcd.o(i.LCD_ShowChar) for LCD_ShowChar
    lcd.o(i.LCD_ShowStr) refers to lcd.o(i.LCD_ShowChar) for LCD_ShowChar
    lcd.o(i.LCD_ShowxNum) refers to lcd.o(i.LCD_Pow) for LCD_Pow
    lcd.o(i.LCD_ShowxNum) refers to lcd.o(i.LCD_ShowChar) for LCD_ShowChar
    lcd.o(i.LCD_Write_uint16) refers to lcd.o(i.TSF8H_wdat) for TSF8H_wdat
    lcd.o(i.Set_Position) refers to lcd.o(i.TSF8H_wcmd) for TSF8H_wcmd
    lcd.o(i.Set_show_windows) refers to lcd.o(i.TSF8H_wcmd) for TSF8H_wcmd
    lcd.o(i.TSF8H_clr) refers to lcd.o(i.Set_Position) for Set_Position
    lcd.o(i.TSF8H_clr) refers to lcd.o(i.TSF8H_wdat) for TSF8H_wdat
    lcd.o(i.TSF8H_init) refers to delay.o(i.delay_ms) for delay_ms
    lcd.o(i.TSF8H_init) refers to lcd.o(i.TSF8H_wcmd) for TSF8H_wcmd
    lcd.o(i.TSF8H_init) refers to lcd.o(i.TSF8H_set_contrast) for TSF8H_set_contrast
    lcd.o(i.TSF8H_init) refers to lcd.o(i.TSF8H_clr) for TSF8H_clr
    lcd.o(i.TSF8H_init) refers to stm32f10x_gpio.o(i.GPIO_SetBits) for GPIO_SetBits
    lcd.o(i.TSF8H_set_contrast) refers to lcd.o(i.TSF8H_wcmd) for TSF8H_wcmd
    lcd.o(i.TSF8H_wcmd) refers to stm32f10x_gpio.o(i.GPIO_ResetBits) for GPIO_ResetBits
    lcd.o(i.TSF8H_wcmd) refers to lcdgpio.o(i.LCD_write_8bit_dat) for LCD_write_8bit_dat
    lcd.o(i.TSF8H_wcmd) refers to stm32f10x_gpio.o(i.GPIO_SetBits) for GPIO_SetBits
    lcd.o(i.TSF8H_wdat) refers to stm32f10x_gpio.o(i.GPIO_ResetBits) for GPIO_ResetBits
    lcd.o(i.TSF8H_wdat) refers to lcdgpio.o(i.LCD_write_8bit_dat) for LCD_write_8bit_dat
    lcd.o(i.TSF8H_wdat) refers to stm32f10x_gpio.o(i.GPIO_SetBits) for GPIO_SetBits
    lcd.o(i.quickly_dat) refers to lcdgpio.o(i.LCD_write_8bit_dat) for LCD_write_8bit_dat
    lcd.o(i.quickly_dat) refers to stm32f10x_gpio.o(i.GPIO_SetBits) for GPIO_SetBits
    lcd.o(i.quickly_dat) refers to stm32f10x_gpio.o(i.GPIO_ResetBits) for GPIO_ResetBits
    lcdgpio.o(i.MCUGPIO_Init) refers to stm32f10x_rcc.o(i.RCC_APB2PeriphClockCmd) for RCC_APB2PeriphClockCmd
    lcdgpio.o(i.MCUGPIO_Init) refers to stm32f10x_gpio.o(i.GPIO_PinRemapConfig) for GPIO_PinRemapConfig
[...]
    ../clib/angel/rt.s                       0x00000000   Number         0  rt_locale_intlibspace.o ABSOLUTE
    ../clib/angel/rt.s                       0x00000000   Number         0  rt_locale.o ABSOLUTE
    ../clib/angel/rt.s                       0x00000000   Number         0  rt_ctype_table.o ABSOLUTE
    ../clib/angel/rt.s                       0x00000000   Number         0  rt_raise.o ABSOLUTE
    ../clib/angel/scatter.s                  0x00000000   Number         0  __scatter.o ABSOLUTE
    ../clib/angel/startup.s                  0x00000000   Number         0  __main.o ABSOLUTE
    ../clib/angel/sys.s                      0x00000000   Number         0  use_no_semi_2.o ABSOLUTE
    ../clib/angel/sys.s                      0x00000000   Number         0  use_no_semi.o ABSOLUTE
    ../clib/angel/sys.s                      0x00000000   Number         0  libspace.o ABSOLUTE
    ../clib/angel/sys.s                      0x00000000   Number         0  sys_stackheap_outer.o ABSOLUTE
    ../clib/angel/sys.s                      0x00000000   Number         0  indicate_semi.o ABSOLUTE
    ../clib/angel/sysapp.c                   0x00000000   Number         0  sys_command.o ABSOLUTE
    ../clib/angel/sysapp.c                   0x00000000   Number         0  sys_wrch.o ABSOLUTE
    ../clib/armsys.c                         0x00000000   Number         0  no_argv.o ABSOLUTE
    ../clib/armsys.c                         0x00000000   Number         0  _get_argv_nomalloc.o ABSOLUTE
    ../clib/armsys.c                         0x00000000   Number         0  argv_veneer.o ABSOLUTE
    ../clib/armsys.c                         0x00000000   Number         0  argv_veneer.o ABSOLUTE
    ../clib/bigflt.c                         0x00000000   Number         0  bigflt0.o ABSOLUTE
    ../clib/btod.s                           0x00000000   Number         0  btod.o ABSOLUTE
    ../clib/heapalloc.c                      0x00000000   Number         0  hrguard.o ABSOLUTE
    ../clib/heapaux.c                        0x00000000   Number         0  heapauxi.o ABSOLUTE
    ../clib/libinit.s                        0x00000000   Number         0  libshutdown.o ABSOLUTE
    ../clib/libinit.s                        0x00000000   Number         0  libinit.o ABSOLUTE
    ../clib/libinit.s                        0x00000000   Number         0  libinit2.o ABSOLUTE
    ../clib/libinit.s                        0x00000000   Number         0  libshutdown2.o ABSOLUTE
    ../clib/locale.c                         0x00000000   Number         0  _wcrtomb.o ABSOLUTE
    ../clib/locale.s                         0x00000000   Number         0  lc_ctype_c.o ABSOLUTE
    ../clib/locale.s                         0x00000000   Number         0  lc_numeric_c.o ABSOLUTE
    ../clib/longlong.s                       0x00000000   Number         0  lludiv10.o ABSOLUTE
    ../clib/memcpset.s                       0x00000000   Number         0  strcmpv7m.o ABSOLUTE
    ../clib/misc.s                           0x00000000   Number         0  printf_stubs.o ABSOLUTE
    ../clib/printf.c                         0x00000000   Number         0  c89vsprintf.o ABSOLUTE
    ../clib/printf.c                         0x00000000   Number         0  _sputc.o ABSOLUTE
    ../clib/printf.c                         0x00000000   Number         0  __printf_nopercent.o ABSOLUTE
    ../clib/printf.c                         0x00000000   Number         0  _printf_wctomb.o ABSOLUTE
    ../clib/printf.c                         0x00000000   Number         0  _printf_fp_dec.o ABSOLUTE
    ../clib/printf.c                         0x00000000   Number         0  _printf_longlong_dec.o ABSOLUTE
    ../clib/printf.c                         0x00000000   Number         0  _printf_oct_ll.o ABSOLUTE
    ../clib/printf.c                         0x00000000   Number         0  _printf_oct_int.o ABSOLUTE
    ../clib/printf.c                         0x00000000   Number         0  _printf_oct_int_ll.o ABSOLUTE
    ../clib/printf.c                         0x00000000   Number         0  _printf_hex_ll.o ABSOLUTE
    ../clib/printf.c                         0x00000000   Number         0  _printf_hex_int.o ABSOLUTE
    ../clib/printf.c                         0x00000000   Number         0  _printf_hex_int_ll.o ABSOLUTE
    ../clib/printf.c                         0x00000000   Number         0  _printf_hex_ptr.o ABSOLUTE
    ../clib/printf.c                         0x00000000   Number         0  _printf_hex_int_ptr.o ABSOLUTE
    ../clib/printf.c                         0x00000000   Number         0  _printf_hex_ll_ptr.o ABSOLUTE
    ../clib/printf.c                         0x00000000   Number         0  _printf_hex_int_ll_ptr.o ABSOLUTE
    ../clib/printf.c                         0x00000000   Number         0  __printf_flags.o ABSOLUTE
    ../clib/printf.c                         0x00000000   Number         0  __printf_ss.o ABSOLUTE
    ../clib/printf.c                         0x00000000   Number         0  __printf_flags_ss.o ABSOLUTE
    ../clib/printf.c                         0x00000000   Number         0  __printf_flags_ss_wp.o ABSOLUTE
    ../clib/printf.c                         0x00000000   Number         0  __printf_flags_wp.o ABSOLUTE
    ../clib/printf.c                         0x00000000   Number         0  _printf_intcommon.o ABSOLUTE
    ../clib/printf.c                         0x00000000   Number         0  __printf_ss_wp.o ABSOLUTE
    ../clib/printf.c                         0x00000000   Number         0  __printf_wp.o ABSOLUTE
    ../clib/printf.c                         0x00000000   Number         0  _printf_truncate.o ABSOLUTE
    ../clib/printf.c                         0x00000000   Number         0  _printf_char_common.o ABSOLUTE
    ../clib/printf.c                         0x00000000   Number         0  _printf_charcount.o ABSOLUTE
    ../clib/printf.c                         0x00000000   Number         0  _printf_dec.o ABSOLUTE
    ../clib/printf.c                         0x00000000   Number         0  _printf_wchar.o ABSOLUTE
    ../clib/printf.c                         0x00000000   Number         0  _printf_char.o ABSOLUTE
    ../clib/printf.c                         0x00000000   Number         0  _printf_str.o ABSOLUTE
    ../clib/printf.c                         0x00000000   Number         0  _printf_fp_infnan.o ABSOLUTE
    ../clib/printf.c                         0x00000000   Number         0  _printf_pad.o ABSOLUTE
    ../clib/printf.c                         0x00000000   Number         0  __printf.o ABSOLUTE
    ../clib/printf_percent.s                 0x00000000   Number         0  _printf_e.o ABSOLUTE
    ../clib/printf_percent.s                 0x00000000   Number         0  _printf_g.o ABSOLUTE
    ../clib/printf_percent.s                 0x00000000   Number         0  _printf_d.o ABSOLUTE
    ../clib/printf_percent.s                 0x00000000   Number         0  _printf_percent.o ABSOLUTE
    ../clib/printf_percent.s                 0x00000000   Number         0  _printf_llx.o ABSOLUTE
    ../clib/printf_percent.s                 0x00000000   Number         0  _printf_llo.o ABSOLUTE
    ../clib/printf_percent.s                 0x00000000   Number         0  _printf_c.o ABSOLUTE
    ../clib/printf_percent.s                 0x00000000   Number         0  _printf_ls.o ABSOLUTE
    ../clib/printf_percent.s                 0x00000000   Number         0  _printf_lc.o ABSOLUTE
    ../clib/printf_percent.s                 0x00000000   Number         0  _printf_ll.o ABSOLUTE
    ../clib/printf_percent.s                 0x00000000   Number         0  _printf_f.o ABSOLUTE
    ../clib/printf_percent.s                 0x00000000   Number         0  _printf_u.o ABSOLUTE
    ../clib/printf_percent.s                 0x00000000   Number         0  _printf_s.o ABSOLUTE
    ../clib/printf_percent.s                 0x00000000   Number         0  _printf_n.o ABSOLUTE
    ../clib/printf_percent.s                 0x00000000   Number         0  _printf_x.o ABSOLUTE
    ../clib/printf_percent.s                 0x00000000   Number         0  _printf_lli.o ABSOLUTE
    ../clib/printf_percent.s                 0x00000000   Number         0  _printf_a.o ABSOLUTE
    ../clib/printf_percent.s                 0x00000000   Number         0  _printf_lld.o ABSOLUTE
    ../clib/printf_percent.s                 0x00000000   Number         0  _printf_llu.o ABSOLUTE
    ../clib/printf_percent.s                 0x00000000   Number         0  _printf_p.o ABSOLUTE
    ../clib/printf_percent.s                 0x00000000   Number         0  _printf_percent_end.o ABSOLUTE
    ../clib/printf_percent.s                 0x00000000   Number         0  _printf_l.o ABSOLUTE
    ../clib/printf_percent.s                 0x00000000   Number         0  _printf_o.o ABSOLUTE
    ../clib/printf_percent.s                 0x00000000   Number         0  _printf_i.o ABSOLUTE
    ../clib/signal.c                         0x00000000   Number         0  __raise.o ABSOLUTE
    ../clib/signal.c                         0x00000000   Number         0  defsig_rtmem_outer.o ABSOLUTE
    ../clib/signal.c                         0x00000000   Number         0  defsig_rtmem_formal.o ABSOLUTE
    ../clib/signal.c                         0x00000000   Number         0  defsig_fpe_inner.o ABSOLUTE
    ../clib/signal.c                         0x00000000   Number         0  defsig_exit.o ABSOLUTE
    ../clib/signal.c                         0x00000000   Number         0  defsig_rtmem_inner.o ABSOLUTE
    ../clib/signal.c                         0x00000000   Number         0  defsig_general.o ABSOLUTE
    ../clib/signal.c                         0x00000000   Number         0  defsig_abrt_inner.o ABSOLUTE
    ../clib/signal.c                         0x00000000   Number         0  defsig_rtred_inner.o ABSOLUTE
    ../clib/signal.c                         0x00000000   Number         0  defsig_stak_inner.o ABSOLUTE
    ../clib/signal.c                         0x00000000   Number         0  defsig_pvfn_inner.o ABSOLUTE
    ../clib/signal.c                         0x00000000   Number         0  defsig_cppl_inner.o ABSOLUTE
    ../clib/signal.c                         0x00000000   Number         0  defsig_segv_inner.o ABSOLUTE
    ../clib/signal.c                         0x00000000   Number         0  defsig_other.o ABSOLUTE
    ../clib/signal.s                         0x00000000   Number         0  defsig.o ABSOLUTE
    ../clib/stdlib.c                         0x00000000   Number         0  exit.o ABSOLUTE
    ../clib/string.c                         0x00000000   Number         0  strlen.o ABSOLUTE
    ../fplib/fpinit.s                        0x00000000   Number         0  fpinit.o ABSOLUTE
    ../fplib/istatus.s                       0x00000000   Number         0  istatus.o ABSOLUTE
    ../fplib/printf1.s                       0x00000000   Number         0  printf1.o ABSOLUTE
    ../fplib/usenofp.s                       0x00000000   Number         0  usenofp.o ABSOLUTE
    ../mathlib/fpclassify.c                  0x00000000   Number         0  fpclassify.o ABSOLUTE
    ..\CORE\core_cm3.c                       0x00000000   Number         0  core_cm3.o ABSOLUTE
    ..\CORE\startup_stm32f10x_md.s           0x00000000   Number         0  startup_stm32f10x_md.o ABSOLUTE
    ..\HARDWARE\ADC\ADC.c                    0x00000000   Number         0  adc.o ABSOLUTE
    ..\HARDWARE\IO\IO.c                      0x00000000   Number         0  io.o ABSOLUTE
    ..\HARDWARE\LCD\lcd.c                    0x00000000   Number         0  lcd.o ABSOLUTE
    ..\HARDWARE\LCD\lcdgpio.c                0x00000000   Number         0  lcdgpio.o ABSOLUTE
    ..\STM32F10x_FWLib\src\misc.c            0x00000000   Number         0  misc.o ABSOLUTE
    ..\STM32F10x_FWLib\src\stm32f10x_adc.c   0x00000000   Number         0  stm32f10x_adc.o ABSOLUTE
    ..\STM32F10x_FWLib\src\stm32f10x_exti.c  0x00000000   Number         0  stm32f10x_exti.o ABSOLUTE
    ..\STM32F10x_FWLib\src\stm32f10x_gpio.c  0x00000000   Number         0  stm32f10x_gpio.o ABSOLUTE
    ..\STM32F10x_FWLib\src\stm32f10x_rcc.c   0x00000000   Number         0  stm32f10x_rcc.o ABSOLUTE
    ..\STM32F10x_FWLib\src\stm32f10x_usart.c 0x00000000   Number         0  stm32f10x_usart.o ABSOLUTE
    ..\SYSTEM\delay\delay.c                  0x00000000   Number         0  delay.o ABSOLUTE
    ..\SYSTEM\sys\sys.c                      0x00000000   Number         0  sys.o ABSOLUTE
    ..\SYSTEM\usart\usart.c                  0x00000000   Number         0  usart.o ABSOLUTE
    ..\USB\CONFIG\hw_config.c                0x00000000   Number         0  hw_config.o ABSOLUTE
    ..\USB\CONFIG\usb_desc.c                 0x00000000   Number         0  usb_desc.o ABSOLUTE
    ..\USB\CONFIG\usb_endp.c                 0x00000000   Number         0  usb_endp.o ABSOLUTE
    ..\USB\CONFIG\usb_istr.c                 0x00000000   Number         0  usb_istr.o ABSOLUTE
    ..\USB\CONFIG\usb_prop.c                 0x00000000   Number         0  usb_prop.o ABSOLUTE
    ..\USB\CONFIG\usb_pwr.c                  0x00000000   Number         0  usb_pwr.o ABSOLUTE
    ..\USB\STM32_USB-FS-Device_Driver\src\usb_core.c 0x00000000   Number         0  usb_core.o ABSOLUTE
    ..\USB\STM32_USB-FS-Device_Driver\src\usb_init.c 0x00000000   Number         0  usb_init.o ABSOLUTE
    ..\USB\STM32_USB-FS-Device_Driver\src\usb_int.c 0x00000000   Number         0  usb_int.o ABSOLUTE
    ..\USB\STM32_USB-FS-Device_Driver\src\usb_mem.c 0x00000000   Number         0  usb_mem.o ABSOLUTE
    ..\USB\STM32_USB-FS-Device_Driver\src\usb_regs.c 0x00000000   Number         0  usb_regs.o ABSOLUTE
    ..\USB\STM32_USB-FS-Device_Driver\src\usb_sil.c 0x00000000   Number         0  usb_sil.o ABSOLUTE
    ..\\CORE\\core_cm3.c                     0x00000000   Number         0  core_cm3.o ABSOLUTE
    ..\\SYSTEM\\sys\\sys.c                   0x00000000   Number         0  sys.o ABSOLUTE
    dc.s                                     0x00000000   Number         0  dc.o ABSOLUTE
    main.c                                   0x00000000   Number         0  main.o ABSOLUTE
    stm32f10x_it.c                           0x00000000   Number         0  stm32f10x_it.o ABSOLUTE
    system_stm32f10x.c                       0x00000000   Number         0  system_stm32f10x.o ABSOLUTE
    RESET                                    0x08000000   Section      236  startup_stm32f10x_md.o(RESET)
    !!!main                                  0x080000ec   Section        8  __main.o(!!!main)
    !!!scatter                               0x080000f4   Section       52  __scatter.o(!!!scatter)
    !!dczerorl2                              0x08000128   Section       90  __dczerorl2.o(!!dczerorl2)
    !!handler_zi                             0x08000184   Section       28  __scatter_zi.o(!!handler_zi)
    .ARM.Collect$$libinit$$00000000          0x080001a0   Section        2  libinit.o(.ARM.Collect$$libinit$$00000000)
    .ARM.Collect$$libinit$$00000002          0x080001a2   Section        0  libinit2.o(.ARM.Collect$$libinit$$00000002)
    .ARM.Collect$$libinit$$00000004          0x080001a2   Section        0  libinit2.o(.ARM.Collect$$libinit$$00000004)
    .ARM.Collect$$libinit$$0000000A          0x080001a2   Section        0  libinit2.o(.ARM.Collect$$libinit$$0000000A)
    .ARM.Collect$$libinit$$0000000C          0x080001a2   Section        0  libinit2.o(.ARM.Collect$$libinit$$0000000C)
    .ARM.Collect$$libinit$$0000000E          0x080001a2   Section        0  libinit2.o(.ARM.Collect$$libinit$$0000000E)
    .ARM.Collect$$libinit$$00000011          0x080001a2   Section        0  libinit2.o(.ARM.Collect$$libinit$$00000011)
    .ARM.Collect$$libinit$$00000013          0x080001a2   Section        0  libinit2.o(.ARM.Collect$$libinit$$00000013)
    .ARM.Collect$$libinit$$00000015          0x080001a2   Section        0  libinit2.o(.ARM.Collect$$libinit$$00000015)
    .ARM.Collect$$libinit$$00000017          0x080001a2   Section        0  libinit2.o(.ARM.Collect$$libinit$$00000017)
    .ARM.Collect$$libinit$$00000019          0x080001a2   Section        0  libinit2.o(.ARM.Collect$$libinit$$00000019)
    .ARM.Collect$$libinit$$0000001B          0x080001a2   Section        0  libinit2.o(.ARM.Collect$$libinit$$0000001B)
    .ARM.Collect$$libinit$$0000001D          0x080001a2   Section        0  libinit2.o(.ARM.Collect$$libinit$$0000001D)
    .ARM.Collect$$libinit$$0000001F          0x080001a2   Section        0  libinit2.o(.ARM.Collect$$libinit$$0000001F)
    .ARM.Collect$$libinit$$00000021          0x080001a2   Section        0  libinit2.o(.ARM.Collect$$libinit$$00000021)
    .ARM.Collect$$libinit$$00000023          0x080001a2   Section        0  libinit2.o(.ARM.Collect$$libinit$$00000023)
    .ARM.Collect$$libinit$$00000025          0x080001a2   Section        0  libinit2.o(.ARM.Collect$$libinit$$00000025)
    .ARM.Collect$$libinit$$0000002C          0x080001a2   Section        0  libinit2.o(.ARM.Collect$$libinit$$0000002C)
    .ARM.Collect$$libinit$$0000002E          0x080001a2   Section        0  libinit2.o(.ARM.Collect$$libinit$$0000002E)
    .ARM.Collect$$libinit$$00000030          0x080001a2   Section        0  libinit2.o(.ARM.Collect$$libinit$$00000030)
    .ARM.Collect$$libinit$$00000032          0x080001a2   Section        0  libinit2.o(.ARM.Collect$$libinit$$00000032)
    .ARM.Collect$$libinit$$00000033          0x080001a2   Section        2  libinit2.o(.ARM.Collect$$libinit$$00000033)
    .ARM.Collect$$libshutdown$$00000000      0x080001a4   Section        2  libshutdown.o(.ARM.Collect$$libshutdown$$00000000)
    .ARM.Collect$$libshutdown$$00000003      0x080001a6   Section        0  libshutdown2.o(.ARM.Collect$$libshutdown$$00000003)
    .ARM.Collect$$libshutdown$$00000006      0x080001a6   Section        0  libshutdown2.o(.ARM.Collect$$libshutdown$$00000006)
    .ARM.Collect$$libshutdown$$00000009      0x080001a6   Section        0  libshutdown2.o(.ARM.Collect$$libshutdown$$00000009)
    .ARM.Collect$$libshutdown$$0000000B      0x080001a6   Section        0  libshutdown2.o(.ARM.Collect$$libshutdown$$0000000B)
    .ARM.Collect$$libshutdown$$0000000E      0x080001a6   Section        0  libshutdown2.o(.ARM.Collect$$libshutdown$$0000000E)
    .ARM.Collect$$libshutdown$$0000000F      0x080001a6   Section        2  libshutdown2.o(.ARM.Collect$$libshutdown$$0000000F)
    .ARM.Collect$$rtentry$$00000000          0x080001a8   Section        0  __rtentry.o(.ARM.Collect$$rtentry$$00000000)
    .ARM.Collect$$rtentry$$00000002          0x080001a8   Section        0  __rtentry2.o(.ARM.Collect$$rtentry$$00000002)
    .ARM.Collect$$rtentry$$00000004          0x080001a8   Section        6  __rtentry4.o(.ARM.Collect$$rtentry$$00000004)
    .ARM.Collect$$rtentry$$00000009          0x080001ae   Section        0  __rtentry2.o(.ARM.Collect$$rtentry$$00000009)
    .ARM.Collect$$rtentry$$0000000A          0x080001ae   Section        4  __rtentry2.o(.ARM.Collect$$rtentry$$0000000A)
    .ARM.Collect$$rtentry$$0000000C          0x080001b2   Section        0  __rtentry2.o(.ARM.Collect$$rtentry$$0000000C)
    .ARM.Collect$$rtentry$$0000000D          0x080001b2   Section        8  __rtentry2.o(.ARM.Collect$$rtentry$$0000000D)
    .ARM.Collect$$rtexit$$00000000           0x080001ba   Section        2  rtexit.o(.ARM.Collect$$rtexit$$00000000)
    .ARM.Collect$$rtexit$$00000002           0x080001bc   Section        0  rtexit2.o(.ARM.Collect$$rtexit$$00000002)
    .ARM.Collect$$rtexit$$00000003           0x080001bc   Section        4  rtexit2.o(.ARM.Collect$$rtexit$$00000003)
    .ARM.Collect$$rtexit$$00000004           0x080001c0   Section        6  rtexit2.o(.ARM.Collect$$rtexit$$00000004)
    .text                                    0x080001c8   Section       64  startup_stm32f10x_md.o(.text)
    .text                                    0x08000208   Section        2  use_no_semi_2.o(.text)
    .text                                    0x0800020a   Section        0  heapauxi.o(.text)
    .text                                    0x08000210   Section        2  use_no_semi.o(.text)
    .text                                    0x08000212   Section       74  sys_stackheap_outer.o(.text)
    .text                                    0x0800025c   Section        0  exit.o(.text)
    .text                                    0x08000268   Section        8  libspace.o(.text)
    i.BusFault_Handler                       0x08000270   Section        0  stm32f10x_it.o(i.BusFault_Handler)
    i.ByteSwap                               0x08000274   Section        0  usb_regs.o(i.ByteSwap)
    i.CTR_LP                                 0x08000280   Section        0  usb_int.o(i.CTR_LP)
    i.ClearDTOG_RX                           0x08000508   Section        0  usb_regs.o(i.ClearDTOG_RX)
    i.ClearDTOG_TX                           0x0800053c   Section        0  usb_regs.o(i.ClearDTOG_TX)
    i.Clear_Status_Out                       0x08000570   Section        0  usb_regs.o(i.Clear_Status_Out)
    i.DataStageIn                            0x08000598   Section        0  usb_core.o(i.DataStageIn)
    DataStageIn                              0x08000599   Thumb Code   166  usb_core.o(i.DataStageIn)
    i.DataStageOut                           0x08000658   Section        0  usb_core.o(i.DataStageOut)
    DataStageOut                             0x08000659   Thumb Code   166  usb_core.o(i.DataStageOut)
    i.Data_Setup0                            0x08000714   Section        0  usb_core.o(i.Data_Setup0)
    Data_Setup0                              0x08000715   Thumb Code   628  usb_core.o(i.Data_Setup0)
    i.DebugMon_Handler                       0x080009ac   Section        0  stm32f10x_it.o(i.DebugMon_Handler)
    i.Display_Point                          0x080009ae   Section        0  lcd.o(i.Display_Point)
    i.EP1_IN_Callback                        0x080009c8   Section        0  usb_endp.o(i.EP1_IN_Callback)
    i.EP3_OUT_Callback                       0x08000a58   Section        0  usb_endp.o(i.EP3_OUT_Callback)
    i.EXTI_ClearITPendingBit                 0x08000a78   Section        0  stm32f10x_exti.o(i.EXTI_ClearITPendingBit)
    i.EXTI_Init                              0x08000a84   Section        0  stm32f10x_exti.o(i.EXTI_Init)
    i.Enter_LowPowerMode                     0x08000b18   Section        0  hw_config.o(i.Enter_LowPowerMode)
    i.GPIO_Init                              0x08000b24   Section        0  stm32f10x_gpio.o(i.GPIO_Init)
    i.GPIO_PinRemapConfig                    0x08000c3c   Section        0  stm32f10x_gpio.o(i.GPIO_PinRemapConfig)
    i.GPIO_ResetBits                         0x08000ccc   Section        0  stm32f10x_gpio.o(i.GPIO_ResetBits)
    i.GPIO_SetBits                           0x08000cd0   Section        0  stm32f10x_gpio.o(i.GPIO_SetBits)
    i.GetEPRxAddr                            0x08000cd4   Section        0  usb_regs.o(i.GetEPRxAddr)
    i.GetEPRxCount                           0x08000cf4   Section        0  usb_regs.o(i.GetEPRxCount)
    i.GetEPTxAddr                            0x08000d18   Section        0  usb_regs.o(i.GetEPTxAddr)
    i.Get_SerialNum                          0x08000d38   Section        0  hw_config.o(i.Get_SerialNum)
    i.HardFault_Handler                      0x08000d6c   Section        0  stm32f10x_it.o(i.HardFault_Handler)
    i.In0_Process                            0x08000d70   Section        0  usb_core.o(i.In0_Process)
    i.IntToUnicode                           0x08000de0   Section        0  hw_config.o(i.IntToUnicode)
    i.LCD_DrawLine                           0x08000e1e   Section        0  lcd.o(i.LCD_DrawLine)
    i.LCD_DrawRectangle                      0x08000eca   Section        0  lcd.o(i.LCD_DrawRectangle)
    i.LCD_Draw_Circle                        0x08000f14   Section        0  lcd.o(i.LCD_Draw_Circle)
    i.LCD_ShowChar                           0x08000fc0   Section        0  lcd.o(i.LCD_ShowChar)
    i.LCD_ShowStr                            0x080010fc   Section        0  lcd.o(i.LCD_ShowStr)
    i.LCD_Write_uint16                       0x0800114c   Section        0  lcd.o(i.LCD_Write_uint16)
    i.LCD_write_8bit_dat                     0x08001160   Section        0  lcdgpio.o(i.LCD_write_8bit_dat)
    i.Leave_LowPowerMode                     0x08001184   Section        0  hw_config.o(i.Leave_LowPowerMode)
    i.MCUGPIO_Init                           0x080011a4   Section        0  lcdgpio.o(i.MCUGPIO_Init)
    i.MemManage_Handler                      0x08001200   Section        0  stm32f10x_it.o(i.MemManage_Handler)
    i.NMI_Handler                            0x08001204   Section        0  stm32f10x_it.o(i.NMI_Handler)
    i.NOP_Process                            0x08001206   Section        0  usb_core.o(i.NOP_Process)
    i.NVIC_Init                              0x08001208   Section        0  misc.o(i.NVIC_Init)
    i.NVIC_PriorityGroupConfig               0x08001278   Section        0  misc.o(i.NVIC_PriorityGroupConfig)
    i.NoData_Setup0                          0x0800128c   Section        0  usb_core.o(i.NoData_Setup0)
    NoData_Setup0                            0x0800128d   Thumb Code   290  usb_core.o(i.NoData_Setup0)
    i.Out0_Process                           0x080013c4   Section        0  usb_core.o(i.Out0_Process)
    i.PMAToUserBufferCopy                    0x08001414   Section        0  usb_mem.o(i.PMAToUserBufferCopy)
    i.PendSV_Handler                         0x0800143c   Section        0  stm32f10x_it.o(i.PendSV_Handler)
    i.Post0_Process                          0x08001440   Section        0  usb_core.o(i.Post0_Process)
    i.PowerOn                                0x08001488   Section        0  usb_pwr.o(i.PowerOn)
    i.RCC_APB1PeriphClockCmd                 0x080014c8   Section        0  stm32f10x_rcc.o(i.RCC_APB1PeriphClockCmd)
    i.RCC_APB2PeriphClockCmd                 0x080014e8   Section        0  stm32f10x_rcc.o(i.RCC_APB2PeriphClockCmd)
    i.RCC_USBCLKConfig                       0x08001508   Section        0  stm32f10x_rcc.o(i.RCC_USBCLKConfig)
    i.Resume                                 0x08001514   Section        0  usb_pwr.o(i.Resume)
    i.Resume_Init                            0x080015e4   Section        0  usb_pwr.o(i.Resume_Init)
    i.SOF_Callback                           0x08001608   Section        0  usb_endp.o(i.SOF_Callback)
    i.SVC_Handler                            0x08001638   Section        0  stm32f10x_it.o(i.SVC_Handler)
    i.SetBTABLE                              0x0800163c   Section        0  usb_regs.o(i.SetBTABLE)
    i.SetDeviceAddress                       0x0800164c   Section        0  usb_core.o(i.SetDeviceAddress)
    i.SetEPRxAddr                            0x0800169c   Section        0  usb_regs.o(i.SetEPRxAddr)
    i.SetEPRxCount                           0x080016c0   Section        0  usb_regs.o(i.SetEPRxCount)
    i.SetEPRxStatus                          0x0800170c   Section        0  usb_regs.o(i.SetEPRxStatus)
    i.SetEPRxValid                           0x0800174c   Section        0  usb_regs.o(i.SetEPRxValid)
    i.SetEPTxAddr                            0x08001780   Section        0  usb_regs.o(i.SetEPTxAddr)
    i.SetEPTxCount                           0x080017a0   Section        0  usb_regs.o(i.SetEPTxCount)
    i.SetEPTxStatus                          0x080017bc   Section        0  usb_regs.o(i.SetEPTxStatus)
    i.SetEPTxValid                           0x080017fc   Section        0  usb_regs.o(i.SetEPTxValid)
    i.SetEPType                              0x08001830   Section        0  usb_regs.o(i.SetEPType)
    i.SetSysClock                            0x08001854   Section        0  system_stm32f10x.o(i.SetSysClock)
    SetSysClock                              0x08001855   Thumb Code     8  system_stm32f10x.o(i.SetSysClock)
    i.SetSysClockTo72                        0x0800185c   Section        0  system_stm32f10x.o(i.SetSysClockTo72)
    SetSysClockTo72                          0x0800185d   Thumb Code   214  system_stm32f10x.o(i.SetSysClockTo72)
    i.Set_Position                           0x0800193c   Section        0  lcd.o(i.Set_Position)
    i.Set_USBClock                           0x08001968   Section        0  hw_config.o(i.Set_USBClock)
    i.Set_show_windows                       0x0800197a   Section        0  lcd.o(i.Set_show_windows)
    i.Setup0_Process                         0x080019b0   Section        0  usb_core.o(i.Setup0_Process)
    i.Standard_ClearFeature                  0x08001a68   Section        0  usb_core.o(i.Standard_ClearFeature)
    i.Standard_GetConfiguration              0x08001bd4   Section        0  usb_core.o(i.Standard_GetConfiguration)
    i.Standard_GetDescriptorData             0x08001c00   Section        0  usb_core.o(i.Standard_GetDescriptorData)
    i.Standard_GetInterface                  0x08001c24   Section        0  usb_core.o(i.Standard_GetInterface)
    i.Standard_GetStatus                     0x08001c50   Section        0  usb_core.o(i.Standard_GetStatus)
    i.Standard_SetConfiguration              0x08001d50   Section        0  usb_core.o(i.Standard_SetConfiguration)
    i.Standard_SetDeviceFeature              0x08001d98   Section        0  usb_core.o(i.Standard_SetDeviceFeature)
    i.Standard_SetEndPointFeature            0x08001dc0   Section        0  usb_core.o(i.Standard_SetEndPointFeature)
    i.Standard_SetInterface                  0x08001e90   Section        0  usb_core.o(i.Standard_SetInterface)
    i.Suspend                                0x08001efc   Section        0  usb_pwr.o(i.Suspend)
    i.SysTick_CLKSourceConfig                0x08001f98   Section        0  misc.o(i.SysTick_CLKSourceConfig)
    i.SysTick_Handler                        0x08001fc0   Section        0  stm32f10x_it.o(i.SysTick_Handler)
    i.SystemInit                             0x08001fc4   Section        0  system_stm32f10x.o(i.SystemInit)
    i.TSF8H_clr                              0x08002024   Section        0  lcd.o(i.TSF8H_clr)
    i.TSF8H_init                             0x0800204c   Section        0  lcd.o(i.TSF8H_init)
    i.TSF8H_set_contrast                     0x08002174   Section        0  lcd.o(i.TSF8H_set_contrast)
    i.TSF8H_wcmd                             0x08002188   Section        0  lcd.o(i.TSF8H_wcmd)
    i.TSF8H_wdat                             0x080021c8   Section        0  lcd.o(i.TSF8H_wdat)
    i.USART1_IRQHandler                      0x08002208   Section        0  usart.o(i.USART1_IRQHandler)
    i.USART_Config                           0x08002290   Section        0  hw_config.o(i.USART_Config)
    i.USART_GetITStatus                      0x080022ac   Section        0  stm32f10x_usart.o(i.USART_GetITStatus)
    i.USART_ReceiveData                      0x08002300   Section        0  stm32f10x_usart.o(i.USART_ReceiveData)
    i.USBWakeUp_IRQHandler                   0x0800230a   Section        0  hw_config.o(i.USBWakeUp_IRQHandler)
    i.USB_Cable_Config                       0x08002316   Section        0  hw_config.o(i.USB_Cable_Config)
    i.USB_Init                               0x08002318   Section        0  usb_init.o(i.USB_Init)
    i.USB_Interrupts_Config                  0x08002354   Section        0  hw_config.o(i.USB_Interrupts_Config)
    i.USB_Istr                               0x080023a8   Section        0  usb_istr.o(i.USB_Istr)
    i.USB_LP_CAN1_RX0_IRQHandler             0x08002578   Section        0  hw_config.o(i.USB_LP_CAN1_RX0_IRQHandler)
    i.USB_Port_Set                           0x08002580   Section        0  hw_config.o(i.USB_Port_Set)
    i.USB_SIL_Init                           0x080025d8   Section        0  usb_sil.o(i.USB_SIL_Init)
    i.USB_SIL_Read                           0x080025fc   Section        0  usb_sil.o(i.USB_SIL_Read)
    i.USB_To_USART_Send_Data                 0x0800262c   Section        0  hw_config.o(i.USB_To_USART_Send_Data)
    i.USB_USART_SendData                     0x080026ac   Section        0  hw_config.o(i.USB_USART_SendData)
    i.UsageFault_Handler                     0x080026dc   Section        0  stm32f10x_it.o(i.UsageFault_Handler)
    i.UserToPMABufferCopy                    0x080026e0   Section        0  usb_mem.o(i.UserToPMABufferCopy)
    i.Virtual_Com_Port_Data_Setup            0x08002718   Section        0  usb_prop.o(i.Virtual_Com_Port_Data_Setup)
    i.Virtual_Com_Port_GetConfigDescriptor   0x0800277c   Section        0  usb_prop.o(i.Virtual_Com_Port_GetConfigDescriptor)
    i.Virtual_Com_Port_GetDeviceDescriptor   0x08002790   Section        0  usb_prop.o(i.Virtual_Com_Port_GetDeviceDescriptor)
    i.Virtual_Com_Port_GetLineCoding         0x080027a4   Section        0  usb_prop.o(i.Virtual_Com_Port_GetLineCoding)
    i.Virtual_Com_Port_GetStringDescriptor   0x080027c0   Section        0  usb_prop.o(i.Virtual_Com_Port_GetStringDescriptor)
    i.Virtual_Com_Port_Get_Interface_Setting 0x080027e8   Section        0  usb_prop.o(i.Virtual_Com_Port_Get_Interface_Setting)
    i.Virtual_Com_Port_NoData_Setup          0x08002800   Section        0  usb_prop.o(i.Virtual_Com_Port_NoData_Setup)
    i.Virtual_Com_Port_Reset                 0x08002828   Section        0  usb_prop.o(i.Virtual_Com_Port_Reset)
    i.Virtual_Com_Port_SetConfiguration      0x08002910   Section        0  usb_prop.o(i.Virtual_Com_Port_SetConfiguration)
    i.Virtual_Com_Port_SetDeviceAddress      0x08002928   Section        0  usb_prop.o(i.Virtual_Com_Port_SetDeviceAddress)
    i.Virtual_Com_Port_SetLineCoding         0x08002934   Section        0  usb_prop.o(i.Virtual_Com_Port_SetLineCoding)
    i.Virtual_Com_Port_Status_In             0x08002950   Section        0  usb_prop.o(i.Virtual_Com_Port_Status_In)
    i.Virtual_Com_Port_Status_Out            0x0800296c   Section        0  usb_prop.o(i.Virtual_Com_Port_Status_Out)
    i.Virtual_Com_Port_init                  0x08002970   Section        0  usb_prop.o(i.Virtual_Com_Port_init)
    i._sys_exit                              0x08002998   Section        0  usart.o(i._sys_exit)
    i.delay_init                             0x080029a0   Section        0  delay.o(i.delay_init)
    i.delay_ms                               0x080029e4   Section        0  delay.o(i.delay_ms)
    i.main                                   0x08002a30   Section        0  main.o(i.main)
    i.quickly_dat                            0x08002b80   Section        0  lcd.o(i.quickly_dat)
    .constdata                               0x08002bc0   Section     6080  lcd.o(.constdata)
    .constdata                               0x08004380   Section      177  usb_desc.o(.constdata)
    .data                                    0x20000000   Section       20  system_stm32f10x.o(.data)
    .data                                    0x20000014   Section        4  delay.o(.data)
    fac_us                                   0x20000014   Data           1  delay.o(.data)
    fac_ms                                   0x20000016   Data           2  delay.o(.data)
    .data                                    0x20000018   Section        6  usart.o(.data)
    .data                                    0x2000001e   Section        3  usb_core.o(.data)
    .data                                    0x20000024   Section       20  usb_init.o(.data)
    .data                                    0x20000038   Section        4  usb_int.o(.data)
    .data                                    0x2000003c   Section        2  hw_config.o(.data)
    .data                                    0x2000003e   Section       26  usb_desc.o(.data)
    .data                                    0x20000058   Section        4  usb_endp.o(.data)
    FrameCount                               0x20000058   Data           4  usb_endp.o(.data)
    .data                                    0x2000005c   Section       68  usb_istr.o(.data)
    .data                                    0x200000a0   Section      148  usb_prop.o(.data)
    .data                                    0x20000134   Section       12  usb_pwr.o(.data)
    .bss                                     0x20000140   Section      200  usart.o(.bss)
    .bss                                     0x20000208   Section       28  usb_init.o(.bss)
    .bss                                     0x20000224   Section     1428  hw_config.o(.bss)
    .bss                                     0x200007b8   Section       64  usb_endp.o(.bss)
    .bss                                     0x200007f8   Section       32  usb_pwr.o(.bss)
    .bss                                     0x20000818   Section       96  libspace.o(.bss)
    HEAP                                     0x20000878   Section      512  startup_stm32f10x_md.o(HEAP)
    Heap_Mem                                 0x20000878   Data         512  startup_stm32f10x_md.o(HEAP)
    STACK                                    0x20000a78   Section     1024  startup_stm32f10x_md.o(STACK)
    Stack_Mem                                0x20000a78   Data        1024  startup_stm32f10x_md.o(STACK)
    __initial_sp                             0x20000e78   Data           0  startup_stm32f10x_md.o(STACK)

    Global Symbols

    Symbol Name                              Value     Ov Type        Size  Object(Section)

    BuildAttributes$$THM_ISAv4$P$D$K$B$S$PE$A:L22UL41UL21$X:L11$S22US41US21$IEEE1$IW$USESV6$~STKCKD$USESV7$~SHL$OTIME$ROPI$IEEEJ$EBA8$UX$STANDARDLIB$REQ8$PRES8$EABIv2 0x00000000   Number         0  anon$$obj.o ABSOLUTE
    __ARM_use_no_argv                        0x00000000   Number         0  main.o ABSOLUTE
    _printf_flags                            0x00000000   Number         0  printf_stubs.o ABSOLUTE
    _printf_return_value                     0x00000000   Number         0  printf_stubs.o ABSOLUTE
    _printf_sizespec                         0x00000000   Number         0  printf_stubs.o ABSOLUTE
    _printf_widthprec                        0x00000000   Number         0  printf_stubs.o ABSOLUTE
    __ARM_exceptions_init                     - Undefined Weak Reference
    __alloca_initialize                       - Undefined Weak Reference
    __arm_preinit_                            - Undefined Weak Reference
    __cpp_initialize__aeabi_                  - Undefined Weak Reference
    __cxa_finalize                            - Undefined Weak Reference
    __sigvec_lookup                           - Undefined Weak Reference
    _atexit_init                              - Undefined Weak Reference
    _call_atexit_fns                          - Undefined Weak Reference
    _clock_init                               - Undefined Weak Reference
    _fp_trap_init                             - Undefined Weak Reference
    _fp_trap_shutdown                         - Undefined Weak Reference
    _get_lc_collate                           - Undefined Weak Reference
    _get_lc_monetary                          - Undefined Weak Reference
    _get_lc_time                              - Undefined Weak Reference
    _getenv_init                              - Undefined Weak Reference
    _handle_redirection                       - Undefined Weak Reference
    _init_alloc                               - Undefined Weak Reference
    _init_user_alloc                          - Undefined Weak Reference
    _initio                                   - Undefined Weak Reference
    _printf_fp_hex                            - Undefined Weak Reference
    _printf_mbtowc                            - Undefined Weak Reference
    _printf_wc                                - Undefined Weak Reference
    _rand_init                                - Undefined Weak Reference
    _signal_finish                            - Undefined Weak Reference
    _signal_init                              - Undefined Weak Reference
    _terminate_alloc                          - Undefined Weak Reference
    _terminate_user_alloc                     - Undefined Weak Reference
    _terminateio                              - Undefined Weak Reference
    __Vectors_Size                           0x000000ec   Number         0  startup_stm32f10x_md.o ABSOLUTE
    __Vectors                                0x08000000   Data           4  startup_stm32f10x_md.o(RESET)
    __Vectors_End                            0x080000ec   Data           0  startup_stm32f10x_md.o(RESET)
    __main                                   0x080000ed   Thumb Code     8  __main.o(!!!main)
    __scatterload                            0x080000f5   Thumb Code     0  __scatter.o(!!!scatter)
    __scatterload_rt2                        0x080000f5   Thumb Code    44  __scatter.o(!!!scatter)
    __scatterload_rt2_thumb_only             0x080000f5   Thumb Code     0  __scatter.o(!!!scatter)
    __scatterload_null                       0x08000103   Thumb Code     0  __scatter.o(!!!scatter)
    __decompress                             0x08000129   Thumb Code    90  __dczerorl2.o(!!dczerorl2)
    __decompress1                            0x08000129   Thumb Code     0  __dczerorl2.o(!!dczerorl2)
    __scatterload_zeroinit                   0x08000185   Thumb Code    28  __scatter_zi.o(!!handler_zi)
    __rt_lib_init                            0x080001a1   Thumb Code     0  libinit.o(.ARM.Collect$$libinit$$00000000)
    __rt_lib_init_alloca_1                   0x080001a3   Thumb Code     0  libinit2.o(.ARM.Collect$$libinit$$0000002E)
    __rt_lib_init_argv_1                     0x080001a3   Thumb Code     0  libinit2.o(.ARM.Collect$$libinit$$0000002C)
    __rt_lib_init_atexit_1                   0x080001a3   Thumb Code     0  libinit2.o(.ARM.Collect$$libinit$$0000001B)
    __rt_lib_init_clock_1                    0x080001a3   Thumb Code     0  libinit2.o(.ARM.Collect$$libinit$$00000021)
    __rt_lib_init_cpp_1                      0x080001a3   Thumb Code     0  libinit2.o(.ARM.Collect$$libinit$$00000032)
    __rt_lib_init_exceptions_1               0x080001a3   Thumb Code     0  libinit2.o(.ARM.Collect$$libinit$$00000030)
    __rt_lib_init_fp_1                       0x080001a3   Thumb Code     0  libinit2.o(.ARM.Collect$$libinit$$00000002)
    __rt_lib_init_fp_trap_1                  0x080001a3   Thumb Code     0  libinit2.o(.ARM.Collect$$libinit$$0000001F)
    __rt_lib_init_getenv_1                   0x080001a3   Thumb Code     0  libinit2.o(.ARM.Collect$$libinit$$00000023)
    __rt_lib_init_heap_1                     0x080001a3   Thumb Code     0  libinit2.o(.ARM.Collect$$libinit$$0000000A)
    __rt_lib_init_lc_collate_1               0x080001a3   Thumb Code     0  libinit2.o(.ARM.Collect$$libinit$$00000011)
    __rt_lib_init_lc_ctype_1                 0x080001a3   Thumb Code     0  libinit2.o(.ARM.Collect$$libinit$$00000013)
    __rt_lib_init_lc_monetary_1              0x080001a3   Thumb Code     0  libinit2.o(.ARM.Collect$$libinit$$00000015)
    __rt_lib_init_lc_numeric_1               0x080001a3   Thumb Code     0  libinit2.o(.ARM.Collect$$libinit$$00000017)
    __rt_lib_init_lc_time_1                  0x080001a3   Thumb Code     0  libinit2.o(.ARM.Collect$$libinit$$00000019)
    __rt_lib_init_preinit_1                  0x080001a3   Thumb Code     0  libinit2.o(.ARM.Collect$$libinit$$00000004)
    __rt_lib_init_rand_1                     0x080001a3   Thumb Code     0  libinit2.o(.ARM.Collect$$libinit$$0000000E)
    __rt_lib_init_return                     0x080001a3   Thumb Code     0  libinit2.o(.ARM.Collect$$libinit$$00000033)
    __rt_lib_init_signal_1                   0x080001a3   Thumb Code     0  libinit2.o(.ARM.Collect$$libinit$$0000001D)
    __rt_lib_init_stdio_1                    0x080001a3   Thumb Code     0  libinit2.o(.ARM.Collect$$libinit$$00000025)
    __rt_lib_init_user_alloc_1               0x080001a3   Thumb Code     0  libinit2.o(.ARM.Collect$$libinit$$0000000C)
    __rt_lib_shutdown                        0x080001a5   Thumb Code     0  libshutdown.o(.ARM.Collect$$libshutdown$$00000000)
    __rt_lib_shutdown_fp_trap_1              0x080001a7   Thumb Code     0  libshutdown2.o(.ARM.Collect$$libshutdown$$00000006)
    __rt_lib_shutdown_heap_1                 0x080001a7   Thumb Code     0  libshutdown2.o(.ARM.Collect$$libshutdown$$0000000E)
    __rt_lib_shutdown_return                 0x080001a7   Thumb Code     0  libshutdown2.o(.ARM.Collect$$libshutdown$$0000000F)
    __rt_lib_shutdown_signal_1               0x080001a7   Thumb Code     0  libshutdown2.o(.ARM.Collect$$libshutdown$$00000009)
    __rt_lib_shutdown_stdio_1                0x080001a7   Thumb Code     0  libshutdown2.o(.ARM.Collect$$libshutdown$$00000003)
    __rt_lib_shutdown_user_alloc_1           0x080001a7   Thumb Code     0  libshutdown2.o(.ARM.Collect$$libshutdown$$0000000B)
    __rt_entry                               0x080001a9   Thumb Code     0  __rtentry.o(.ARM.Collect$$rtentry$$00000000)
    __rt_entry_presh_1                       0x080001a9   Thumb Code     0  __rtentry2.o(.ARM.Collect$$rtentry$$00000002)
    __rt_entry_sh                            0x080001a9   Thumb Code     0  __rtentry4.o(.ARM.Collect$$rtentry$$00000004)
    __rt_entry_li                            0x080001af   Thumb Code     0  __rtentry2.o(.ARM.Collect$$rtentry$$0000000A)
    __rt_entry_postsh_1                      0x080001af   Thumb Code     0  __rtentry2.o(.ARM.Collect$$rtentry$$00000009)
    __rt_entry_main                          0x080001b3   Thumb Code     0  __rtentry2.o(.ARM.Collect$$rtentry$$0000000D)
    __rt_entry_postli_1                      0x080001b3   Thumb Code     0  __rtentry2.o(.ARM.Collect$$rtentry$$0000000C)
    __rt_exit                                0x080001bb   Thumb Code     0  rtexit.o(.ARM.Collect$$rtexit$$00000000)
    __rt_exit_ls                             0x080001bd   Thumb Code     0  rtexit2.o(.ARM.Collect$$rtexit$$00000003)
    __rt_exit_prels_1                        0x080001bd   Thumb Code     0  rtexit2.o(.ARM.Collect$$rtexit$$00000002)
    __rt_exit_exit                           0x080001c1   Thumb Code     0  rtexit2.o(.ARM.Collect$$rtexit$$00000004)
    Reset_Handler                            0x080001c9   Thumb Code     8  startup_stm32f10x_md.o(.text)
    ADC1_2_IRQHandler                        0x080001e3   Thumb Code     0  startup_stm32f10x_md.o(.text)
    CAN1_RX1_IRQHandler                      0x080001e3   Thumb Code     0  startup_stm32f10x_md.o(.text)
    CAN1_SCE_IRQHandler                      0x080001e3   Thumb Code     0  startup_stm32f10x_md.o(.text)
    DMA1_Channel1_IRQHandler                 0x080001e3   Thumb Code     0  startup_stm32f10x_md.o(.text)
    DMA1_Channel2_IRQHandler                 0x080001e3   Thumb Code     0  startup_stm32f10x_md.o(.text)
    DMA1_Channel3_IRQHandler                 0x080001e3   Thumb Code     0  startup_stm32f10x_md.o(.text)
    DMA1_Channel4_IRQHandler                 0x080001e3   Thumb Code     0  startup_stm32f10x_md.o(.text)
    DMA1_Channel5_IRQHandler                 0x080001e3   Thumb Code     0  startup_stm32f10x_md.o(.text)
    DMA1_Channel6_IRQHandler                 0x080001e3   Thumb Code     0  startup_stm32f10x_md.o(.text)
    DMA1_Channel7_IRQHandler                 0x080001e3   Thumb Code     0  startup_stm32f10x_md.o(.text)
    EXTI0_IRQHandler                         0x080001e3   Thumb Code     0  startup_stm32f10x_md.o(.text)
    EXTI15_10_IRQHandler                     0x080001e3   Thumb Code     0  startup_stm32f10x_md.o(.text)
    EXTI1_IRQHandler                         0x080001e3   Thumb Code     0  startup_stm32f10x_md.o(.text)
    EXTI2_IRQHandler                         0x080001e3   Thumb Code     0  startup_stm32f10x_md.o(.text)
    EXTI3_IRQHandler                         0x080001e3   Thumb Code     0  startup_stm32f10x_md.o(.text)
    EXTI4_IRQHandler                         0x080001e3   Thumb Code     0  startup_stm32f10x_md.o(.text)
    EXTI9_5_IRQHandler                       0x080001e3   Thumb Code     0  startup_stm32f10x_md.o(.text)
    FLASH_IRQHandler                         0x080001e3   Thumb Code     0  startup_stm32f10x_md.o(.text)
    I2C1_ER_IRQHandler                       0x080001e3   Thumb Code     0  startup_stm32f10x_md.o(.text)
    I2C1_EV_IRQHandler                       0x080001e3   Thumb Code     0  startup_stm32f10x_md.o(.text)
    I2C2_ER_IRQHandler                       0x080001e3   Thumb Code     0  startup_stm32f10x_md.o(.text)
    I2C2_EV_IRQHandler                       0x080001e3   Thumb Code     0  startup_stm32f10x_md.o(.text)
    PVD_IRQHandler                           0x080001e3   Thumb Code     0  startup_stm32f10x_md.o(.text)
    RCC_IRQHandler                           0x080001e3   Thumb Code     0  startup_stm32f10x_md.o(.text)
    RTCAlarm_IRQHandler                      0x080001e3   Thumb Code     0  startup_stm32f10x_md.o(.text)
    RTC_IRQHandler                           0x080001e3   Thumb Code     0  startup_stm32f10x_md.o(.text)
    SPI1_IRQHandler                          0x080001e3   Thumb Code     0  startup_stm32f10x_md.o(.text)
    SPI2_IRQHandler                          0x080001e3   Thumb Code     0  startup_stm32f10x_md.o(.text)
    TAMPER_IRQHandler                        0x080001e3   Thumb Code     0  startup_stm32f10x_md.o(.text)
    TIM1_BRK_IRQHandler                      0x080001e3   Thumb Code     0  startup_stm32f10x_md.o(.text)
    TIM1_CC_IRQHandler                       0x080001e3   Thumb Code     0  startup_stm32f10x_md.o(.text)
    TIM1_TRG_COM_IRQHandler                  0x080001e3   Thumb Code     0  startup_stm32f10x_md.o(.text)
    TIM1_UP_IRQHandler                       0x080001e3   Thumb Code     0  startup_stm32f10x_md.o(.text)
    TIM2_IRQHandler                          0x080001e3   Thumb Code     0  startup_stm32f10x_md.o(.text)
    TIM3_IRQHandler                          0x080001e3   Thumb Code     0  startup_stm32f10x_md.o(.text)
    TIM4_IRQHandler                          0x080001e3   Thumb Code     0  startup_stm32f10x_md.o(.text)
    USART2_IRQHandler                        0x080001e3   Thumb Code     0  startup_stm32f10x_md.o(.text)
    USART3_IRQHandler                        0x080001e3   Thumb Code     0  startup_stm32f10x_md.o(.text)
    USB_HP_CAN1_TX_IRQHandler                0x080001e3   Thumb Code     0  startup_stm32f10x_md.o(.text)
    WWDG_IRQHandler                          0x080001e3   Thumb Code     0  startup_stm32f10x_md.o(.text)
    __user_initial_stackheap                 0x080001e5   Thumb Code     0  startup_stm32f10x_md.o(.text)
    __use_no_semihosting                     0x08000209   Thumb Code     2  use_no_semi_2.o(.text)
    __use_two_region_memory                  0x0800020b   Thumb Code     2  heapauxi.o(.text)
    __rt_heap_escrow$2region                 0x0800020d   Thumb Code     2  heapauxi.o(.text)
    __rt_heap_expand$2region                 0x0800020f   Thumb Code     2  heapauxi.o(.text)
    __I$use$semihosting                      0x08000211   Thumb Code     0  use_no_semi.o(.text)
    __use_no_semihosting_swi                 0x08000211   Thumb Code     2  use_no_semi.o(.text)
    __user_setup_stackheap                   0x08000213   Thumb Code    74  sys_stackheap_outer.o(.text)
    exit                                     0x0800025d   Thumb Code    12  exit.o(.text)
    __user_libspace                          0x08000269   Thumb Code     8  libspace.o(.text)
    __user_perproc_libspace                  0x08000269   Thumb Code     0  libspace.o(.text)
    __user_perthread_libspace                0x08000269   Thumb Code     0  libspace.o(.text)
    BusFault_Handler                         0x08000271   Thumb Code     4  stm32f10x_it.o(i.BusFault_Handler)
    ByteSwap                                 0x08000275   Thumb Code    12  usb_regs.o(i.ByteSwap)
    CTR_LP                                   0x08000281   Thumb Code   616  usb_int.o(i.CTR_LP)
    ClearDTOG_RX                             0x08000509   Thumb Code    48  usb_regs.o(i.ClearDTOG_RX)
    ClearDTOG_TX                             0x0800053d   Thumb Code    48  usb_regs.o(i.ClearDTOG_TX)
    Clear_Status_Out                         0x08000571   Thumb Code    34  usb_regs.o(i.Clear_Status_Out)
    DebugMon_Handler                         0x080009ad   Thumb Code     2  stm32f10x_it.o(i.DebugMon_Handler)
    Display_Point                            0x080009af   Thumb Code    24  lcd.o(i.Display_Point)
    EP1_IN_Callback                          0x080009c9   Thumb Code   138  usb_endp.o(i.EP1_IN_Callback)
    EP3_OUT_Callback                         0x08000a59   Thumb Code    28  usb_endp.o(i.EP3_OUT_Callback)
    EXTI_ClearITPendingBit                   0x08000a79   Thumb Code     6  stm32f10x_exti.o(i.EXTI_ClearITPendingBit)
    EXTI_Init                                0x08000a85   Thumb Code   142  stm32f10x_exti.o(i.EXTI_Init)
    Enter_LowPowerMode                       0x08000b19   Thumb Code     8  hw_config.o(i.Enter_LowPowerMode)
    GPIO_Init                                0x08000b25   Thumb Code   278  stm32f10x_gpio.o(i.GPIO_Init)
    GPIO_PinRemapConfig                      0x08000c3d   Thumb Code   138  stm32f10x_gpio.o(i.GPIO_PinRemapConfig)
    GPIO_ResetBits                           0x08000ccd   Thumb Code     4  stm32f10x_gpio.o(i.GPIO_ResetBits)
    GPIO_SetBits                             0x08000cd1   Thumb Code     4  stm32f10x_gpio.o(i.GPIO_SetBits)
    GetEPRxAddr                              0x08000cd5   Thumb Code    24  usb_regs.o(i.GetEPRxAddr)
    GetEPRxCount                             0x08000cf5   Thumb Code    26  usb_regs.o(i.GetEPRxCount)
    GetEPTxAddr                              0x08000d19   Thumb Code    22  usb_regs.o(i.GetEPTxAddr)
    Get_SerialNum                            0x08000d39   Thumb Code    42  hw_config.o(i.Get_SerialNum)
    HardFault_Handler                        0x08000d6d   Thumb Code     4  stm32f10x_it.o(i.HardFault_Handler)
    In0_Process                              0x08000d71   Thumb Code    98  usb_core.o(i.In0_Process)
    IntToUnicode                             0x08000de1   Thumb Code    62  hw_config.o(i.IntToUnicode)
    LCD_DrawLine                             0x08000e1f   Thumb Code   172  lcd.o(i.LCD_DrawLine)
    LCD_DrawRectangle                        0x08000ecb   Thumb Code    74  lcd.o(i.LCD_DrawRectangle)
    LCD_Draw_Circle                          0x08000f15   Thumb Code   170  lcd.o(i.LCD_Draw_Circle)
    LCD_ShowChar                             0x08000fc1   Thumb Code   304  lcd.o(i.LCD_ShowChar)
    LCD_ShowStr                              0x080010fd   Thumb Code    80  lcd.o(i.LCD_ShowStr)
    LCD_Write_uint16                         0x0800114d   Thumb Code    20  lcd.o(i.LCD_Write_uint16)
    LCD_write_8bit_dat                       0x08001161   Thumb Code    30  lcdgpio.o(i.LCD_write_8bit_dat)
    Leave_LowPowerMode                       0x08001185   Thumb Code    22  hw_config.o(i.Leave_LowPowerMode)
    MCUGPIO_Init                             0x080011a5   Thumb Code    78  lcdgpio.o(i.MCUGPIO_Init)
    MemManage_Handler                        0x08001201   Thumb Code     4  stm32f10x_it.o(i.MemManage_Handler)
    NMI_Handler                              0x08001205   Thumb Code     2  stm32f10x_it.o(i.NMI_Handler)
    NOP_Process                              0x08001207   Thumb Code     2  usb_core.o(i.NOP_Process)
    NVIC_Init                                0x08001209   Thumb Code   100  misc.o(i.NVIC_Init)
    NVIC_PriorityGroupConfig                 0x08001279   Thumb Code    10  misc.o(i.NVIC_PriorityGroupConfig)
    Out0_Process                             0x080013c5   Thumb Code    70  usb_core.o(i.Out0_Process)
    PMAToUserBufferCopy                      0x08001415   Thumb Code    34  usb_mem.o(i.PMAToUserBufferCopy)
    PendSV_Handler                           0x0800143d   Thumb Code     2  stm32f10x_it.o(i.PendSV_Handler)
    Post0_Process                            0x08001441   Thumb Code    54  usb_core.o(i.Post0_Process)
    PowerOn                                  0x08001489   Thumb Code    54  usb_pwr.o(i.PowerOn)
    RCC_APB1PeriphClockCmd                   0x080014c9   Thumb Code    26  stm32f10x_rcc.o(i.RCC_APB1PeriphClockCmd)
    RCC_APB2PeriphClockCmd                   0x080014e9   Thumb Code    26  stm32f10x_rcc.o(i.RCC_APB2PeriphClockCmd)
    RCC_USBCLKConfig                         0x08001509   Thumb Code     6  stm32f10x_rcc.o(i.RCC_USBCLKConfig)
    Resume                                   0x08001515   Thumb Code   194  usb_pwr.o(i.Resume)
    Resume_Init                              0x080015e5   Thumb Code    30  usb_pwr.o(i.Resume_Init)
    SOF_Callback                             0x08001609   Thumb Code    38  usb_endp.o(i.SOF_Callback)
    SVC_Handler                              0x08001639   Thumb Code     2  stm32f10x_it.o(i.SVC_Handler)
    SetBTABLE                                0x0800163d   Thumb Code    12  usb_regs.o(i.SetBTABLE)
    SetDeviceAddress                         0x0800164d   Thumb Code    68  usb_core.o(i.SetDeviceAddress)
    SetEPRxAddr                              0x0800169d   Thumb Code    26  usb_regs.o(i.SetEPRxAddr)
    SetEPRxCount                             0x080016c1   Thumb Code    68  usb_regs.o(i.SetEPRxCount)
    SetEPRxStatus                            0x0800170d   Thumb Code    60  usb_regs.o(i.SetEPRxStatus)
    SetEPRxValid                             0x0800174d   Thumb Code    48  usb_regs.o(i.SetEPRxValid)
    SetEPTxAddr                              0x08001781   Thumb Code    24  usb_regs.o(i.SetEPTxAddr)
    SetEPTxCount                             0x080017a1   Thumb Code    20  usb_regs.o(i.SetEPTxCount)
    SetEPTxStatus                            0x080017bd   Thumb Code    60  usb_regs.o(i.SetEPTxStatus)
    SetEPTxValid                             0x080017fd   Thumb Code    48  usb_regs.o(i.SetEPTxValid)
    SetEPType                                0x08001831   Thumb Code    32  usb_regs.o(i.SetEPType)
    Set_Position                             0x0800193d   Thumb Code    44  lcd.o(i.Set_Position)
    Set_USBClock                             0x08001969   Thumb Code    18  hw_config.o(i.Set_USBClock)
    Set_show_windows                         0x0800197b   Thumb Code    52  lcd.o(i.Set_show_windows)
    Setup0_Process                           0x080019b1   Thumb Code   170  usb_core.o(i.Setup0_Process)
    Standard_ClearFeature                    0x08001a69   Thumb Code   342  usb_core.o(i.Standard_ClearFeature)
    Standard_GetConfiguration                0x08001bd5   Thumb Code    34  usb_core.o(i.Standard_GetConfiguration)
    Standard_GetDescriptorData               0x08001c01   Thumb Code    32  usb_core.o(i.Standard_GetDescriptorData)
    Standard_GetInterface                    0x08001c25   Thumb Code    34  usb_core.o(i.Standard_GetInterface)
    Standard_GetStatus                       0x08001c51   Thumb Code   238  usb_core.o(i.Standard_GetStatus)
    Standard_SetConfiguration                0x08001d51   Thumb Code    60  usb_core.o(i.Standard_SetConfiguration)
    Standard_SetDeviceFeature                0x08001d99   Thumb Code    30  usb_core.o(i.Standard_SetDeviceFeature)
    Standard_SetEndPointFeature              0x08001dc1   Thumb Code   192  usb_core.o(i.Standard_SetEndPointFeature)
    Standard_SetInterface                    0x08001e91   Thumb Code    96  usb_core.o(i.Standard_SetInterface)
    Suspend                                  0x08001efd   Thumb Code   142  usb_pwr.o(i.Suspend)
    SysTick_CLKSourceConfig                  0x08001f99   Thumb Code    40  misc.o(i.SysTick_CLKSourceConfig)
    SysTick_Handler                          0x08001fc1   Thumb Code     2  stm32f10x_it.o(i.SysTick_Handler)
    SystemInit                               0x08001fc5   Thumb Code    78  system_stm32f10x.o(i.SystemInit)
    TSF8H_clr                                0x08002025   Thumb Code    40  lcd.o(i.TSF8H_clr)
    TSF8H_init                               0x0800204d   Thumb Code   290  lcd.o(i.TSF8H_init)
    TSF8H_set_contrast                       0x08002175   Thumb Code    18  lcd.o(i.TSF8H_set_contrast)
    TSF8H_wcmd                               0x08002189   Thumb Code    56  lcd.o(i.TSF8H_wcmd)
    TSF8H_wdat                               0x080021c9   Thumb Code    56  lcd.o(i.TSF8H_wdat)
    USART1_IRQHandler                        0x08002209   Thumb Code   122  usart.o(i.USART1_IRQHandler)
    USART_Config                             0x08002291   Thumb Code    20  hw_config.o(i.USART_Config)
    USART_GetITStatus                        0x080022ad   Thumb Code    84  stm32f10x_usart.o(i.USART_GetITStatus)
    USART_ReceiveData                        0x08002301   Thumb Code    10  stm32f10x_usart.o(i.USART_ReceiveData)
    USBWakeUp_IRQHandler                     0x0800230b   Thumb Code    12  hw_config.o(i.USBWakeUp_IRQHandler)
    USB_Cable_Config                         0x08002317   Thumb Code     2  hw_config.o(i.USB_Cable_Config)
    USB_Init                                 0x08002319   Thumb Code    36  usb_init.o(i.USB_Init)
    USB_Interrupts_Config                    0x08002355   Thumb Code    84  hw_config.o(i.USB_Interrupts_Config)
    USB_Istr                                 0x080023a9   Thumb Code   426  usb_istr.o(i.USB_Istr)
    USB_LP_CAN1_RX0_IRQHandler               0x08002579   Thumb Code     8  hw_config.o(i.USB_LP_CAN1_RX0_IRQHandler)
    USB_Port_Set                             0x08002581   Thumb Code    74  hw_config.o(i.USB_Port_Set)
    USB_SIL_Init                             0x080025d9   Thumb Code    28  usb_sil.o(i.USB_SIL_Init)
    USB_SIL_Read                             0x080025fd   Thumb Code    46  usb_sil.o(i.USB_SIL_Read)
    USB_To_USART_Send_Data                   0x0800262d   Thumb Code   120  hw_config.o(i.USB_To_USART_Send_Data)
    USB_USART_SendData                       0x080026ad   Thumb Code    42  hw_config.o(i.USB_USART_SendData)
    UsageFault_Handler                       0x080026dd   Thumb Code     4  stm32f10x_it.o(i.UsageFault_Handler)
    UserToPMABufferCopy                      0x080026e1   Thumb Code    52  usb_mem.o(i.UserToPMABufferCopy)
    Virtual_Com_Port_Data_Setup              0x08002719   Thumb Code    82  usb_prop.o(i.Virtual_Com_Port_Data_Setup)
    Virtual_Com_Port_GetConfigDescriptor     0x0800277d   Thumb Code    14  usb_prop.o(i.Virtual_Com_Port_GetConfigDescriptor)
    Virtual_Com_Port_GetDeviceDescriptor     0x08002791   Thumb Code    14  usb_prop.o(i.Virtual_Com_Port_GetDeviceDescriptor)
    Virtual_Com_Port_GetLineCoding           0x080027a5   Thumb Code    20  usb_prop.o(i.Virtual_Com_Port_GetLineCoding)
    Virtual_Com_Port_GetStringDescriptor     0x080027c1   Thumb Code    32  usb_prop.o(i.Virtual_Com_Port_GetStringDescriptor)
    Virtual_Com_Port_Get_Interface_Setting   0x080027e9   Thumb Code    22  usb_prop.o(i.Virtual_Com_Port_Get_Interface_Setting)
    Virtual_Com_Port_NoData_Setup            0x08002801   Thumb Code    36  usb_prop.o(i.Virtual_Com_Port_NoData_Setup)
    Virtual_Com_Port_Reset                   0x08002829   Thumb Code   216  usb_prop.o(i.Virtual_Com_Port_Reset)
    Virtual_Com_Port_SetConfiguration        0x08002911   Thumb Code    14  usb_prop.o(i.Virtual_Com_Port_SetConfiguration)
    Virtual_Com_Port_SetDeviceAddress        0x08002929   Thumb Code     8  usb_prop.o(i.Virtual_Com_Port_SetDeviceAddress)
    Virtual_Com_Port_SetLineCoding           0x08002935   Thumb Code    20  usb_prop.o(i.Virtual_Com_Port_SetLineCoding)
    Virtual_Com_Port_Status_In               0x08002951   Thumb Code    22  usb_prop.o(i.Virtual_Com_Port_Status_In)
    Virtual_Com_Port_Status_Out              0x0800296d   Thumb Code     2  usb_prop.o(i.Virtual_Com_Port_Status_Out)
    Virtual_Com_Port_init                    0x08002971   Thumb Code    30  usb_prop.o(i.Virtual_Com_Port_init)
    _sys_exit                                0x08002999   Thumb Code     6  usart.o(i._sys_exit)
    delay_init                               0x080029a1   Thumb Code    50  delay.o(i.delay_init)
    delay_ms                                 0x080029e5   Thumb Code    72  delay.o(i.delay_ms)
    main                                     0x08002a31   Thumb Code   268  main.o(i.main)
    quickly_dat                              0x08002b81   Thumb Code    60  lcd.o(i.quickly_dat)
    asc2_1206                                0x08002bc0   Data        1140  lcd.o(.constdata)
    asc2_1608                                0x08003034   Data        1520  lcd.o(.constdata)
    asc2_2412                                0x08003624   Data        3420  lcd.o(.constdata)
    Virtual_Com_Port_DeviceDescriptor        0x08004380   Data          18  usb_desc.o(.constdata)
    Virtual_Com_Port_ConfigDescriptor        0x08004392   Data          67  usb_desc.o(.constdata)
    Virtual_Com_Port_StringLangID            0x080043d5   Data           4  usb_desc.o(.constdata)
    Virtual_Com_Port_StringVendor            0x080043d9   Data          38  usb_desc.o(.constdata)
    Virtual_Com_Port_StringProduct           0x080043ff   Data          50  usb_desc.o(.constdata)
    Region$$Table$$Base                      0x08004434   Number         0  anon$$obj.o(Region$$Table)
    Region$$Table$$Limit                     0x08004454   Number         0  anon$$obj.o(Region$$Table)
    SystemCoreClock                          0x20000000   Data           4  system_stm32f10x.o(.data)
    AHBPrescTable                            0x20000004   Data          16  system_stm32f10x.o(.data)
    __stdout                                 0x20000018   Data           4  usart.o(.data)
    USART_RX_STA                             0x2000001c   Data           2  usart.o(.data)
    StatusInfo                               0x2000001e   Data           2  usb_core.o(.data)
    Data_Mul_MaxPacketSize                   0x20000020   Data           1  usb_core.o(.data)
    EPindex                                  0x20000024   Data           1  usb_init.o(.data)
    pInformation                             0x20000028   Data           4  usb_init.o(.data)
    pProperty                                0x2000002c   Data           4  usb_init.o(.data)
    SaveState                                0x20000030   Data           2  usb_init.o(.data)
    wInterrupt_Mask                          0x20000032   Data           2  usb_init.o(.data)
    pUser_Standard_Requests                  0x20000034   Data           4  usb_init.o(.data)
    SaveRState                               0x20000038   Data           2  usb_int.o(.data)
    SaveTState                               0x2000003a   Data           2  usb_int.o(.data)
    USB_USART_RX_STA                         0x2000003c   Data           2  hw_config.o(.data)
    Virtual_Com_Port_StringSerial            0x2000003e   Data          26  usb_desc.o(.data)
    wIstr                                    0x2000005c   Data           2  usb_istr.o(.data)
    bIntPackSOF                              0x2000005e   Data           1  usb_istr.o(.data)
    esof_counter                             0x20000060   Data           4  usb_istr.o(.data)
    wCNTR                                    0x20000064   Data           4  usb_istr.o(.data)
    pEpInt_IN                                0x20000068   Data          28  usb_istr.o(.data)
    pEpInt_OUT                               0x20000084   Data          28  usb_istr.o(.data)
    Request                                  0x200000a0   Data           1  usb_prop.o(.data)
    linecoding                               0x200000a4   Data           8  usb_prop.o(.data)
    Device_Table                             0x200000ac   Data           2  usb_prop.o(.data)
    Device_Property                          0x200000b0   Data          48  usb_prop.o(.data)
    User_Standard_Requests                   0x200000e0   Data          36  usb_prop.o(.data)
    Device_Descriptor                        0x20000104   Data           8  usb_prop.o(.data)
    Config_Descriptor                        0x2000010c   Data           8  usb_prop.o(.data)
    String_Descriptor                        0x20000114   Data          32  usb_prop.o(.data)
    bDeviceState                             0x20000134   Data           4  usb_pwr.o(.data)
    fSuspendEnabled                          0x20000138   Data           1  usb_pwr.o(.data)
    ResumeS                                  0x20000139   Data           2  usb_pwr.o(.data)
    remotewakeupon                           0x2000013c   Data           4  usb_pwr.o(.data)
    USART_RX_BUF                             0x20000140   Data         200  usart.o(.bss)
    Device_Info                              0x20000208   Data          28  usb_init.o(.bss)
    uu_txfifo                                0x20000224   Data        1028  hw_config.o(.bss)
    USART_PRINTF_Buffer                      0x20000628   Data         200  hw_config.o(.bss)
    USB_USART_RX_BUF                         0x200006f0   Data         200  hw_config.o(.bss)
    USB_Rx_Buffer                            0x200007b8   Data          64  usb_endp.o(.bss)
    EP                                       0x200007f8   Data          32  usb_pwr.o(.bss)
    __libspace_start                         0x20000818   Data          96  libspace.o(.bss)
    __temporary_stack_top$libspace           0x20000878   Data           0  libspace.o(.bss)



==============================================================================

Memory Map of the image

  Image Entry point : 0x080000ed

  Load Region LR_IROM1 (Base: 0x08000000, Size: 0x00004594, Max: 0x00010000, ABSOLUTE, COMPRESSED[0x000044dc])

    Execution Region ER_IROM1 (Base: 0x08000000, Size: 0x00004454, Max: 0x00010000, ABSOLUTE)

    Base Addr    Size         Type   Attr      Idx    E Section Name        Object

    0x08000000   0x000000ec   Data   RO          612    RESET               startup_stm32f10x_md.o
    0x080000ec   0x00000008   Code   RO         2335  * !!!main             c_w.l(__main.o)
    0x080000f4   0x00000034   Code   RO         2646    !!!scatter          c_w.l(__scatter.o)
    0x08000128   0x0000005a   Code   RO         2644    !!dczerorl2         c_w.l(__dczerorl2.o)
    0x08000182   0x00000002   PAD
    0x08000184   0x0000001c   Code   RO         2648    !!handler_zi        c_w.l(__scatter_zi.o)
    0x080001a0   0x00000002   Code   RO         2509    .ARM.Collect$$libinit$$00000000  c_w.l(libinit.o)
    0x080001a2   0x00000000   Code   RO         2526    .ARM.Collect$$libinit$$00000002  c_w.l(libinit2.o)
    0x080001a2   0x00000000   Code   RO         2528    .ARM.Collect$$libinit$$00000004  c_w.l(libinit2.o)
    0x080001a2   0x00000000   Code   RO         2531    .ARM.Collect$$libinit$$0000000A  c_w.l(libinit2.o)
    0x080001a2   0x00000000   Code   RO         2533    .ARM.Collect$$libinit$$0000000C  c_w.l(libinit2.o)
    0x080001a2   0x00000000   Code   RO         2535    .ARM.Collect$$libinit$$0000000E  c_w.l(libinit2.o)
    0x080001a2   0x00000000   Code   RO         2538    .ARM.Collect$$libinit$$00000011  c_w.l(libinit2.o)
    0x080001a2   0x00000000   Code   RO         2540    .ARM.Collect$$libinit$$00000013  c_w.l(libinit2.o)
    0x080001a2   0x00000000   Code   RO         2542    .ARM.Collect$$libinit$$00000015  c_w.l(libinit2.o)
    0x080001a2   0x00000000   Code   RO         2544    .ARM.Collect$$libinit$$00000017  c_w.l(libinit2.o)
    0x080001a2   0x00000000   Code   RO         2546    .ARM.Collect$$libinit$$00000019  c_w.l(libinit2.o)
    0x080001a2   0x00000000   Code   RO         2548    .ARM.Collect$$libinit$$0000001B  c_w.l(libinit2.o)
    0x080001a2   0x00000000   Code   RO         2550    .ARM.Collect$$libinit$$0000001D  c_w.l(libinit2.o)
    0x080001a2   0x00000000   Code   RO         2552    .ARM.Collect$$libinit$$0000001F  c_w.l(libinit2.o)
    0x080001a2   0x00000000   Code   RO         2554    .ARM.Collect$$libinit$$00000021  c_w.l(libinit2.o)
    0x080001a2   0x00000000   Code   RO         2556    .ARM.Collect$$libinit$$00000023  c_w.l(libinit2.o)
    0x080001a2   0x00000000   Code   RO         2558    .ARM.Collect$$libinit$$00000025  c_w.l(libinit2.o)
    0x080001a2   0x00000000   Code   RO         2562    .ARM.Collect$$libinit$$0000002C  c_w.l(libinit2.o)
    0x080001a2   0x00000000   Code   RO         2564    .ARM.Collect$$libinit$$0000002E  c_w.l(libinit2.o)
    0x080001a2   0x00000000   Code   RO         2566    .ARM.Collect$$libinit$$00000030  c_w.l(libinit2.o)
    0x080001a2   0x00000000   Code   RO         2568    .ARM.Collect$$libinit$$00000032  c_w.l(libinit2.o)
    0x080001a2   0x00000002   Code   RO         2569    .ARM.Collect$$libinit$$00000033  c_w.l(libinit2.o)
    0x080001a4   0x00000002   Code   RO         2587    .ARM.Collect$$libshutdown$$00000000  c_w.l(libshutdown.o)
    0x080001a6   0x00000000   Code   RO         2598    .ARM.Collect$$libshutdown$$00000003  c_w.l(libshutdown2.o)
    0x080001a6   0x00000000   Code   RO         2601    .ARM.Collect$$libshutdown$$00000006  c_w.l(libshutdown2.o)
    0x080001a6   0x00000000   Code   RO         2604    .ARM.Collect$$libshutdown$$00000009  c_w.l(libshutdown2.o)
    0x080001a6   0x00000000   Code   RO         2606    .ARM.Collect$$libshutdown$$0000000B  c_w.l(libshutdown2.o)
    0x080001a6   0x00000000   Code   RO         2609    .ARM.Collect$$libshutdown$$0000000E  c_w.l(libshutdown2.o)
    0x080001a6   0x00000002   Code   RO         2610    .ARM.Collect$$libshutdown$$0000000F  c_w.l(libshutdown2.o)
    0x080001a8   0x00000000   Code   RO         2339    .ARM.Collect$$rtentry$$00000000  c_w.l(__rtentry.o)
    0x080001a8   0x00000000   Code   RO         2434    .ARM.Collect$$rtentry$$00000002  c_w.l(__rtentry2.o)
    0x080001a8   0x00000006   Code   RO         2446    .ARM.Collect$$rtentry$$00000004  c_w.l(__rtentry4.o)
    0x080001ae   0x00000000   Code   RO         2436    .ARM.Collect$$rtentry$$00000009  c_w.l(__rtentry2.o)
    0x080001ae   0x00000004   Code   RO         2437    .ARM.Collect$$rtentry$$0000000A  c_w.l(__rtentry2.o)
    0x080001b2   0x00000000   Code   RO         2439    .ARM.Collect$$rtentry$$0000000C  c_w.l(__rtentry2.o)
    0x080001b2   0x00000008   Code   RO         2440    .ARM.Collect$$rtentry$$0000000D  c_w.l(__rtentry2.o)
    0x080001ba   0x00000002   Code   RO         2518    .ARM.Collect$$rtexit$$00000000  c_w.l(rtexit.o)
    0x080001bc   0x00000000   Code   RO         2571    .ARM.Collect$$rtexit$$00000002  c_w.l(rtexit2.o)
    0x080001bc   0x00000004   Code   RO         2572    .ARM.Collect$$rtexit$$00000003  c_w.l(rtexit2.o)
    0x080001c0   0x00000006   Code   RO         2573    .ARM.Collect$$rtexit$$00000004  c_w.l(rtexit2.o)
    0x080001c6   0x00000002   PAD
    0x080001c8   0x00000040   Code   RO          613    .text               startup_stm32f10x_md.o
    0x08000208   0x00000002   Code   RO         2327    .text               c_w.l(use_no_semi_2.o)
    0x0800020a   0x00000006   Code   RO         2333    .text               c_w.l(heapauxi.o)
    0x08000210   0x00000002   Code   RO         2337    .text               c_w.l(use_no_semi.o)
    0x08000212   0x0000004a   Code   RO         2463    .text               c_w.l(sys_stackheap_outer.o)
    0x0800025c   0x0000000c   Code   RO         2502    .text               c_w.l(exit.o)
    0x08000268   0x00000008   Code   RO         2515    .text               c_w.l(libspace.o)
    0x08000270   0x00000004   Code   RO          165    i.BusFault_Handler  stm32f10x_it.o
    0x08000274   0x0000000c   Code   RO         1616    i.ByteSwap          usb_regs.o
    0x08000280   0x00000288   Code   RO         1569    i.CTR_LP            usb_int.o
    0x08000508   0x00000034   Code   RO         1617    i.ClearDTOG_RX      usb_regs.o
    0x0800053c   0x00000034   Code   RO         1618    i.ClearDTOG_TX      usb_regs.o
    0x08000570   0x00000028   Code   RO         1623    i.Clear_Status_Out  usb_regs.o
    0x08000598   0x000000c0   Code   RO         1423    i.DataStageIn       usb_core.o
    0x08000658   0x000000bc   Code   RO         1424    i.DataStageOut      usb_core.o
    0x08000714   0x00000298   Code   RO         1425    i.Data_Setup0       usb_core.o
    0x080009ac   0x00000002   Code   RO          166    i.DebugMon_Handler  stm32f10x_it.o
    0x080009ae   0x00000018   Code   RO          289    i.Display_Point     lcd.o
    0x080009c6   0x00000002   PAD
    0x080009c8   0x00000090   Code   RO         2135    i.EP1_IN_Callback   usb_endp.o
    0x08000a58   0x00000020   Code   RO         2136    i.EP3_OUT_Callback  usb_endp.o
    0x08000a78   0x0000000c   Code   RO         1148    i.EXTI_ClearITPendingBit  stm32f10x_exti.o
    0x08000a84   0x00000094   Code   RO         1153    i.EXTI_Init         stm32f10x_exti.o
    0x08000b18   0x0000000c   Code   RO         2000    i.Enter_LowPowerMode  hw_config.o
    0x08000b24   0x00000116   Code   RO          623    i.GPIO_Init         stm32f10x_gpio.o
    0x08000c3a   0x00000002   PAD
    0x08000c3c   0x00000090   Code   RO          625    i.GPIO_PinRemapConfig  stm32f10x_gpio.o
    0x08000ccc   0x00000004   Code   RO          630    i.GPIO_ResetBits    stm32f10x_gpio.o
    0x08000cd0   0x00000004   Code   RO          631    i.GPIO_SetBits      stm32f10x_gpio.o
    0x08000cd4   0x00000020   Code   RO         1635    i.GetEPRxAddr       usb_regs.o
    0x08000cf4   0x00000024   Code   RO         1636    i.GetEPRxCount      usb_regs.o
    0x08000d18   0x00000020   Code   RO         1638    i.GetEPTxAddr       usb_regs.o
    0x08000d38   0x00000034   Code   RO         2001    i.Get_SerialNum     hw_config.o
    0x08000d6c   0x00000004   Code   RO          167    i.HardFault_Handler  stm32f10x_it.o
    0x08000d70   0x00000070   Code   RO         1426    i.In0_Process       usb_core.o
    0x08000de0   0x0000003e   Code   RO         2002    i.IntToUnicode      hw_config.o
    0x08000e1e   0x000000ac   Code   RO          294    i.LCD_DrawLine      lcd.o
    0x08000eca   0x0000004a   Code   RO          295    i.LCD_DrawRectangle  lcd.o
    0x08000f14   0x000000aa   Code   RO          296    i.LCD_Draw_Circle   lcd.o
    0x08000fbe   0x00000002   PAD
    0x08000fc0   0x0000013c   Code   RO          298    i.LCD_ShowChar      lcd.o
    0x080010fc   0x00000050   Code   RO          300    i.LCD_ShowStr       lcd.o
    0x0800114c   0x00000014   Code   RO          302    i.LCD_Write_uint16  lcd.o
    0x08001160   0x00000024   Code   RO          444    i.LCD_write_8bit_dat  lcdgpio.o
    0x08001184   0x00000020   Code   RO         2003    i.Leave_LowPowerMode  hw_config.o
    0x080011a4   0x0000005c   Code   RO          445    i.MCUGPIO_Init      lcdgpio.o
    0x08001200   0x00000004   Code   RO          168    i.MemManage_Handler  stm32f10x_it.o
    0x08001204   0x00000002   Code   RO          169    i.NMI_Handler       stm32f10x_it.o
    0x08001206   0x00000002   Code   RO         1427    i.NOP_Process       usb_core.o
    0x08001208   0x00000070   Code   RO         1111    i.NVIC_Init         misc.o
    0x08001278   0x00000014   Code   RO         1112    i.NVIC_PriorityGroupConfig  misc.o
    0x0800128c   0x00000138   Code   RO         1428    i.NoData_Setup0     usb_core.o
    0x080013c4   0x00000050   Code   RO         1429    i.Out0_Process      usb_core.o
    0x08001414   0x00000028   Code   RO         1598    i.PMAToUserBufferCopy  usb_mem.o
    0x0800143c   0x00000002   Code   RO          170    i.PendSV_Handler    stm32f10x_it.o
    0x0800143e   0x00000002   PAD
    0x08001440   0x00000048   Code   RO         1430    i.Post0_Process     usb_core.o
    0x08001488   0x00000040   Code   RO         2283    i.PowerOn           usb_pwr.o
    0x080014c8   0x00000020   Code   RO          733    i.RCC_APB1PeriphClockCmd  stm32f10x_rcc.o
    0x080014e8   0x00000020   Code   RO          735    i.RCC_APB2PeriphClockCmd  stm32f10x_rcc.o
    0x08001508   0x0000000c   Code   RO          761    i.RCC_USBCLKConfig  stm32f10x_rcc.o
    0x08001514   0x000000d0   Code   RO         2284    i.Resume            usb_pwr.o
    0x080015e4   0x00000024   Code   RO         2285    i.Resume_Init       usb_pwr.o
    0x08001608   0x00000030   Code   RO         2137    i.SOF_Callback      usb_endp.o
    0x08001638   0x00000002   Code   RO          171    i.SVC_Handler       stm32f10x_it.o
    0x0800163a   0x00000002   PAD
    0x0800163c   0x00000010   Code   RO         1646    i.SetBTABLE         usb_regs.o
    0x0800164c   0x00000050   Code   RO         1431    i.SetDeviceAddress  usb_core.o
    0x0800169c   0x00000024   Code   RO         1660    i.SetEPRxAddr       usb_regs.o
    0x080016c0   0x0000004c   Code   RO         1661    i.SetEPRxCount      usb_regs.o
    0x0800170c   0x00000040   Code   RO         1662    i.SetEPRxStatus     usb_regs.o
    0x0800174c   0x00000034   Code   RO         1663    i.SetEPRxValid      usb_regs.o
    0x08001780   0x00000020   Code   RO         1664    i.SetEPTxAddr       usb_regs.o
    0x080017a0   0x0000001c   Code   RO         1665    i.SetEPTxCount      usb_regs.o
    0x080017bc   0x00000040   Code   RO         1666    i.SetEPTxStatus     usb_regs.o
    0x080017fc   0x00000034   Code   RO         1667    i.SetEPTxValid      usb_regs.o
    0x08001830   0x00000024   Code   RO         1668    i.SetEPType         usb_regs.o
    0x08001854   0x00000008   Code   RO          254    i.SetSysClock       system_stm32f10x.o
    0x0800185c   0x000000e0   Code   RO          255    i.SetSysClockTo72   system_stm32f10x.o
    0x0800193c   0x0000002c   Code   RO          304    i.Set_Position      lcd.o
    0x08001968   0x00000012   Code   RO         2004    i.Set_USBClock      hw_config.o
    0x0800197a   0x00000034   Code   RO          305    i.Set_show_windows  lcd.o
    0x080019ae   0x00000002   PAD
    0x080019b0   0x000000b8   Code   RO         1432    i.Setup0_Process    usb_core.o
    0x08001a68   0x0000016c   Code   RO         1433    i.Standard_ClearFeature  usb_core.o
    0x08001bd4   0x0000002c   Code   RO         1434    i.Standard_GetConfiguration  usb_core.o
    0x08001c00   0x00000024   Code   RO         1435    i.Standard_GetDescriptorData  usb_core.o
    0x08001c24   0x0000002c   Code   RO         1436    i.Standard_GetInterface  usb_core.o
    0x08001c50   0x00000100   Code   RO         1437    i.Standard_GetStatus  usb_core.o
    0x08001d50   0x00000048   Code   RO         1438    i.Standard_SetConfiguration  usb_core.o
    0x08001d98   0x00000028   Code   RO         1439    i.Standard_SetDeviceFeature  usb_core.o
    0x08001dc0   0x000000d0   Code   RO         1440    i.Standard_SetEndPointFeature  usb_core.o
    0x08001e90   0x0000006c   Code   RO         1441    i.Standard_SetInterface  usb_core.o
    0x08001efc   0x0000009c   Code   RO         2286    i.Suspend           usb_pwr.o
    0x08001f98   0x00000028   Code   RO         1115    i.SysTick_CLKSourceConfig  misc.o
    0x08001fc0   0x00000002   Code   RO          172    i.SysTick_Handler   stm32f10x_it.o
    0x08001fc2   0x00000002   PAD
    0x08001fc4   0x00000060   Code   RO          257    i.SystemInit        system_stm32f10x.o
    0x08002024   0x00000028   Code   RO          306    i.TSF8H_clr         lcd.o
    0x0800204c   0x00000128   Code   RO          307    i.TSF8H_init        lcd.o
    0x08002174   0x00000012   Code   RO          308    i.TSF8H_set_contrast  lcd.o
    0x08002186   0x00000002   PAD
    0x08002188   0x00000040   Code   RO          309    i.TSF8H_wcmd        lcd.o
    0x080021c8   0x00000040   Code   RO          310    i.TSF8H_wdat        lcd.o
    0x08002208   0x00000088   Code   RO          559    i.USART1_IRQHandler  usart.o
    0x08002290   0x0000001c   Code   RO         2005    i.USART_Config      hw_config.o
    0x080022ac   0x00000054   Code   RO          939    i.USART_GetITStatus  stm32f10x_usart.o
    0x08002300   0x0000000a   Code   RO          949    i.USART_ReceiveData  stm32f10x_usart.o
    0x0800230a   0x0000000c   Code   RO         2006    i.USBWakeUp_IRQHandler  hw_config.o
    0x08002316   0x00000002   Code   RO         2007    i.USB_Cable_Config  hw_config.o
    0x08002318   0x0000003c   Code   RO         1545    i.USB_Init          usb_init.o
    0x08002354   0x00000054   Code   RO         2008    i.USB_Interrupts_Config  hw_config.o
    0x080023a8   0x000001d0   Code   RO         2163    i.USB_Istr          usb_istr.o
    0x08002578   0x00000008   Code   RO         2009    i.USB_LP_CAN1_RX0_IRQHandler  hw_config.o
    0x08002580   0x00000058   Code   RO         2010    i.USB_Port_Set      hw_config.o
    0x080025d8   0x00000024   Code   RO         1976    i.USB_SIL_Init      usb_sil.o
    0x080025fc   0x0000002e   Code   RO         1977    i.USB_SIL_Read      usb_sil.o
    0x0800262a   0x00000002   PAD
    0x0800262c   0x00000080   Code   RO         2011    i.USB_To_USART_Send_Data  hw_config.o
    0x080026ac   0x00000030   Code   RO         2012    i.USB_USART_SendData  hw_config.o
    0x080026dc   0x00000004   Code   RO          173    i.UsageFault_Handler  stm32f10x_it.o
    0x080026e0   0x00000038   Code   RO         1599    i.UserToPMABufferCopy  usb_mem.o
    0x08002718   0x00000064   Code   RO         2181    i.Virtual_Com_Port_Data_Setup  usb_prop.o
    0x0800277c   0x00000014   Code   RO         2182    i.Virtual_Com_Port_GetConfigDescriptor  usb_prop.o
    0x08002790   0x00000014   Code   RO         2183    i.Virtual_Com_Port_GetDeviceDescriptor  usb_prop.o
    0x080027a4   0x0000001c   Code   RO         2184    i.Virtual_Com_Port_GetLineCoding  usb_prop.o
    0x080027c0   0x00000028   Code   RO         2185    i.Virtual_Com_Port_GetStringDescriptor  usb_prop.o
    0x080027e8   0x00000016   Code   RO         2186    i.Virtual_Com_Port_Get_Interface_Setting  usb_prop.o
    0x080027fe   0x00000002   PAD
    0x08002800   0x00000028   Code   RO         2187    i.Virtual_Com_Port_NoData_Setup  usb_prop.o
    0x08002828   0x000000e8   Code   RO         2188    i.Virtual_Com_Port_Reset  usb_prop.o
    0x08002910   0x00000018   Code   RO         2189    i.Virtual_Com_Port_SetConfiguration  usb_prop.o
    0x08002928   0x0000000c   Code   RO         2190    i.Virtual_Com_Port_SetDeviceAddress  usb_prop.o
    0x08002934   0x0000001c   Code   RO         2191    i.Virtual_Com_Port_SetLineCoding  usb_prop.o
    0x08002950   0x0000001c   Code   RO         2192    i.Virtual_Com_Port_Status_In  usb_prop.o
    0x0800296c   0x00000002   Code   RO         2193    i.Virtual_Com_Port_Status_Out  usb_prop.o
    0x0800296e   0x00000002   PAD
    0x08002970   0x00000028   Code   RO         2194    i.Virtual_Com_Port_init  usb_prop.o
    0x08002998   0x00000006   Code   RO          560    i._sys_exit         usart.o
    0x0800299e   0x00000002   PAD
    0x080029a0   0x00000044   Code   RO          504    i.delay_init        delay.o
    0x080029e4   0x0000004c   Code   RO          505    i.delay_ms          delay.o
    0x08002a30   0x00000150   Code   RO            1    i.main              main.o
    0x08002b80   0x00000040   Code   RO          311    i.quickly_dat       lcd.o
    0x08002bc0   0x000017c0   Data   RO          312    .constdata          lcd.o
    0x08004380   0x000000b1   Data   RO         2122    .constdata          usb_desc.o
    0x08004431   0x00000003   PAD
    0x08004434   0x00000020   Data   RO         2642    Region$$Table       anon$$obj.o


    Execution Region RW_IRAM1 (Base: 0x20000000, Size: 0x00000e78, Max: 0x00005000, ABSOLUTE, COMPRESSED[0x00000088])

    Base Addr    Size         Type   Attr      Idx    E Section Name        Object

    0x20000000   0x00000014   Data   RW          258    .data               system_stm32f10x.o
    0x20000014   0x00000004   Data   RW          507    .data               delay.o
    0x20000018   0x00000006   Data   RW          564    .data               usart.o
    0x2000001e   0x00000003   Data   RW         1442    .data               usb_core.o
    0x20000021   0x00000003   PAD
    0x20000024   0x00000014   Data   RW         1547    .data               usb_init.o
    0x20000038   0x00000004   Data   RW         1570    .data               usb_int.o
    0x2000003c   0x00000002   Data   RW         2015    .data               hw_config.o
    0x2000003e   0x0000001a   Data   RW         2123    .data               usb_desc.o
    0x20000058   0x00000004   Data   RW         2139    .data               usb_endp.o
    0x2000005c   0x00000044   Data   RW         2164    .data               usb_istr.o
    0x200000a0   0x00000094   Data   RW         2195    .data               usb_prop.o
    0x20000134   0x0000000c   Data   RW         2288    .data               usb_pwr.o
    0x20000140   0x000000c8   Zero   RW          563    .bss                usart.o
    0x20000208   0x0000001c   Zero   RW         1546    .bss                usb_init.o
    0x20000224   0x00000594   Zero   RW         2014    .bss                hw_config.o
    0x200007b8   0x00000040   Zero   RW         2138    .bss                usb_endp.o
    0x200007f8   0x00000020   Zero   RW         2287    .bss                usb_pwr.o
    0x20000818   0x00000060   Zero   RW         2516    .bss                c_w.l(libspace.o)
    0x20000878   0x00000200   Zero   RW          611    HEAP                startup_stm32f10x_md.o
    0x20000a78   0x00000400   Zero   RW          610    STACK               startup_stm32f10x_md.o


==============================================================================

Image component sizes


      Code (inc. data)   RO Data    RW Data    ZI Data      Debug   Object Name

       144         22          0          4          0       1100   delay.o
       574         60          0          2       1428       8774   hw_config.o
      1498         38       6080          0          0       9909   lcd.o
       128         20          0          0          0        948   lcdgpio.o
       336         68          0          0          0     227627   main.o
       172         22          0          0          0       1937   misc.o
        64         26        236          0       1536        776   startup_stm32f10x_md.o
       160         12          0          0          0       1413   stm32f10x_exti.o
       430          6          0          0          0       3706   stm32f10x_gpio.o
        26          0          0          0          0       3442   stm32f10x_it.o
        76         18          0          0          0       1565   stm32f10x_rcc.o
        94          0          0          0          0       2628   stm32f10x_usart.o
         0          0          0          0          0         32   sys.o
       328         28          0         20          0       1937   system_stm32f10x.o
       142         14          0          6        200       2800   usart.o
      3058        288          0          3          0      14647   usb_core.o
         0          0        177         26          0       1027   usb_desc.o
       224         20          0          4         64       2152   usb_endp.o
        60         24          0         20         28       4082   usb_init.o
       648         32          0          4          0       1716   usb_int.o
       464         38          0         68          0       1543   usb_istr.o
        96         10          0          0          0       1752   usb_mem.o
       636        104          0        148          0      11069   usb_prop.o
       464         52          0         12         32       3428   usb_pwr.o
       712        100          0          0          0       9619   usb_regs.o
        82          8          0          0          0       1434   usb_sil.o

    ----------------------------------------------------------------------
     10640       1010       6528        320       3288     321063   Object Totals
         0          0         32          0          0          0   (incl. Generated)
        24          0          3          3          0          0   (incl. Padding)

    ----------------------------------------------------------------------

      Code (inc. data)   RO Data    RW Data    ZI Data      Debug   Library Member Name

        90          0          0          0          0          0   __dczerorl2.o
         8          0          0          0          0         68   __main.o
         0          0          0          0          0          0   __rtentry.o
        12          0          0          0          0          0   __rtentry2.o
         6          0          0          0          0          0   __rtentry4.o
        52          8          0          0          0          0   __scatter.o
        28          0          0          0          0          0   __scatter_zi.o
        12          0          0          0          0         72   exit.o
         6          0          0          0          0        152   heapauxi.o
         2          0          0          0          0          0   libinit.o
         2          0          0          0          0          0   libinit2.o
         2          0          0          0          0          0   libshutdown.o
         2          0          0          0          0          0   libshutdown2.o
         8          4          0          0         96         68   libspace.o
         2          0          0          0          0          0   rtexit.o
        10          0          0          0          0          0   rtexit2.o
        74          0          0          0          0         80   sys_stackheap_outer.o
         2          0          0          0          0         68   use_no_semi.o
         2          0          0          0          0         68   use_no_semi_2.o

    ----------------------------------------------------------------------
       324         12          0          0         96        576   Library Totals
         4          0          0          0          0          0   (incl. Padding)

    ----------------------------------------------------------------------

      Code (inc. data)   RO Data    RW Data    ZI Data      Debug   Library Name

       320         12          0          0         96        576   c_w.l

    ----------------------------------------------------------------------
       324         12          0          0         96        576   Library Totals

    ----------------------------------------------------------------------

==============================================================================


      Code (inc. data)   RO Data    RW Data    ZI Data      Debug   

     10964       1022       6528        320       3384     315239   Grand Totals
     10964       1022       6528        136       3384     315239   ELF Image Totals (compressed)
     10964       1022       6528        136          0          0   ROM Totals

==============================================================================

    Total RO  Size (Code + RO Data)                17492 (  17.08kB)
    Total RW  Size (RW Data + ZI Data)              3704 (   3.62kB)
    Total ROM Size (Code + RO Data + RW Data)      17628 (  17.21kB)

==============================================================================

