Component: ARM Compiler 5.05 update 1 (build 106) Tool: armlink [4d0efa]

==============================================================================

Section Cross References

    main.o(i.main) refers to delay.o(i.delay_init) for delay_init
    main.o(i.main) refers to misc.o(i.NVIC_PriorityGroupConfig) for NVIC_PriorityGroupConfig
    main.o(i.main) refers to lcdgpio.o(i.MCUGPIO_Init) for MCUGPIO_Init
    main.o(i.main) refers to adc.o(i.Adc_Init) for Adc_Init
    main.o(i.main) refers to delay.o(i.delay_ms) for delay_ms
    main.o(i.main) refers to lcd.o(i.TSF8H_init) for TSF8H_init
    main.o(i.main) refers to io.o(i.Meter_GPIO_Init) for Meter_GPIO_Init
    main.o(i.main) refers to hw_config.o(i.USB_Port_Set) for USB_Port_Set
    main.o(i.main) refers to hw_config.o(i.Set_USBClock) for Set_USBClock
    main.o(i.main) refers to hw_config.o(i.USB_Interrupts_Config) for USB_Interrupts_Config
    main.o(i.main) refers to usb_init.o(i.USB_Init) for USB_Init
    main.o(i.main) refers to hw_config.o(i.USB_USART_SendData) for USB_USART_SendData
    main.o(i.main) refers to lcd.o(i.LCD_ShowStr) for LCD_ShowStr
    main.o(i.main) refers to adc.o(i.Get_All_ADC_DAT) for Get_All_ADC_DAT
    main.o(i.main) refers to lcd.o(i.LCD_ShowNum) for LCD_ShowNum
    main.o(i.main) refers to adc.o(.bss) for ADC_Dat
    system_stm32f10x.o(i.SetSysClock) refers to system_stm32f10x.o(i.SetSysClockTo72) for SetSysClockTo72
    system_stm32f10x.o(i.SystemCoreClockUpdate) refers to system_stm32f10x.o(.data) for SystemCoreClock
    system_stm32f10x.o(i.SystemInit) refers to system_stm32f10x.o(i.SetSysClock) for SetSysClock
    lcd.o(i.Display_Point) refers to lcd.o(i.Set_Position) for Set_Position
    lcd.o(i.Display_Point) refers to lcd.o(i.LCD_Write_uint16) for LCD_Write_uint16
    lcd.o(i.LCD_DispCH) refers to lcd.o(i.Set_show_windows) for Set_show_windows
    lcd.o(i.LCD_DispCH) refers to lcd.o(i.GetGBKCode_from_flash) for GetGBKCode_from_flash
    lcd.o(i.LCD_DispCH) refers to lcd.o(i.TSF8H_wdat) for TSF8H_wdat
    lcd.o(i.LCD_DispEnCh) refers to lcd.o(i.LCD_ShowChar) for LCD_ShowChar
    lcd.o(i.LCD_DispEnCh) refers to lcd.o(i.LCD_DispCH) for LCD_DispCH
    lcd.o(i.LCD_DispStrCH) refers to lcd.o(i.LCD_DispCH) for LCD_DispCH
    lcd.o(i.LCD_DrawLine) refers to lcd.o(i.Display_Point) for Display_Point
    lcd.o(i.LCD_DrawRectangle) refers to lcd.o(i.LCD_DrawLine) for LCD_DrawLine
    lcd.o(i.LCD_Draw_Circle) refers to lcd.o(i.Display_Point) for Display_Point
    lcd.o(i.LCD_ShowChar) refers to lcd.o(i.Set_show_windows) for Set_show_windows
    lcd.o(i.LCD_ShowChar) refers to stm32f10x_gpio.o(i.GPIO_ResetBits) for GPIO_ResetBits
    lcd.o(i.LCD_ShowChar) refers to stm32f10x_gpio.o(i.GPIO_SetBits) for GPIO_SetBits
    lcd.o(i.LCD_ShowChar) refers to lcd.o(i.quickly_dat) for quickly_dat
    lcd.o(i.LCD_ShowChar) refers to lcd.o(.constdata) for asc2_1206
    lcd.o(i.LCD_ShowNum) refers to lcd.o(i.LCD_Pow) for LCD_Pow
    lcd.o(i.LCD_ShowNum) refers to lcd.o(i.LCD_ShowChar) for LCD_ShowChar
    lcd.o(i.LCD_ShowStr) refers to lcd.o(i.LCD_ShowChar) for LCD_ShowChar
    lcd.o(i.LCD_ShowxNum) refers to lcd.o(i.LCD_Pow) for LCD_Pow
    lcd.o(i.LCD_ShowxNum) refers to lcd.o(i.LCD_ShowChar) for LCD_ShowChar
    lcd.o(i.LCD_Write_uint16) refers to lcd.o(i.TSF8H_wdat) for TSF8H_wdat
    lcd.o(i.Set_Position) refers to lcd.o(i.TSF8H_wcmd) for TSF8H_wcmd
    lcd.o(i.Set_show_windows) refers to lcd.o(i.TSF8H_wcmd) for TSF8H_wcmd
    lcd.o(i.TSF8H_clr) refers to lcd.o(i.Set_Position) for Set_Position
    lcd.o(i.TSF8H_clr) refers to lcd.o(i.TSF8H_wdat) for TSF8H_wdat
    lcd.o(i.TSF8H_init) refers to delay.o(i.delay_ms) for delay_ms
    lcd.o(i.TSF8H_init) refers to lcd.o(i.TSF8H_wcmd) for TSF8H_wcmd
    lcd.o(i.TSF8H_init) refers to lcd.o(i.TSF8H_set_contrast) for TSF8H_set_contrast
    lcd.o(i.TSF8H_init) refers to lcd.o(i.TSF8H_clr) for TSF8H_clr
    lcd.o(i.TSF8H_init) refers to stm32f10x_gpio.o(i.GPIO_SetBits) for GPIO_SetBits
    lcd.o(i.TSF8H_set_contrast) refers to lcd.o(i.TSF8H_wcmd) for TSF8H_wcmd
    lcd.o(i.TSF8H_wcmd) refers to stm32f10x_gpio.o(i.GPIO_ResetBits) for GPIO_ResetBits
    lcd.o(i.TSF8H_wcmd) refers to lcdgpio.o(i.LCD_write_8bit_dat) for LCD_write_8bit_dat
    lcd.o(i.TSF8H_wcmd) refers to stm32f10x_gpio.o(i.GPIO_SetBits) for GPIO_SetBits
    lcd.o(i.TSF8H_wdat) refers to stm32f10x_gpio.o(i.GPIO_ResetBits) for GPIO_ResetBits
    lcd.o(i.TSF8H_wdat) refers to lcdgpio.o(i.LCD_write_8bit_dat) for LCD_write_8bit_dat
    lcd.o(i.TSF8H_wdat) refers to stm32f10x_gpio.o(i.GPIO_SetBits) for GPIO_SetBits
    lcd.o(i.quickly_dat) refers to lcdgpio.o(i.LCD_write_8bit_dat) for LCD_write_8bit_dat
    lcd.o(i.quickly_dat) refers to stm32f10x_gpio.o(i.GPIO_SetBits) for GPIO_SetBits
    lcd.o(i.quickly_dat) refers to stm32f10x_gpio.o(i.GPIO_ResetBits) for GPIO_ResetBits
    lcdgpio.o(i.MCUGPIO_Init) refers to stm32f10x_rcc.o(i.RCC_APB2PeriphClockCmd) for RCC_APB2PeriphClockCmd
[...]
    ../clib/printf.c                         0x00000000   Number         0  __printf_ss.o ABSOLUTE
    ../clib/printf.c                         0x00000000   Number         0  __printf_flags_ss.o ABSOLUTE
    ../clib/printf.c                         0x00000000   Number         0  __printf_flags_ss_wp.o ABSOLUTE
    ../clib/printf.c                         0x00000000   Number         0  _printf_hex_int_ptr.o ABSOLUTE
    ../clib/printf.c                         0x00000000   Number         0  __printf_ss_wp.o ABSOLUTE
    ../clib/printf.c                         0x00000000   Number         0  _printf_char.o ABSOLUTE
    ../clib/printf.c                         0x00000000   Number         0  __printf_flags_wp.o ABSOLUTE
    ../clib/printf.c                         0x00000000   Number         0  _printf_wchar.o ABSOLUTE
    ../clib/printf.c                         0x00000000   Number         0  _printf_fp_infnan.o ABSOLUTE
    ../clib/printf.c                         0x00000000   Number         0  __printf_nopercent.o ABSOLUTE
    ../clib/printf.c                         0x00000000   Number         0  _printf_fp_dec.o ABSOLUTE
    ../clib/printf.c                         0x00000000   Number         0  _printf_intcommon.o ABSOLUTE
    ../clib/printf.c                         0x00000000   Number         0  __printf_wp.o ABSOLUTE
    ../clib/printf_percent.s                 0x00000000   Number         0  _printf_d.o ABSOLUTE
    ../clib/printf_percent.s                 0x00000000   Number         0  _printf_i.o ABSOLUTE
    ../clib/printf_percent.s                 0x00000000   Number         0  _printf_lli.o ABSOLUTE
    ../clib/printf_percent.s                 0x00000000   Number         0  _printf_lld.o ABSOLUTE
    ../clib/printf_percent.s                 0x00000000   Number         0  _printf_g.o ABSOLUTE
    ../clib/printf_percent.s                 0x00000000   Number         0  _printf_llu.o ABSOLUTE
    ../clib/printf_percent.s                 0x00000000   Number         0  _printf_a.o ABSOLUTE
    ../clib/printf_percent.s                 0x00000000   Number         0  _printf_percent.o ABSOLUTE
    ../clib/printf_percent.s                 0x00000000   Number         0  _printf_p.o ABSOLUTE
    ../clib/printf_percent.s                 0x00000000   Number         0  _printf_ll.o ABSOLUTE
    ../clib/printf_percent.s                 0x00000000   Number         0  _printf_u.o ABSOLUTE
    ../clib/printf_percent.s                 0x00000000   Number         0  _printf_n.o ABSOLUTE
    ../clib/printf_percent.s                 0x00000000   Number         0  _printf_l.o ABSOLUTE
    ../clib/printf_percent.s                 0x00000000   Number         0  _printf_lc.o ABSOLUTE
    ../clib/printf_percent.s                 0x00000000   Number         0  _printf_o.o ABSOLUTE
    ../clib/printf_percent.s                 0x00000000   Number         0  _printf_llo.o ABSOLUTE
    ../clib/printf_percent.s                 0x00000000   Number         0  _printf_llx.o ABSOLUTE
    ../clib/printf_percent.s                 0x00000000   Number         0  _printf_c.o ABSOLUTE
    ../clib/printf_percent.s                 0x00000000   Number         0  _printf_x.o ABSOLUTE
    ../clib/printf_percent.s                 0x00000000   Number         0  _printf_ls.o ABSOLUTE
    ../clib/printf_percent.s                 0x00000000   Number         0  _printf_f.o ABSOLUTE
    ../clib/printf_percent.s                 0x00000000   Number         0  _printf_percent_end.o ABSOLUTE
    ../clib/printf_percent.s                 0x00000000   Number         0  _printf_s.o ABSOLUTE
    ../clib/printf_percent.s                 0x00000000   Number         0  _printf_e.o ABSOLUTE
    ../clib/signal.c                         0x00000000   Number         0  defsig_fpe_inner.o ABSOLUTE
    ../clib/signal.c                         0x00000000   Number         0  defsig_exit.o ABSOLUTE
    ../clib/signal.c                         0x00000000   Number         0  defsig_rtmem_outer.o ABSOLUTE
    ../clib/signal.c                         0x00000000   Number         0  defsig_rtmem_formal.o ABSOLUTE
    ../clib/signal.c                         0x00000000   Number         0  defsig_rtmem_inner.o ABSOLUTE
    ../clib/signal.c                         0x00000000   Number         0  defsig_general.o ABSOLUTE
    ../clib/signal.c                         0x00000000   Number         0  defsig_rtred_inner.o ABSOLUTE
    ../clib/signal.c                         0x00000000   Number         0  defsig_stak_inner.o ABSOLUTE
    ../clib/signal.c                         0x00000000   Number         0  defsig_pvfn_inner.o ABSOLUTE
    ../clib/signal.c                         0x00000000   Number         0  defsig_cppl_inner.o ABSOLUTE
    ../clib/signal.c                         0x00000000   Number         0  defsig_segv_inner.o ABSOLUTE
    ../clib/signal.c                         0x00000000   Number         0  defsig_other.o ABSOLUTE
    ../clib/signal.c                         0x00000000   Number         0  defsig_abrt_inner.o ABSOLUTE
    ../clib/signal.c                         0x00000000   Number         0  __raise.o ABSOLUTE
    ../clib/signal.s                         0x00000000   Number         0  defsig.o ABSOLUTE
    ../clib/stdlib.c                         0x00000000   Number         0  exit.o ABSOLUTE
    ../clib/string.c                         0x00000000   Number         0  strlen.o ABSOLUTE
    ../fplib/fpinit.s                        0x00000000   Number         0  fpinit.o ABSOLUTE
    ../fplib/istatus.s                       0x00000000   Number         0  istatus.o ABSOLUTE
    ../fplib/printf1.s                       0x00000000   Number         0  printf1.o ABSOLUTE
    ../fplib/usenofp.s                       0x00000000   Number         0  usenofp.o ABSOLUTE
    ../mathlib/fpclassify.c                  0x00000000   Number         0  fpclassify.o ABSOLUTE
    ..\APP\Meter.c                           0x00000000   Number         0  meter.o ABSOLUTE
    ..\CORE\core_cm3.c                       0x00000000   Number         0  core_cm3.o ABSOLUTE
    ..\CORE\startup_stm32f10x_md.s           0x00000000   Number         0  startup_stm32f10x_md.o ABSOLUTE
    ..\HARDWARE\ADC\ADC.c                    0x00000000   Number         0  adc.o ABSOLUTE
    ..\HARDWARE\IO\IO.c                      0x00000000   Number         0  io.o ABSOLUTE
    ..\HARDWARE\LCD\lcd.c                    0x00000000   Number         0  lcd.o ABSOLUTE
    ..\HARDWARE\LCD\lcdgpio.c                0x00000000   Number         0  lcdgpio.o ABSOLUTE
    ..\STM32F10x_FWLib\src\misc.c            0x00000000   Number         0  misc.o ABSOLUTE
    ..\STM32F10x_FWLib\src\stm32f10x_adc.c   0x00000000   Number         0  stm32f10x_adc.o ABSOLUTE
    ..\STM32F10x_FWLib\src\stm32f10x_exti.c  0x00000000   Number         0  stm32f10x_exti.o ABSOLUTE
    ..\STM32F10x_FWLib\src\stm32f10x_gpio.c  0x00000000   Number         0  stm32f10x_gpio.o ABSOLUTE
    ..\STM32F10x_FWLib\src\stm32f10x_rcc.c   0x00000000   Number         0  stm32f10x_rcc.o ABSOLUTE
    ..\STM32F10x_FWLib\src\stm32f10x_usart.c 0x00000000   Number         0  stm32f10x_usart.o ABSOLUTE
    ..\SYSTEM\delay\delay.c                  0x00000000   Number         0  delay.o ABSOLUTE
    ..\SYSTEM\sys\sys.c                      0x00000000   Number         0  sys.o ABSOLUTE
    ..\SYSTEM\usart\usart.c                  0x00000000   Number         0  usart.o ABSOLUTE
    ..\USB\CONFIG\hw_config.c                0x00000000   Number         0  hw_config.o ABSOLUTE
    ..\USB\CONFIG\usb_desc.c                 0x00000000   Number         0  usb_desc.o ABSOLUTE
    ..\USB\CONFIG\usb_endp.c                 0x00000000   Number         0  usb_endp.o ABSOLUTE
    ..\USB\CONFIG\usb_istr.c                 0x00000000   Number         0  usb_istr.o ABSOLUTE
    ..\USB\CONFIG\usb_prop.c                 0x00000000   Number         0  usb_prop.o ABSOLUTE
    ..\USB\CONFIG\usb_pwr.c                  0x00000000   Number         0  usb_pwr.o ABSOLUTE
    ..\USB\STM32_USB-FS-Device_Driver\src\usb_core.c 0x00000000   Number         0  usb_core.o ABSOLUTE
    ..\USB\STM32_USB-FS-Device_Driver\src\usb_init.c 0x00000000   Number         0  usb_init.o ABSOLUTE
    ..\USB\STM32_USB-FS-Device_Driver\src\usb_int.c 0x00000000   Number         0  usb_int.o ABSOLUTE
    ..\USB\STM32_USB-FS-Device_Driver\src\usb_mem.c 0x00000000   Number         0  usb_mem.o ABSOLUTE
    ..\USB\STM32_USB-FS-Device_Driver\src\usb_regs.c 0x00000000   Number         0  usb_regs.o ABSOLUTE
    ..\USB\STM32_USB-FS-Device_Driver\src\usb_sil.c 0x00000000   Number         0  usb_sil.o ABSOLUTE
    ..\\CORE\\core_cm3.c                     0x00000000   Number         0  core_cm3.o ABSOLUTE
    ..\\SYSTEM\\sys\\sys.c                   0x00000000   Number         0  sys.o ABSOLUTE
    dc.s                                     0x00000000   Number         0  dc.o ABSOLUTE
    main.c                                   0x00000000   Number         0  main.o ABSOLUTE
    stm32f10x_it.c                           0x00000000   Number         0  stm32f10x_it.o ABSOLUTE
    system_stm32f10x.c                       0x00000000   Number         0  system_stm32f10x.o ABSOLUTE
    RESET                                    0x08000000   Section      236  startup_stm32f10x_md.o(RESET)
    !!!main                                  0x080000ec   Section        8  __main.o(!!!main)
    !!!scatter                               0x080000f4   Section       52  __scatter.o(!!!scatter)
    !!dczerorl2                              0x08000128   Section       90  __dczerorl2.o(!!dczerorl2)
    !!handler_zi                             0x08000184   Section       28  __scatter_zi.o(!!handler_zi)
    .ARM.Collect$$libinit$$00000000          0x080001a0   Section        2  libinit.o(.ARM.Collect$$libinit$$00000000)
    .ARM.Collect$$libinit$$00000002          0x080001a2   Section        0  libinit2.o(.ARM.Collect$$libinit$$00000002)
    .ARM.Collect$$libinit$$00000004          0x080001a2   Section        0  libinit2.o(.ARM.Collect$$libinit$$00000004)
    .ARM.Collect$$libinit$$0000000A          0x080001a2   Section        0  libinit2.o(.ARM.Collect$$libinit$$0000000A)
    .ARM.Collect$$libinit$$0000000C          0x080001a2   Section        0  libinit2.o(.ARM.Collect$$libinit$$0000000C)
    .ARM.Collect$$libinit$$0000000E          0x080001a2   Section        0  libinit2.o(.ARM.Collect$$libinit$$0000000E)
    .ARM.Collect$$libinit$$00000011          0x080001a2   Section        0  libinit2.o(.ARM.Collect$$libinit$$00000011)
    .ARM.Collect$$libinit$$00000013          0x080001a2   Section        0  libinit2.o(.ARM.Collect$$libinit$$00000013)
    .ARM.Collect$$libinit$$00000015          0x080001a2   Section        0  libinit2.o(.ARM.Collect$$libinit$$00000015)
    .ARM.Collect$$libinit$$00000017          0x080001a2   Section        0  libinit2.o(.ARM.Collect$$libinit$$00000017)
    .ARM.Collect$$libinit$$00000019          0x080001a2   Section        0  libinit2.o(.ARM.Collect$$libinit$$00000019)
    .ARM.Collect$$libinit$$0000001B          0x080001a2   Section        0  libinit2.o(.ARM.Collect$$libinit$$0000001B)
    .ARM.Collect$$libinit$$0000001D          0x080001a2   Section        0  libinit2.o(.ARM.Collect$$libinit$$0000001D)
    .ARM.Collect$$libinit$$0000001F          0x080001a2   Section        0  libinit2.o(.ARM.Collect$$libinit$$0000001F)
    .ARM.Collect$$libinit$$00000021          0x080001a2   Section        0  libinit2.o(.ARM.Collect$$libinit$$00000021)
    .ARM.Collect$$libinit$$00000023          0x080001a2   Section        0  libinit2.o(.ARM.Collect$$libinit$$00000023)
    .ARM.Collect$$libinit$$00000025          0x080001a2   Section        0  libinit2.o(.ARM.Collect$$libinit$$00000025)
    .ARM.Collect$$libinit$$0000002C          0x080001a2   Section        0  libinit2.o(.ARM.Collect$$libinit$$0000002C)
    .ARM.Collect$$libinit$$0000002E          0x080001a2   Section        0  libinit2.o(.ARM.Collect$$libinit$$0000002E)
    .ARM.Collect$$libinit$$00000030          0x080001a2   Section        0  libinit2.o(.ARM.Collect$$libinit$$00000030)
    .ARM.Collect$$libinit$$00000032          0x080001a2   Section        0  libinit2.o(.ARM.Collect$$libinit$$00000032)
    .ARM.Collect$$libinit$$00000033          0x080001a2   Section        2  libinit2.o(.ARM.Collect$$libinit$$00000033)
    .ARM.Collect$$libshutdown$$00000000      0x080001a4   Section        2  libshutdown.o(.ARM.Collect$$libshutdown$$00000000)
    .ARM.Collect$$libshutdown$$00000003      0x080001a6   Section        0  libshutdown2.o(.ARM.Collect$$libshutdown$$00000003)
    .ARM.Collect$$libshutdown$$00000006      0x080001a6   Section        0  libshutdown2.o(.ARM.Collect$$libshutdown$$00000006)
    .ARM.Collect$$libshutdown$$00000009      0x080001a6   Section        0  libshutdown2.o(.ARM.Collect$$libshutdown$$00000009)
    .ARM.Collect$$libshutdown$$0000000B      0x080001a6   Section        0  libshutdown2.o(.ARM.Collect$$libshutdown$$0000000B)
    .ARM.Collect$$libshutdown$$0000000E      0x080001a6   Section        0  libshutdown2.o(.ARM.Collect$$libshutdown$$0000000E)
    .ARM.Collect$$libshutdown$$0000000F      0x080001a6   Section        2  libshutdown2.o(.ARM.Collect$$libshutdown$$0000000F)
    .ARM.Collect$$rtentry$$00000000          0x080001a8   Section        0  __rtentry.o(.ARM.Collect$$rtentry$$00000000)
    .ARM.Collect$$rtentry$$00000002          0x080001a8   Section        0  __rtentry2.o(.ARM.Collect$$rtentry$$00000002)
    .ARM.Collect$$rtentry$$00000004          0x080001a8   Section        6  __rtentry4.o(.ARM.Collect$$rtentry$$00000004)
    .ARM.Collect$$rtentry$$00000009          0x080001ae   Section        0  __rtentry2.o(.ARM.Collect$$rtentry$$00000009)
    .ARM.Collect$$rtentry$$0000000A          0x080001ae   Section        4  __rtentry2.o(.ARM.Collect$$rtentry$$0000000A)
    .ARM.Collect$$rtentry$$0000000C          0x080001b2   Section        0  __rtentry2.o(.ARM.Collect$$rtentry$$0000000C)
    .ARM.Collect$$rtentry$$0000000D          0x080001b2   Section        8  __rtentry2.o(.ARM.Collect$$rtentry$$0000000D)
    .ARM.Collect$$rtexit$$00000000           0x080001ba   Section        2  rtexit.o(.ARM.Collect$$rtexit$$00000000)
    .ARM.Collect$$rtexit$$00000002           0x080001bc   Section        0  rtexit2.o(.ARM.Collect$$rtexit$$00000002)
    .ARM.Collect$$rtexit$$00000003           0x080001bc   Section        4  rtexit2.o(.ARM.Collect$$rtexit$$00000003)
    .ARM.Collect$$rtexit$$00000004           0x080001c0   Section        6  rtexit2.o(.ARM.Collect$$rtexit$$00000004)
    .text                                    0x080001c8   Section       64  startup_stm32f10x_md.o(.text)
    .text                                    0x08000208   Section        2  use_no_semi_2.o(.text)
    .text                                    0x0800020a   Section        0  heapauxi.o(.text)
    .text                                    0x08000210   Section        2  use_no_semi.o(.text)
    .text                                    0x08000212   Section       74  sys_stackheap_outer.o(.text)
    .text                                    0x0800025c   Section        0  exit.o(.text)
    .text                                    0x08000268   Section        8  libspace.o(.text)
    i.ADC_Cmd                                0x08000270   Section        0  stm32f10x_adc.o(i.ADC_Cmd)
    i.ADC_DeInit                             0x08000288   Section        0  stm32f10x_adc.o(i.ADC_DeInit)
    i.ADC_GetCalibrationStatus               0x080002e4   Section        0  stm32f10x_adc.o(i.ADC_GetCalibrationStatus)
    i.ADC_GetConversionValue                 0x080002f8   Section        0  stm32f10x_adc.o(i.ADC_GetConversionValue)
    i.ADC_GetFlagStatus                      0x08000300   Section        0  stm32f10x_adc.o(i.ADC_GetFlagStatus)
    i.ADC_GetResetCalibrationStatus          0x08000312   Section        0  stm32f10x_adc.o(i.ADC_GetResetCalibrationStatus)
    i.ADC_Init                               0x08000328   Section        0  stm32f10x_adc.o(i.ADC_Init)
    i.ADC_RegularChannelConfig               0x08000378   Section        0  stm32f10x_adc.o(i.ADC_RegularChannelConfig)
    i.ADC_ResetCalibration                   0x08000430   Section        0  stm32f10x_adc.o(i.ADC_ResetCalibration)
    i.ADC_SoftwareStartConvCmd               0x0800043a   Section        0  stm32f10x_adc.o(i.ADC_SoftwareStartConvCmd)
    i.ADC_StartCalibration                   0x08000450   Section        0  stm32f10x_adc.o(i.ADC_StartCalibration)
    i.Adc_Init                               0x0800045c   Section        0  adc.o(i.Adc_Init)
    i.BusFault_Handler                       0x080004fc   Section        0  stm32f10x_it.o(i.BusFault_Handler)
    i.ByteSwap                               0x08000500   Section        0  usb_regs.o(i.ByteSwap)
    i.CTR_LP                                 0x0800050c   Section        0  usb_int.o(i.CTR_LP)
    i.ClearDTOG_RX                           0x08000794   Section        0  usb_regs.o(i.ClearDTOG_RX)
    i.ClearDTOG_TX                           0x080007c8   Section        0  usb_regs.o(i.ClearDTOG_TX)
    i.Clear_Status_Out                       0x080007fc   Section        0  usb_regs.o(i.Clear_Status_Out)
    i.DataStageIn                            0x08000824   Section        0  usb_core.o(i.DataStageIn)
    DataStageIn                              0x08000825   Thumb Code   166  usb_core.o(i.DataStageIn)
    i.DataStageOut                           0x080008e4   Section        0  usb_core.o(i.DataStageOut)
    DataStageOut                             0x080008e5   Thumb Code   166  usb_core.o(i.DataStageOut)
    i.Data_Setup0                            0x080009a0   Section        0  usb_core.o(i.Data_Setup0)
    Data_Setup0                              0x080009a1   Thumb Code   628  usb_core.o(i.Data_Setup0)
    i.DebugMon_Handler                       0x08000c38   Section        0  stm32f10x_it.o(i.DebugMon_Handler)
    i.EP1_IN_Callback                        0x08000c3c   Section        0  usb_endp.o(i.EP1_IN_Callback)
    i.EP3_OUT_Callback                       0x08000ccc   Section        0  usb_endp.o(i.EP3_OUT_Callback)
    i.EXTI_ClearITPendingBit                 0x08000cec   Section        0  stm32f10x_exti.o(i.EXTI_ClearITPendingBit)
    i.EXTI_Init                              0x08000cf8   Section        0  stm32f10x_exti.o(i.EXTI_Init)
    i.Enter_LowPowerMode                     0x08000d8c   Section        0  hw_config.o(i.Enter_LowPowerMode)
    i.GPIO_Init                              0x08000d98   Section        0  stm32f10x_gpio.o(i.GPIO_Init)
    i.GPIO_PinRemapConfig                    0x08000eb0   Section        0  stm32f10x_gpio.o(i.GPIO_PinRemapConfig)
    i.GPIO_ResetBits                         0x08000f40   Section        0  stm32f10x_gpio.o(i.GPIO_ResetBits)
    i.GPIO_SetBits                           0x08000f44   Section        0  stm32f10x_gpio.o(i.GPIO_SetBits)
    i.GetEPRxAddr                            0x08000f48   Section        0  usb_regs.o(i.GetEPRxAddr)
    i.GetEPRxCount                           0x08000f68   Section        0  usb_regs.o(i.GetEPRxCount)
    i.GetEPTxAddr                            0x08000f8c   Section        0  usb_regs.o(i.GetEPTxAddr)
    i.Get_Adc                                0x08000fac   Section        0  adc.o(i.Get_Adc)
    i.Get_All_ADC_DAT                        0x08000fe0   Section        0  adc.o(i.Get_All_ADC_DAT)
    i.Get_SerialNum                          0x08001154   Section        0  hw_config.o(i.Get_SerialNum)
    i.HardFault_Handler                      0x08001188   Section        0  stm32f10x_it.o(i.HardFault_Handler)
    i.In0_Process                            0x0800118c   Section        0  usb_core.o(i.In0_Process)
    i.IntToUnicode                           0x080011fc   Section        0  hw_config.o(i.IntToUnicode)
    i.LCD_Pow                                0x0800123a   Section        0  lcd.o(i.LCD_Pow)
    i.LCD_ShowChar                           0x08001250   Section        0  lcd.o(i.LCD_ShowChar)
    i.LCD_ShowNum                            0x0800138c   Section        0  lcd.o(i.LCD_ShowNum)
    i.LCD_ShowStr                            0x08001424   Section        0  lcd.o(i.LCD_ShowStr)
    i.LCD_write_8bit_dat                     0x08001474   Section        0  lcdgpio.o(i.LCD_write_8bit_dat)
    i.Leave_LowPowerMode                     0x08001498   Section        0  hw_config.o(i.Leave_LowPowerMode)
    i.MCUGPIO_Init                           0x080014b8   Section        0  lcdgpio.o(i.MCUGPIO_Init)
    i.MemManage_Handler                      0x08001514   Section        0  stm32f10x_it.o(i.MemManage_Handler)
    i.Meter_GPIO_Init                        0x08001518   Section        0  io.o(i.Meter_GPIO_Init)
    i.NMI_Handler                            0x0800156c   Section        0  stm32f10x_it.o(i.NMI_Handler)
    i.NOP_Process                            0x0800156e   Section        0  usb_core.o(i.NOP_Process)
    i.NVIC_Init                              0x08001570   Section        0  misc.o(i.NVIC_Init)
    i.NVIC_PriorityGroupConfig               0x080015e0   Section        0  misc.o(i.NVIC_PriorityGroupConfig)
    i.NoData_Setup0                          0x080015f4   Section        0  usb_core.o(i.NoData_Setup0)
    NoData_Setup0                            0x080015f5   Thumb Code   290  usb_core.o(i.NoData_Setup0)
    i.Out0_Process                           0x0800172c   Section        0  usb_core.o(i.Out0_Process)
    i.PMAToUserBufferCopy                    0x0800177c   Section        0  usb_mem.o(i.PMAToUserBufferCopy)
    i.PendSV_Handler                         0x080017a4   Section        0  stm32f10x_it.o(i.PendSV_Handler)
    i.Post0_Process                          0x080017a8   Section        0  usb_core.o(i.Post0_Process)
    i.PowerOn                                0x080017f0   Section        0  usb_pwr.o(i.PowerOn)
    i.RCC_ADCCLKConfig                       0x08001830   Section        0  stm32f10x_rcc.o(i.RCC_ADCCLKConfig)
    i.RCC_APB1PeriphClockCmd                 0x08001848   Section        0  stm32f10x_rcc.o(i.RCC_APB1PeriphClockCmd)
    i.RCC_APB2PeriphClockCmd                 0x08001868   Section        0  stm32f10x_rcc.o(i.RCC_APB2PeriphClockCmd)
    i.RCC_APB2PeriphResetCmd                 0x08001888   Section        0  stm32f10x_rcc.o(i.RCC_APB2PeriphResetCmd)
    i.RCC_USBCLKConfig                       0x080018a8   Section        0  stm32f10x_rcc.o(i.RCC_USBCLKConfig)
    i.Resume                                 0x080018b4   Section        0  usb_pwr.o(i.Resume)
    i.Resume_Init                            0x08001984   Section        0  usb_pwr.o(i.Resume_Init)
    i.SOF_Callback                           0x080019a8   Section        0  usb_endp.o(i.SOF_Callback)
    i.SVC_Handler                            0x080019d8   Section        0  stm32f10x_it.o(i.SVC_Handler)
    i.SetBTABLE                              0x080019dc   Section        0  usb_regs.o(i.SetBTABLE)
    i.SetDeviceAddress                       0x080019ec   Section        0  usb_core.o(i.SetDeviceAddress)
    i.SetEPRxAddr                            0x08001a3c   Section        0  usb_regs.o(i.SetEPRxAddr)
    i.SetEPRxCount                           0x08001a60   Section        0  usb_regs.o(i.SetEPRxCount)
    i.SetEPRxStatus                          0x08001aac   Section        0  usb_regs.o(i.SetEPRxStatus)
    i.SetEPRxValid                           0x08001aec   Section        0  usb_regs.o(i.SetEPRxValid)
    i.SetEPTxAddr                            0x08001b20   Section        0  usb_regs.o(i.SetEPTxAddr)
    i.SetEPTxCount                           0x08001b40   Section        0  usb_regs.o(i.SetEPTxCount)
    i.SetEPTxStatus                          0x08001b5c   Section        0  usb_regs.o(i.SetEPTxStatus)
    i.SetEPTxValid                           0x08001b9c   Section        0  usb_regs.o(i.SetEPTxValid)
    i.SetEPType                              0x08001bd0   Section        0  usb_regs.o(i.SetEPType)
    i.SetSysClock                            0x08001bf4   Section        0  system_stm32f10x.o(i.SetSysClock)
    SetSysClock                              0x08001bf5   Thumb Code     8  system_stm32f10x.o(i.SetSysClock)
    i.SetSysClockTo72                        0x08001bfc   Section        0  system_stm32f10x.o(i.SetSysClockTo72)
    SetSysClockTo72                          0x08001bfd   Thumb Code   214  system_stm32f10x.o(i.SetSysClockTo72)
    i.Set_Position                           0x08001cdc   Section        0  lcd.o(i.Set_Position)
    i.Set_USBClock                           0x08001d08   Section        0  hw_config.o(i.Set_USBClock)
    i.Set_show_windows                       0x08001d1a   Section        0  lcd.o(i.Set_show_windows)
    i.Setup0_Process                         0x08001d50   Section        0  usb_core.o(i.Setup0_Process)
    i.Standard_ClearFeature                  0x08001e08   Section        0  usb_core.o(i.Standard_ClearFeature)
    i.Standard_GetConfiguration              0x08001f74   Section        0  usb_core.o(i.Standard_GetConfiguration)
    i.Standard_GetDescriptorData             0x08001fa0   Section        0  usb_core.o(i.Standard_GetDescriptorData)
    i.Standard_GetInterface                  0x08001fc4   Section        0  usb_core.o(i.Standard_GetInterface)
    i.Standard_GetStatus                     0x08001ff0   Section        0  usb_core.o(i.Standard_GetStatus)
    i.Standard_SetConfiguration              0x080020f0   Section        0  usb_core.o(i.Standard_SetConfiguration)
    i.Standard_SetDeviceFeature              0x08002138   Section        0  usb_core.o(i.Standard_SetDeviceFeature)
    i.Standard_SetEndPointFeature            0x08002160   Section        0  usb_core.o(i.Standard_SetEndPointFeature)
    i.Standard_SetInterface                  0x08002230   Section        0  usb_core.o(i.Standard_SetInterface)
    i.Suspend                                0x0800229c   Section        0  usb_pwr.o(i.Suspend)
    i.SysTick_CLKSourceConfig                0x08002338   Section        0  misc.o(i.SysTick_CLKSourceConfig)
    i.SysTick_Handler                        0x08002360   Section        0  stm32f10x_it.o(i.SysTick_Handler)
    i.SystemInit                             0x08002364   Section        0  system_stm32f10x.o(i.SystemInit)
    i.TSF8H_clr                              0x080023c4   Section        0  lcd.o(i.TSF8H_clr)
    i.TSF8H_init                             0x080023ec   Section        0  lcd.o(i.TSF8H_init)
    i.TSF8H_set_contrast                     0x08002514   Section        0  lcd.o(i.TSF8H_set_contrast)
    i.TSF8H_wcmd                             0x08002528   Section        0  lcd.o(i.TSF8H_wcmd)
    i.TSF8H_wdat                             0x08002568   Section        0  lcd.o(i.TSF8H_wdat)
    i.USART1_IRQHandler                      0x080025a8   Section        0  usart.o(i.USART1_IRQHandler)
    i.USART_Config                           0x08002630   Section        0  hw_config.o(i.USART_Config)
    i.USART_GetITStatus                      0x0800264c   Section        0  stm32f10x_usart.o(i.USART_GetITStatus)
    i.USART_ReceiveData                      0x080026a0   Section        0  stm32f10x_usart.o(i.USART_ReceiveData)
    i.USBWakeUp_IRQHandler                   0x080026aa   Section        0  hw_config.o(i.USBWakeUp_IRQHandler)
    i.USB_Cable_Config                       0x080026b6   Section        0  hw_config.o(i.USB_Cable_Config)
    i.USB_Init                               0x080026b8   Section        0  usb_init.o(i.USB_Init)
    i.USB_Interrupts_Config                  0x080026f4   Section        0  hw_config.o(i.USB_Interrupts_Config)
    i.USB_Istr                               0x08002748   Section        0  usb_istr.o(i.USB_Istr)
    i.USB_LP_CAN1_RX0_IRQHandler             0x08002918   Section        0  hw_config.o(i.USB_LP_CAN1_RX0_IRQHandler)
    i.USB_Port_Set                           0x08002920   Section        0  hw_config.o(i.USB_Port_Set)
    i.USB_SIL_Init                           0x08002978   Section        0  usb_sil.o(i.USB_SIL_Init)
    i.USB_SIL_Read                           0x0800299c   Section        0  usb_sil.o(i.USB_SIL_Read)
    i.USB_To_USART_Send_Data                 0x080029cc   Section        0  hw_config.o(i.USB_To_USART_Send_Data)
    i.USB_USART_SendData                     0x08002a4c   Section        0  hw_config.o(i.USB_USART_SendData)
    i.UsageFault_Handler                     0x08002a7c   Section        0  stm32f10x_it.o(i.UsageFault_Handler)
    i.UserToPMABufferCopy                    0x08002a80   Section        0  usb_mem.o(i.UserToPMABufferCopy)
    i.Virtual_Com_Port_Data_Setup            0x08002ab8   Section        0  usb_prop.o(i.Virtual_Com_Port_Data_Setup)
    i.Virtual_Com_Port_GetConfigDescriptor   0x08002b1c   Section        0  usb_prop.o(i.Virtual_Com_Port_GetConfigDescriptor)
    i.Virtual_Com_Port_GetDeviceDescriptor   0x08002b30   Section        0  usb_prop.o(i.Virtual_Com_Port_GetDeviceDescriptor)
    i.Virtual_Com_Port_GetLineCoding         0x08002b44   Section        0  usb_prop.o(i.Virtual_Com_Port_GetLineCoding)
    i.Virtual_Com_Port_GetStringDescriptor   0x08002b60   Section        0  usb_prop.o(i.Virtual_Com_Port_GetStringDescriptor)
    i.Virtual_Com_Port_Get_Interface_Setting 0x08002b88   Section        0  usb_prop.o(i.Virtual_Com_Port_Get_Interface_Setting)
    i.Virtual_Com_Port_NoData_Setup          0x08002ba0   Section        0  usb_prop.o(i.Virtual_Com_Port_NoData_Setup)
    i.Virtual_Com_Port_Reset                 0x08002bc8   Section        0  usb_prop.o(i.Virtual_Com_Port_Reset)
    i.Virtual_Com_Port_SetConfiguration      0x08002cb0   Section        0  usb_prop.o(i.Virtual_Com_Port_SetConfiguration)
    i.Virtual_Com_Port_SetDeviceAddress      0x08002cc8   Section        0  usb_prop.o(i.Virtual_Com_Port_SetDeviceAddress)
    i.Virtual_Com_Port_SetLineCoding         0x08002cd4   Section        0  usb_prop.o(i.Virtual_Com_Port_SetLineCoding)
    i.Virtual_Com_Port_Status_In             0x08002cf0   Section        0  usb_prop.o(i.Virtual_Com_Port_Status_In)
    i.Virtual_Com_Port_Status_Out            0x08002d0c   Section        0  usb_prop.o(i.Virtual_Com_Port_Status_Out)
    i.Virtual_Com_Port_init                  0x08002d10   Section        0  usb_prop.o(i.Virtual_Com_Port_init)
    i._sys_exit                              0x08002d38   Section        0  usart.o(i._sys_exit)
    i.delay_init                             0x08002d40   Section        0  delay.o(i.delay_init)
    i.delay_ms                               0x08002d84   Section        0  delay.o(i.delay_ms)
    i.main                                   0x08002dd0   Section        0  main.o(i.main)
    i.quickly_dat                            0x0800307c   Section        0  lcd.o(i.quickly_dat)
    .constdata                               0x080030bc   Section     6080  lcd.o(.constdata)
    .constdata                               0x0800487c   Section      177  usb_desc.o(.constdata)
    .data                                    0x20000000   Section       20  system_stm32f10x.o(.data)
    .data                                    0x20000014   Section        4  delay.o(.data)
    fac_us                                   0x20000014   Data           1  delay.o(.data)
    fac_ms                                   0x20000016   Data           2  delay.o(.data)
    .data                                    0x20000018   Section        6  usart.o(.data)
    .data                                    0x2000001e   Section        3  usb_core.o(.data)
    .data                                    0x20000024   Section       20  usb_init.o(.data)
    .data                                    0x20000038   Section        4  usb_int.o(.data)
    .data                                    0x2000003c   Section        2  hw_config.o(.data)
    .data                                    0x2000003e   Section       26  usb_desc.o(.data)
    .data                                    0x20000058   Section        4  usb_endp.o(.data)
    FrameCount                               0x20000058   Data           4  usb_endp.o(.data)
    .data                                    0x2000005c   Section       68  usb_istr.o(.data)
    .data                                    0x200000a0   Section      148  usb_prop.o(.data)
    .data                                    0x20000134   Section       12  usb_pwr.o(.data)
    .bss                                     0x20000140   Section       64  adc.o(.bss)
    .bss                                     0x20000180   Section      200  usart.o(.bss)
    .bss                                     0x20000248   Section       28  usb_init.o(.bss)
    .bss                                     0x20000264   Section     1428  hw_config.o(.bss)
    .bss                                     0x200007f8   Section       64  usb_endp.o(.bss)
    .bss                                     0x20000838   Section       32  usb_pwr.o(.bss)
    .bss                                     0x20000858   Section       96  libspace.o(.bss)
    HEAP                                     0x200008b8   Section      512  startup_stm32f10x_md.o(HEAP)
    Heap_Mem                                 0x200008b8   Data         512  startup_stm32f10x_md.o(HEAP)
    STACK                                    0x20000ab8   Section     1024  startup_stm32f10x_md.o(STACK)
    Stack_Mem                                0x20000ab8   Data        1024  startup_stm32f10x_md.o(STACK)
    __initial_sp                             0x20000eb8   Data           0  startup_stm32f10x_md.o(STACK)

    Global Symbols

    Symbol Name                              Value     Ov Type        Size  Object(Section)

    BuildAttributes$$THM_ISAv4$P$D$K$B$S$PE$A:L22UL41UL21$X:L11$S22US41US21$IEEE1$IW$USESV6$~STKCKD$USESV7$~SHL$OTIME$ROPI$IEEEJ$EBA8$UX$STANDARDLIB$REQ8$PRES8$EABIv2 0x00000000   Number         0  anon$$obj.o ABSOLUTE
    __ARM_use_no_argv                        0x00000000   Number         0  main.o ABSOLUTE
    _printf_flags                            0x00000000   Number         0  printf_stubs.o ABSOLUTE
    _printf_return_value                     0x00000000   Number         0  printf_stubs.o ABSOLUTE
    _printf_sizespec                         0x00000000   Number         0  printf_stubs.o ABSOLUTE
    _printf_widthprec                        0x00000000   Number         0  printf_stubs.o ABSOLUTE
    __ARM_exceptions_init                     - Undefined Weak Reference
    __alloca_initialize                       - Undefined Weak Reference
    __arm_preinit_                            - Undefined Weak Reference
    __cpp_initialize__aeabi_                  - Undefined Weak Reference
    __cxa_finalize                            - Undefined Weak Reference
    __sigvec_lookup                           - Undefined Weak Reference
    _atexit_init                              - Undefined Weak Reference
    _call_atexit_fns                          - Undefined Weak Reference
    _clock_init                               - Undefined Weak Reference
    _fp_trap_init                             - Undefined Weak Reference
    _fp_trap_shutdown                         - Undefined Weak Reference
    _get_lc_collate                           - Undefined Weak Reference
    _get_lc_monetary                          - Undefined Weak Reference
    _get_lc_time                              - Undefined Weak Reference
    _getenv_init                              - Undefined Weak Reference
    _handle_redirection                       - Undefined Weak Reference
    _init_alloc                               - Undefined Weak Reference
    _init_user_alloc                          - Undefined Weak Reference
    _initio                                   - Undefined Weak Reference
    _printf_fp_hex                            - Undefined Weak Reference
    _printf_mbtowc                            - Undefined Weak Reference
    _printf_wc                                - Undefined Weak Reference
    _rand_init                                - Undefined Weak Reference
    _signal_finish                            - Undefined Weak Reference
    _signal_init                              - Undefined Weak Reference
    _terminate_alloc                          - Undefined Weak Reference
    _terminate_user_alloc                     - Undefined Weak Reference
    _terminateio                              - Undefined Weak Reference
    __Vectors_Size                           0x000000ec   Number         0  startup_stm32f10x_md.o ABSOLUTE
    __Vectors                                0x08000000   Data           4  startup_stm32f10x_md.o(RESET)
    __Vectors_End                            0x080000ec   Data           0  startup_stm32f10x_md.o(RESET)
    __main                                   0x080000ed   Thumb Code     8  __main.o(!!!main)
    __scatterload                            0x080000f5   Thumb Code     0  __scatter.o(!!!scatter)
    __scatterload_rt2                        0x080000f5   Thumb Code    44  __scatter.o(!!!scatter)
    __scatterload_rt2_thumb_only             0x080000f5   Thumb Code     0  __scatter.o(!!!scatter)
    __scatterload_null                       0x08000103   Thumb Code     0  __scatter.o(!!!scatter)
    __decompress                             0x08000129   Thumb Code    90  __dczerorl2.o(!!dczerorl2)
    __decompress1                            0x08000129   Thumb Code     0  __dczerorl2.o(!!dczerorl2)
    __scatterload_zeroinit                   0x08000185   Thumb Code    28  __scatter_zi.o(!!handler_zi)
    __rt_lib_init                            0x080001a1   Thumb Code     0  libinit.o(.ARM.Collect$$libinit$$00000000)
    __rt_lib_init_alloca_1                   0x080001a3   Thumb Code     0  libinit2.o(.ARM.Collect$$libinit$$0000002E)
    __rt_lib_init_argv_1                     0x080001a3   Thumb Code     0  libinit2.o(.ARM.Collect$$libinit$$0000002C)
    __rt_lib_init_atexit_1                   0x080001a3   Thumb Code     0  libinit2.o(.ARM.Collect$$libinit$$0000001B)
    __rt_lib_init_clock_1                    0x080001a3   Thumb Code     0  libinit2.o(.ARM.Collect$$libinit$$00000021)
    __rt_lib_init_cpp_1                      0x080001a3   Thumb Code     0  libinit2.o(.ARM.Collect$$libinit$$00000032)
    __rt_lib_init_exceptions_1               0x080001a3   Thumb Code     0  libinit2.o(.ARM.Collect$$libinit$$00000030)
    __rt_lib_init_fp_1                       0x080001a3   Thumb Code     0  libinit2.o(.ARM.Collect$$libinit$$00000002)
    __rt_lib_init_fp_trap_1                  0x080001a3   Thumb Code     0  libinit2.o(.ARM.Collect$$libinit$$0000001F)
    __rt_lib_init_getenv_1                   0x080001a3   Thumb Code     0  libinit2.o(.ARM.Collect$$libinit$$00000023)
    __rt_lib_init_heap_1                     0x080001a3   Thumb Code     0  libinit2.o(.ARM.Collect$$libinit$$0000000A)
    __rt_lib_init_lc_collate_1               0x080001a3   Thumb Code     0  libinit2.o(.ARM.Collect$$libinit$$00000011)
    __rt_lib_init_lc_ctype_1                 0x080001a3   Thumb Code     0  libinit2.o(.ARM.Collect$$libinit$$00000013)
    __rt_lib_init_lc_monetary_1              0x080001a3   Thumb Code     0  libinit2.o(.ARM.Collect$$libinit$$00000015)
    __rt_lib_init_lc_numeric_1               0x080001a3   Thumb Code     0  libinit2.o(.ARM.Collect$$libinit$$00000017)
    __rt_lib_init_lc_time_1                  0x080001a3   Thumb Code     0  libinit2.o(.ARM.Collect$$libinit$$00000019)
    __rt_lib_init_preinit_1                  0x080001a3   Thumb Code     0  libinit2.o(.ARM.Collect$$libinit$$00000004)
    __rt_lib_init_rand_1                     0x080001a3   Thumb Code     0  libinit2.o(.ARM.Collect$$libinit$$0000000E)
    __rt_lib_init_return                     0x080001a3   Thumb Code     0  libinit2.o(.ARM.Collect$$libinit$$00000033)
    __rt_lib_init_signal_1                   0x080001a3   Thumb Code     0  libinit2.o(.ARM.Collect$$libinit$$0000001D)
    __rt_lib_init_stdio_1                    0x080001a3   Thumb Code     0  libinit2.o(.ARM.Collect$$libinit$$00000025)
    __rt_lib_init_user_alloc_1               0x080001a3   Thumb Code     0  libinit2.o(.ARM.Collect$$libinit$$0000000C)
    __rt_lib_shutdown                        0x080001a5   Thumb Code     0  libshutdown.o(.ARM.Collect$$libshutdown$$00000000)
    __rt_lib_shutdown_fp_trap_1              0x080001a7   Thumb Code     0  libshutdown2.o(.ARM.Collect$$libshutdown$$00000006)
    __rt_lib_shutdown_heap_1                 0x080001a7   Thumb Code     0  libshutdown2.o(.ARM.Collect$$libshutdown$$0000000E)
    __rt_lib_shutdown_return                 0x080001a7   Thumb Code     0  libshutdown2.o(.ARM.Collect$$libshutdown$$0000000F)
    __rt_lib_shutdown_signal_1               0x080001a7   Thumb Code     0  libshutdown2.o(.ARM.Collect$$libshutdown$$00000009)
    __rt_lib_shutdown_stdio_1                0x080001a7   Thumb Code     0  libshutdown2.o(.ARM.Collect$$libshutdown$$00000003)
    __rt_lib_shutdown_user_alloc_1           0x080001a7   Thumb Code     0  libshutdown2.o(.ARM.Collect$$libshutdown$$0000000B)
    __rt_entry                               0x080001a9   Thumb Code     0  __rtentry.o(.ARM.Collect$$rtentry$$00000000)
    __rt_entry_presh_1                       0x080001a9   Thumb Code     0  __rtentry2.o(.ARM.Collect$$rtentry$$00000002)
    __rt_entry_sh                            0x080001a9   Thumb Code     0  __rtentry4.o(.ARM.Collect$$rtentry$$00000004)
    __rt_entry_li                            0x080001af   Thumb Code     0  __rtentry2.o(.ARM.Collect$$rtentry$$0000000A)
    __rt_entry_postsh_1                      0x080001af   Thumb Code     0  __rtentry2.o(.ARM.Collect$$rtentry$$00000009)
    __rt_entry_main                          0x080001b3   Thumb Code     0  __rtentry2.o(.ARM.Collect$$rtentry$$0000000D)
    __rt_entry_postli_1                      0x080001b3   Thumb Code     0  __rtentry2.o(.ARM.Collect$$rtentry$$0000000C)
    __rt_exit                                0x080001bb   Thumb Code     0  rtexit.o(.ARM.Collect$$rtexit$$00000000)
    __rt_exit_ls                             0x080001bd   Thumb Code     0  rtexit2.o(.ARM.Collect$$rtexit$$00000003)
    __rt_exit_prels_1                        0x080001bd   Thumb Code     0  rtexit2.o(.ARM.Collect$$rtexit$$00000002)
    __rt_exit_exit                           0x080001c1   Thumb Code     0  rtexit2.o(.ARM.Collect$$rtexit$$00000004)
    Reset_Handler                            0x080001c9   Thumb Code     8  startup_stm32f10x_md.o(.text)
    ADC1_2_IRQHandler                        0x080001e3   Thumb Code     0  startup_stm32f10x_md.o(.text)
    CAN1_RX1_IRQHandler                      0x080001e3   Thumb Code     0  startup_stm32f10x_md.o(.text)
    CAN1_SCE_IRQHandler                      0x080001e3   Thumb Code     0  startup_stm32f10x_md.o(.text)
    DMA1_Channel1_IRQHandler                 0x080001e3   Thumb Code     0  startup_stm32f10x_md.o(.text)
    DMA1_Channel2_IRQHandler                 0x080001e3   Thumb Code     0  startup_stm32f10x_md.o(.text)
    DMA1_Channel3_IRQHandler                 0x080001e3   Thumb Code     0  startup_stm32f10x_md.o(.text)
    DMA1_Channel4_IRQHandler                 0x080001e3   Thumb Code     0  startup_stm32f10x_md.o(.text)
    DMA1_Channel5_IRQHandler                 0x080001e3   Thumb Code     0  startup_stm32f10x_md.o(.text)
    DMA1_Channel6_IRQHandler                 0x080001e3   Thumb Code     0  startup_stm32f10x_md.o(.text)
    DMA1_Channel7_IRQHandler                 0x080001e3   Thumb Code     0  startup_stm32f10x_md.o(.text)
    EXTI0_IRQHandler                         0x080001e3   Thumb Code     0  startup_stm32f10x_md.o(.text)
    EXTI15_10_IRQHandler                     0x080001e3   Thumb Code     0  startup_stm32f10x_md.o(.text)
    EXTI1_IRQHandler                         0x080001e3   Thumb Code     0  startup_stm32f10x_md.o(.text)
    EXTI2_IRQHandler                         0x080001e3   Thumb Code     0  startup_stm32f10x_md.o(.text)
    EXTI3_IRQHandler                         0x080001e3   Thumb Code     0  startup_stm32f10x_md.o(.text)
    EXTI4_IRQHandler                         0x080001e3   Thumb Code     0  startup_stm32f10x_md.o(.text)
    EXTI9_5_IRQHandler                       0x080001e3   Thumb Code     0  startup_stm32f10x_md.o(.text)
    FLASH_IRQHandler                         0x080001e3   Thumb Code     0  startup_stm32f10x_md.o(.text)
    I2C1_ER_IRQHandler                       0x080001e3   Thumb Code     0  startup_stm32f10x_md.o(.text)
    I2C1_EV_IRQHandler                       0x080001e3   Thumb Code     0  startup_stm32f10x_md.o(.text)
    I2C2_ER_IRQHandler                       0x080001e3   Thumb Code     0  startup_stm32f10x_md.o(.text)
    I2C2_EV_IRQHandler                       0x080001e3   Thumb Code     0  startup_stm32f10x_md.o(.text)
    PVD_IRQHandler                           0x080001e3   Thumb Code     0  startup_stm32f10x_md.o(.text)
    RCC_IRQHandler                           0x080001e3   Thumb Code     0  startup_stm32f10x_md.o(.text)
    RTCAlarm_IRQHandler                      0x080001e3   Thumb Code     0  startup_stm32f10x_md.o(.text)
    RTC_IRQHandler                           0x080001e3   Thumb Code     0  startup_stm32f10x_md.o(.text)
    SPI1_IRQHandler                          0x080001e3   Thumb Code     0  startup_stm32f10x_md.o(.text)
    SPI2_IRQHandler                          0x080001e3   Thumb Code     0  startup_stm32f10x_md.o(.text)
    TAMPER_IRQHandler                        0x080001e3   Thumb Code     0  startup_stm32f10x_md.o(.text)
    TIM1_BRK_IRQHandler                      0x080001e3   Thumb Code     0  startup_stm32f10x_md.o(.text)
    TIM1_CC_IRQHandler                       0x080001e3   Thumb Code     0  startup_stm32f10x_md.o(.text)
    TIM1_TRG_COM_IRQHandler                  0x080001e3   Thumb Code     0  startup_stm32f10x_md.o(.text)
    TIM1_UP_IRQHandler                       0x080001e3   Thumb Code     0  startup_stm32f10x_md.o(.text)
    TIM2_IRQHandler                          0x080001e3   Thumb Code     0  startup_stm32f10x_md.o(.text)
    TIM3_IRQHandler                          0x080001e3   Thumb Code     0  startup_stm32f10x_md.o(.text)
    TIM4_IRQHandler                          0x080001e3   Thumb Code     0  startup_stm32f10x_md.o(.text)
    USART2_IRQHandler                        0x080001e3   Thumb Code     0  startup_stm32f10x_md.o(.text)
    USART3_IRQHandler                        0x080001e3   Thumb Code     0  startup_stm32f10x_md.o(.text)
    USB_HP_CAN1_TX_IRQHandler                0x080001e3   Thumb Code     0  startup_stm32f10x_md.o(.text)
    WWDG_IRQHandler                          0x080001e3   Thumb Code     0  startup_stm32f10x_md.o(.text)
    __user_initial_stackheap                 0x080001e5   Thumb Code     0  startup_stm32f10x_md.o(.text)
    __use_no_semihosting                     0x08000209   Thumb Code     2  use_no_semi_2.o(.text)
    __use_two_region_memory                  0x0800020b   Thumb Code     2  heapauxi.o(.text)
    __rt_heap_escrow$2region                 0x0800020d   Thumb Code     2  heapauxi.o(.text)
    __rt_heap_expand$2region                 0x0800020f   Thumb Code     2  heapauxi.o(.text)
    __I$use$semihosting                      0x08000211   Thumb Code     0  use_no_semi.o(.text)
    __use_no_semihosting_swi                 0x08000211   Thumb Code     2  use_no_semi.o(.text)
    __user_setup_stackheap                   0x08000213   Thumb Code    74  sys_stackheap_outer.o(.text)
    exit                                     0x0800025d   Thumb Code    12  exit.o(.text)
    __user_libspace                          0x08000269   Thumb Code     8  libspace.o(.text)
    __user_perproc_libspace                  0x08000269   Thumb Code     0  libspace.o(.text)
    __user_perthread_libspace                0x08000269   Thumb Code     0  libspace.o(.text)
    ADC_Cmd                                  0x08000271   Thumb Code    22  stm32f10x_adc.o(i.ADC_Cmd)
    ADC_DeInit                               0x08000289   Thumb Code    78  stm32f10x_adc.o(i.ADC_DeInit)
    ADC_GetCalibrationStatus                 0x080002e5   Thumb Code    20  stm32f10x_adc.o(i.ADC_GetCalibrationStatus)
    ADC_GetConversionValue                   0x080002f9   Thumb Code     8  stm32f10x_adc.o(i.ADC_GetConversionValue)
    ADC_GetFlagStatus                        0x08000301   Thumb Code    18  stm32f10x_adc.o(i.ADC_GetFlagStatus)
    ADC_GetResetCalibrationStatus            0x08000313   Thumb Code    20  stm32f10x_adc.o(i.ADC_GetResetCalibrationStatus)
    ADC_Init                                 0x08000329   Thumb Code    70  stm32f10x_adc.o(i.ADC_Init)
    ADC_RegularChannelConfig                 0x08000379   Thumb Code   184  stm32f10x_adc.o(i.ADC_RegularChannelConfig)
    ADC_ResetCalibration                     0x08000431   Thumb Code    10  stm32f10x_adc.o(i.ADC_ResetCalibration)
    ADC_SoftwareStartConvCmd                 0x0800043b   Thumb Code    22  stm32f10x_adc.o(i.ADC_SoftwareStartConvCmd)
    ADC_StartCalibration                     0x08000451   Thumb Code    10  stm32f10x_adc.o(i.ADC_StartCalibration)
    Adc_Init                                 0x0800045d   Thumb Code   146  adc.o(i.Adc_Init)
    BusFault_Handler                         0x080004fd   Thumb Code     4  stm32f10x_it.o(i.BusFault_Handler)
    ByteSwap                                 0x08000501   Thumb Code    12  usb_regs.o(i.ByteSwap)
    CTR_LP                                   0x0800050d   Thumb Code   616  usb_int.o(i.CTR_LP)
    ClearDTOG_RX                             0x08000795   Thumb Code    48  usb_regs.o(i.ClearDTOG_RX)
    ClearDTOG_TX                             0x080007c9   Thumb Code    48  usb_regs.o(i.ClearDTOG_TX)
    Clear_Status_Out                         0x080007fd   Thumb Code    34  usb_regs.o(i.Clear_Status_Out)
    DebugMon_Handler                         0x08000c39   Thumb Code     2  stm32f10x_it.o(i.DebugMon_Handler)
    EP1_IN_Callback                          0x08000c3d   Thumb Code   138  usb_endp.o(i.EP1_IN_Callback)
    EP3_OUT_Callback                         0x08000ccd   Thumb Code    28  usb_endp.o(i.EP3_OUT_Callback)
    EXTI_ClearITPendingBit                   0x08000ced   Thumb Code     6  stm32f10x_exti.o(i.EXTI_ClearITPendingBit)
    EXTI_Init                                0x08000cf9   Thumb Code   142  stm32f10x_exti.o(i.EXTI_Init)
    Enter_LowPowerMode                       0x08000d8d   Thumb Code     8  hw_config.o(i.Enter_LowPowerMode)
    GPIO_Init                                0x08000d99   Thumb Code   278  stm32f10x_gpio.o(i.GPIO_Init)
    GPIO_PinRemapConfig                      0x08000eb1   Thumb Code   138  stm32f10x_gpio.o(i.GPIO_PinRemapConfig)
    GPIO_ResetBits                           0x08000f41   Thumb Code     4  stm32f10x_gpio.o(i.GPIO_ResetBits)
    GPIO_SetBits                             0x08000f45   Thumb Code     4  stm32f10x_gpio.o(i.GPIO_SetBits)
    GetEPRxAddr                              0x08000f49   Thumb Code    24  usb_regs.o(i.GetEPRxAddr)
    GetEPRxCount                             0x08000f69   Thumb Code    26  usb_regs.o(i.GetEPRxCount)
    GetEPTxAddr                              0x08000f8d   Thumb Code    22  usb_regs.o(i.GetEPTxAddr)
    Get_Adc                                  0x08000fad   Thumb Code    46  adc.o(i.Get_Adc)
    Get_All_ADC_DAT                          0x08000fe1   Thumb Code   360  adc.o(i.Get_All_ADC_DAT)
    Get_SerialNum                            0x08001155   Thumb Code    42  hw_config.o(i.Get_SerialNum)
    HardFault_Handler                        0x08001189   Thumb Code     4  stm32f10x_it.o(i.HardFault_Handler)
    In0_Process                              0x0800118d   Thumb Code    98  usb_core.o(i.In0_Process)
    IntToUnicode                             0x080011fd   Thumb Code    62  hw_config.o(i.IntToUnicode)
    LCD_Pow                                  0x0800123b   Thumb Code    22  lcd.o(i.LCD_Pow)
    LCD_ShowChar                             0x08001251   Thumb Code   304  lcd.o(i.LCD_ShowChar)
    LCD_ShowNum                              0x0800138d   Thumb Code   152  lcd.o(i.LCD_ShowNum)
    LCD_ShowStr                              0x08001425   Thumb Code    80  lcd.o(i.LCD_ShowStr)
    LCD_write_8bit_dat                       0x08001475   Thumb Code    30  lcdgpio.o(i.LCD_write_8bit_dat)
    Leave_LowPowerMode                       0x08001499   Thumb Code    22  hw_config.o(i.Leave_LowPowerMode)
    MCUGPIO_Init                             0x080014b9   Thumb Code    78  lcdgpio.o(i.MCUGPIO_Init)
    MemManage_Handler                        0x08001515   Thumb Code     4  stm32f10x_it.o(i.MemManage_Handler)
    Meter_GPIO_Init                          0x08001519   Thumb Code    70  io.o(i.Meter_GPIO_Init)
    NMI_Handler                              0x0800156d   Thumb Code     2  stm32f10x_it.o(i.NMI_Handler)
    NOP_Process                              0x0800156f   Thumb Code     2  usb_core.o(i.NOP_Process)
    NVIC_Init                                0x08001571   Thumb Code   100  misc.o(i.NVIC_Init)
    NVIC_PriorityGroupConfig                 0x080015e1   Thumb Code    10  misc.o(i.NVIC_PriorityGroupConfig)
    Out0_Process                             0x0800172d   Thumb Code    70  usb_core.o(i.Out0_Process)
    PMAToUserBufferCopy                      0x0800177d   Thumb Code    34  usb_mem.o(i.PMAToUserBufferCopy)
    PendSV_Handler                           0x080017a5   Thumb Code     2  stm32f10x_it.o(i.PendSV_Handler)
    Post0_Process                            0x080017a9   Thumb Code    54  usb_core.o(i.Post0_Process)
    PowerOn                                  0x080017f1   Thumb Code    54  usb_pwr.o(i.PowerOn)
    RCC_ADCCLKConfig                         0x08001831   Thumb Code    18  stm32f10x_rcc.o(i.RCC_ADCCLKConfig)
    RCC_APB1PeriphClockCmd                   0x08001849   Thumb Code    26  stm32f10x_rcc.o(i.RCC_APB1PeriphClockCmd)
    RCC_APB2PeriphClockCmd                   0x08001869   Thumb Code    26  stm32f10x_rcc.o(i.RCC_APB2PeriphClockCmd)
    RCC_APB2PeriphResetCmd                   0x08001889   Thumb Code    26  stm32f10x_rcc.o(i.RCC_APB2PeriphResetCmd)
    RCC_USBCLKConfig                         0x080018a9   Thumb Code     6  stm32f10x_rcc.o(i.RCC_USBCLKConfig)
    Resume                                   0x080018b5   Thumb Code   194  usb_pwr.o(i.Resume)
    Resume_Init                              0x08001985   Thumb Code    30  usb_pwr.o(i.Resume_Init)
    SOF_Callback                             0x080019a9   Thumb Code    38  usb_endp.o(i.SOF_Callback)
    SVC_Handler                              0x080019d9   Thumb Code     2  stm32f10x_it.o(i.SVC_Handler)
    SetBTABLE                                0x080019dd   Thumb Code    12  usb_regs.o(i.SetBTABLE)
    SetDeviceAddress                         0x080019ed   Thumb Code    68  usb_core.o(i.SetDeviceAddress)
    SetEPRxAddr                              0x08001a3d   Thumb Code    26  usb_regs.o(i.SetEPRxAddr)
    SetEPRxCount                             0x08001a61   Thumb Code    68  usb_regs.o(i.SetEPRxCount)
    SetEPRxStatus                            0x08001aad   Thumb Code    60  usb_regs.o(i.SetEPRxStatus)
    SetEPRxValid                             0x08001aed   Thumb Code    48  usb_regs.o(i.SetEPRxValid)
    SetEPTxAddr                              0x08001b21   Thumb Code    24  usb_regs.o(i.SetEPTxAddr)
    SetEPTxCount                             0x08001b41   Thumb Code    20  usb_regs.o(i.SetEPTxCount)
    SetEPTxStatus                            0x08001b5d   Thumb Code    60  usb_regs.o(i.SetEPTxStatus)
    SetEPTxValid                             0x08001b9d   Thumb Code    48  usb_regs.o(i.SetEPTxValid)
    SetEPType                                0x08001bd1   Thumb Code    32  usb_regs.o(i.SetEPType)
    Set_Position                             0x08001cdd   Thumb Code    44  lcd.o(i.Set_Position)
    Set_USBClock                             0x08001d09   Thumb Code    18  hw_config.o(i.Set_USBClock)
    Set_show_windows                         0x08001d1b   Thumb Code    52  lcd.o(i.Set_show_windows)
    Setup0_Process                           0x08001d51   Thumb Code   170  usb_core.o(i.Setup0_Process)
    Standard_ClearFeature                    0x08001e09   Thumb Code   342  usb_core.o(i.Standard_ClearFeature)
    Standard_GetConfiguration                0x08001f75   Thumb Code    34  usb_core.o(i.Standard_GetConfiguration)
    Standard_GetDescriptorData               0x08001fa1   Thumb Code    32  usb_core.o(i.Standard_GetDescriptorData)
    Standard_GetInterface                    0x08001fc5   Thumb Code    34  usb_core.o(i.Standard_GetInterface)
    Standard_GetStatus                       0x08001ff1   Thumb Code   238  usb_core.o(i.Standard_GetStatus)
    Standard_SetConfiguration                0x080020f1   Thumb Code    60  usb_core.o(i.Standard_SetConfiguration)
    Standard_SetDeviceFeature                0x08002139   Thumb Code    30  usb_core.o(i.Standard_SetDeviceFeature)
    Standard_SetEndPointFeature              0x08002161   Thumb Code   192  usb_core.o(i.Standard_SetEndPointFeature)
    Standard_SetInterface                    0x08002231   Thumb Code    96  usb_core.o(i.Standard_SetInterface)
    Suspend                                  0x0800229d   Thumb Code   142  usb_pwr.o(i.Suspend)
    SysTick_CLKSourceConfig                  0x08002339   Thumb Code    40  misc.o(i.SysTick_CLKSourceConfig)
    SysTick_Handler                          0x08002361   Thumb Code     2  stm32f10x_it.o(i.SysTick_Handler)
    SystemInit                               0x08002365   Thumb Code    78  system_stm32f10x.o(i.SystemInit)
    TSF8H_clr                                0x080023c5   Thumb Code    40  lcd.o(i.TSF8H_clr)
    TSF8H_init                               0x080023ed   Thumb Code   290  lcd.o(i.TSF8H_init)
    TSF8H_set_contrast                       0x08002515   Thumb Code    18  lcd.o(i.TSF8H_set_contrast)
    TSF8H_wcmd                               0x08002529   Thumb Code    56  lcd.o(i.TSF8H_wcmd)
    TSF8H_wdat                               0x08002569   Thumb Code    56  lcd.o(i.TSF8H_wdat)
    USART1_IRQHandler                        0x080025a9   Thumb Code   122  usart.o(i.USART1_IRQHandler)
    USART_Config                             0x08002631   Thumb Code    20  hw_config.o(i.USART_Config)
    USART_GetITStatus                        0x0800264d   Thumb Code    84  stm32f10x_usart.o(i.USART_GetITStatus)
    USART_ReceiveData                        0x080026a1   Thumb Code    10  stm32f10x_usart.o(i.USART_ReceiveData)
    USBWakeUp_IRQHandler                     0x080026ab   Thumb Code    12  hw_config.o(i.USBWakeUp_IRQHandler)
    USB_Cable_Config                         0x080026b7   Thumb Code     2  hw_config.o(i.USB_Cable_Config)
    USB_Init                                 0x080026b9   Thumb Code    36  usb_init.o(i.USB_Init)
    USB_Interrupts_Config                    0x080026f5   Thumb Code    84  hw_config.o(i.USB_Interrupts_Config)
    USB_Istr                                 0x08002749   Thumb Code   426  usb_istr.o(i.USB_Istr)
    USB_LP_CAN1_RX0_IRQHandler               0x08002919   Thumb Code     8  hw_config.o(i.USB_LP_CAN1_RX0_IRQHandler)
    USB_Port_Set                             0x08002921   Thumb Code    74  hw_config.o(i.USB_Port_Set)
    USB_SIL_Init                             0x08002979   Thumb Code    28  usb_sil.o(i.USB_SIL_Init)
    USB_SIL_Read                             0x0800299d   Thumb Code    46  usb_sil.o(i.USB_SIL_Read)
    USB_To_USART_Send_Data                   0x080029cd   Thumb Code   120  hw_config.o(i.USB_To_USART_Send_Data)
    USB_USART_SendData                       0x08002a4d   Thumb Code    42  hw_config.o(i.USB_USART_SendData)
    UsageFault_Handler                       0x08002a7d   Thumb Code     4  stm32f10x_it.o(i.UsageFault_Handler)
    UserToPMABufferCopy                      0x08002a81   Thumb Code    52  usb_mem.o(i.UserToPMABufferCopy)
    Virtual_Com_Port_Data_Setup              0x08002ab9   Thumb Code    82  usb_prop.o(i.Virtual_Com_Port_Data_Setup)
    Virtual_Com_Port_GetConfigDescriptor     0x08002b1d   Thumb Code    14  usb_prop.o(i.Virtual_Com_Port_GetConfigDescriptor)
    Virtual_Com_Port_GetDeviceDescriptor     0x08002b31   Thumb Code    14  usb_prop.o(i.Virtual_Com_Port_GetDeviceDescriptor)
    Virtual_Com_Port_GetLineCoding           0x08002b45   Thumb Code    20  usb_prop.o(i.Virtual_Com_Port_GetLineCoding)
    Virtual_Com_Port_GetStringDescriptor     0x08002b61   Thumb Code    32  usb_prop.o(i.Virtual_Com_Port_GetStringDescriptor)
    Virtual_Com_Port_Get_Interface_Setting   0x08002b89   Thumb Code    22  usb_prop.o(i.Virtual_Com_Port_Get_Interface_Setting)
    Virtual_Com_Port_NoData_Setup            0x08002ba1   Thumb Code    36  usb_prop.o(i.Virtual_Com_Port_NoData_Setup)
    Virtual_Com_Port_Reset                   0x08002bc9   Thumb Code   216  usb_prop.o(i.Virtual_Com_Port_Reset)
    Virtual_Com_Port_SetConfiguration        0x08002cb1   Thumb Code    14  usb_prop.o(i.Virtual_Com_Port_SetConfiguration)
    Virtual_Com_Port_SetDeviceAddress        0x08002cc9   Thumb Code     8  usb_prop.o(i.Virtual_Com_Port_SetDeviceAddress)
    Virtual_Com_Port_SetLineCoding           0x08002cd5   Thumb Code    20  usb_prop.o(i.Virtual_Com_Port_SetLineCoding)
    Virtual_Com_Port_Status_In               0x08002cf1   Thumb Code    22  usb_prop.o(i.Virtual_Com_Port_Status_In)
    Virtual_Com_Port_Status_Out              0x08002d0d   Thumb Code     2  usb_prop.o(i.Virtual_Com_Port_Status_Out)
    Virtual_Com_Port_init                    0x08002d11   Thumb Code    30  usb_prop.o(i.Virtual_Com_Port_init)
    _sys_exit                                0x08002d39   Thumb Code     6  usart.o(i._sys_exit)
    delay_init                               0x08002d41   Thumb Code    50  delay.o(i.delay_init)
    delay_ms                                 0x08002d85   Thumb Code    72  delay.o(i.delay_ms)
    main                                     0x08002dd1   Thumb Code   610  main.o(i.main)
    quickly_dat                              0x0800307d   Thumb Code    60  lcd.o(i.quickly_dat)
    asc2_1206                                0x080030bc   Data        1140  lcd.o(.constdata)
    asc2_1608                                0x08003530   Data        1520  lcd.o(.constdata)
    asc2_2412                                0x08003b20   Data        3420  lcd.o(.constdata)
    Virtual_Com_Port_DeviceDescriptor        0x0800487c   Data          18  usb_desc.o(.constdata)
    Virtual_Com_Port_ConfigDescriptor        0x0800488e   Data          67  usb_desc.o(.constdata)
    Virtual_Com_Port_StringLangID            0x080048d1   Data           4  usb_desc.o(.constdata)
    Virtual_Com_Port_StringVendor            0x080048d5   Data          38  usb_desc.o(.constdata)
    Virtual_Com_Port_StringProduct           0x080048fb   Data          50  usb_desc.o(.constdata)
    Region$$Table$$Base                      0x08004930   Number         0  anon$$obj.o(Region$$Table)
    Region$$Table$$Limit                     0x08004950   Number         0  anon$$obj.o(Region$$Table)
    SystemCoreClock                          0x20000000   Data           4  system_stm32f10x.o(.data)
    AHBPrescTable                            0x20000004   Data          16  system_stm32f10x.o(.data)
    __stdout                                 0x20000018   Data           4  usart.o(.data)
    USART_RX_STA                             0x2000001c   Data           2  usart.o(.data)
    StatusInfo                               0x2000001e   Data           2  usb_core.o(.data)
    Data_Mul_MaxPacketSize                   0x20000020   Data           1  usb_core.o(.data)
    EPindex                                  0x20000024   Data           1  usb_init.o(.data)
    pInformation                             0x20000028   Data           4  usb_init.o(.data)
    pProperty                                0x2000002c   Data           4  usb_init.o(.data)
    SaveState                                0x20000030   Data           2  usb_init.o(.data)
    wInterrupt_Mask                          0x20000032   Data           2  usb_init.o(.data)
    pUser_Standard_Requests                  0x20000034   Data           4  usb_init.o(.data)
    SaveRState                               0x20000038   Data           2  usb_int.o(.data)
    SaveTState                               0x2000003a   Data           2  usb_int.o(.data)
    USB_USART_RX_STA                         0x2000003c   Data           2  hw_config.o(.data)
    Virtual_Com_Port_StringSerial            0x2000003e   Data          26  usb_desc.o(.data)
    wIstr                                    0x2000005c   Data           2  usb_istr.o(.data)
    bIntPackSOF                              0x2000005e   Data           1  usb_istr.o(.data)
    esof_counter                             0x20000060   Data           4  usb_istr.o(.data)
    wCNTR                                    0x20000064   Data           4  usb_istr.o(.data)
    pEpInt_IN                                0x20000068   Data          28  usb_istr.o(.data)
    pEpInt_OUT                               0x20000084   Data          28  usb_istr.o(.data)
    Request                                  0x200000a0   Data           1  usb_prop.o(.data)
    linecoding                               0x200000a4   Data           8  usb_prop.o(.data)
    Device_Table                             0x200000ac   Data           2  usb_prop.o(.data)
    Device_Property                          0x200000b0   Data          48  usb_prop.o(.data)
    User_Standard_Requests                   0x200000e0   Data          36  usb_prop.o(.data)
    Device_Descriptor                        0x20000104   Data           8  usb_prop.o(.data)
    Config_Descriptor                        0x2000010c   Data           8  usb_prop.o(.data)
    String_Descriptor                        0x20000114   Data          32  usb_prop.o(.data)
    bDeviceState                             0x20000134   Data           4  usb_pwr.o(.data)
    fSuspendEnabled                          0x20000138   Data           1  usb_pwr.o(.data)
    ResumeS                                  0x20000139   Data           2  usb_pwr.o(.data)
    remotewakeupon                           0x2000013c   Data           4  usb_pwr.o(.data)
    ADC_Dat                                  0x20000140   Data          32  adc.o(.bss)
    ADC_Vol_Dat                              0x20000160   Data          32  adc.o(.bss)
    USART_RX_BUF                             0x20000180   Data         200  usart.o(.bss)
    Device_Info                              0x20000248   Data          28  usb_init.o(.bss)
    uu_txfifo                                0x20000264   Data        1028  hw_config.o(.bss)
    USART_PRINTF_Buffer                      0x20000668   Data         200  hw_config.o(.bss)
    USB_USART_RX_BUF                         0x20000730   Data         200  hw_config.o(.bss)
    USB_Rx_Buffer                            0x200007f8   Data          64  usb_endp.o(.bss)
    EP                                       0x20000838   Data          32  usb_pwr.o(.bss)
    __libspace_start                         0x20000858   Data          96  libspace.o(.bss)
    __temporary_stack_top$libspace           0x200008b8   Data           0  libspace.o(.bss)



==============================================================================

Memory Map of the image

  Image Entry point : 0x080000ed

  Load Region LR_IROM1 (Base: 0x08000000, Size: 0x00004a90, Max: 0x00010000, ABSOLUTE, COMPRESSED[0x000049d8])

    Execution Region ER_IROM1 (Base: 0x08000000, Size: 0x00004950, Max: 0x00010000, ABSOLUTE)

    Base Addr    Size         Type   Attr      Idx    E Section Name        Object

    0x08000000   0x000000ec   Data   RO          641    RESET               startup_stm32f10x_md.o
    0x080000ec   0x00000008   Code   RO         2364  * !!!main             c_w.l(__main.o)
    0x080000f4   0x00000034   Code   RO         2675    !!!scatter          c_w.l(__scatter.o)
    0x08000128   0x0000005a   Code   RO         2673    !!dczerorl2         c_w.l(__dczerorl2.o)
    0x08000182   0x00000002   PAD
    0x08000184   0x0000001c   Code   RO         2677    !!handler_zi        c_w.l(__scatter_zi.o)
    0x080001a0   0x00000002   Code   RO         2538    .ARM.Collect$$libinit$$00000000  c_w.l(libinit.o)
    0x080001a2   0x00000000   Code   RO         2555    .ARM.Collect$$libinit$$00000002  c_w.l(libinit2.o)
    0x080001a2   0x00000000   Code   RO         2557    .ARM.Collect$$libinit$$00000004  c_w.l(libinit2.o)
    0x080001a2   0x00000000   Code   RO         2560    .ARM.Collect$$libinit$$0000000A  c_w.l(libinit2.o)
    0x080001a2   0x00000000   Code   RO         2562    .ARM.Collect$$libinit$$0000000C  c_w.l(libinit2.o)
    0x080001a2   0x00000000   Code   RO         2564    .ARM.Collect$$libinit$$0000000E  c_w.l(libinit2.o)
    0x080001a2   0x00000000   Code   RO         2567    .ARM.Collect$$libinit$$00000011  c_w.l(libinit2.o)
    0x080001a2   0x00000000   Code   RO         2569    .ARM.Collect$$libinit$$00000013  c_w.l(libinit2.o)
    0x080001a2   0x00000000   Code   RO         2571    .ARM.Collect$$libinit$$00000015  c_w.l(libinit2.o)
    0x080001a2   0x00000000   Code   RO         2573    .ARM.Collect$$libinit$$00000017  c_w.l(libinit2.o)
    0x080001a2   0x00000000   Code   RO         2575    .ARM.Collect$$libinit$$00000019  c_w.l(libinit2.o)
    0x080001a2   0x00000000   Code   RO         2577    .ARM.Collect$$libinit$$0000001B  c_w.l(libinit2.o)
    0x080001a2   0x00000000   Code   RO         2579    .ARM.Collect$$libinit$$0000001D  c_w.l(libinit2.o)
    0x080001a2   0x00000000   Code   RO         2581    .ARM.Collect$$libinit$$0000001F  c_w.l(libinit2.o)
    0x080001a2   0x00000000   Code   RO         2583    .ARM.Collect$$libinit$$00000021  c_w.l(libinit2.o)
    0x080001a2   0x00000000   Code   RO         2585    .ARM.Collect$$libinit$$00000023  c_w.l(libinit2.o)
    0x080001a2   0x00000000   Code   RO         2587    .ARM.Collect$$libinit$$00000025  c_w.l(libinit2.o)
    0x080001a2   0x00000000   Code   RO         2591    .ARM.Collect$$libinit$$0000002C  c_w.l(libinit2.o)
    0x080001a2   0x00000000   Code   RO         2593    .ARM.Collect$$libinit$$0000002E  c_w.l(libinit2.o)
    0x080001a2   0x00000000   Code   RO         2595    .ARM.Collect$$libinit$$00000030  c_w.l(libinit2.o)
    0x080001a2   0x00000000   Code   RO         2597    .ARM.Collect$$libinit$$00000032  c_w.l(libinit2.o)
    0x080001a2   0x00000002   Code   RO         2598    .ARM.Collect$$libinit$$00000033  c_w.l(libinit2.o)
    0x080001a4   0x00000002   Code   RO         2616    .ARM.Collect$$libshutdown$$00000000  c_w.l(libshutdown.o)
    0x080001a6   0x00000000   Code   RO         2627    .ARM.Collect$$libshutdown$$00000003  c_w.l(libshutdown2.o)
    0x080001a6   0x00000000   Code   RO         2630    .ARM.Collect$$libshutdown$$00000006  c_w.l(libshutdown2.o)
    0x080001a6   0x00000000   Code   RO         2633    .ARM.Collect$$libshutdown$$00000009  c_w.l(libshutdown2.o)
    0x080001a6   0x00000000   Code   RO         2635    .ARM.Collect$$libshutdown$$0000000B  c_w.l(libshutdown2.o)
    0x080001a6   0x00000000   Code   RO         2638    .ARM.Collect$$libshutdown$$0000000E  c_w.l(libshutdown2.o)
    0x080001a6   0x00000002   Code   RO         2639    .ARM.Collect$$libshutdown$$0000000F  c_w.l(libshutdown2.o)
    0x080001a8   0x00000000   Code   RO         2368    .ARM.Collect$$rtentry$$00000000  c_w.l(__rtentry.o)
    0x080001a8   0x00000000   Code   RO         2463    .ARM.Collect$$rtentry$$00000002  c_w.l(__rtentry2.o)
    0x080001a8   0x00000006   Code   RO         2475    .ARM.Collect$$rtentry$$00000004  c_w.l(__rtentry4.o)
    0x080001ae   0x00000000   Code   RO         2465    .ARM.Collect$$rtentry$$00000009  c_w.l(__rtentry2.o)
    0x080001ae   0x00000004   Code   RO         2466    .ARM.Collect$$rtentry$$0000000A  c_w.l(__rtentry2.o)
    0x080001b2   0x00000000   Code   RO         2468    .ARM.Collect$$rtentry$$0000000C  c_w.l(__rtentry2.o)
    0x080001b2   0x00000008   Code   RO         2469    .ARM.Collect$$rtentry$$0000000D  c_w.l(__rtentry2.o)
    0x080001ba   0x00000002   Code   RO         2547    .ARM.Collect$$rtexit$$00000000  c_w.l(rtexit.o)
    0x080001bc   0x00000000   Code   RO         2600    .ARM.Collect$$rtexit$$00000002  c_w.l(rtexit2.o)
    0x080001bc   0x00000004   Code   RO         2601    .ARM.Collect$$rtexit$$00000003  c_w.l(rtexit2.o)
    0x080001c0   0x00000006   Code   RO         2602    .ARM.Collect$$rtexit$$00000004  c_w.l(rtexit2.o)
    0x080001c6   0x00000002   PAD
    0x080001c8   0x00000040   Code   RO          642    .text               startup_stm32f10x_md.o
    0x08000208   0x00000002   Code   RO         2356    .text               c_w.l(use_no_semi_2.o)
    0x0800020a   0x00000006   Code   RO         2362    .text               c_w.l(heapauxi.o)
    0x08000210   0x00000002   Code   RO         2366    .text               c_w.l(use_no_semi.o)
    0x08000212   0x0000004a   Code   RO         2492    .text               c_w.l(sys_stackheap_outer.o)
    0x0800025c   0x0000000c   Code   RO         2531    .text               c_w.l(exit.o)
    0x08000268   0x00000008   Code   RO         2544    .text               c_w.l(libspace.o)
    0x08000270   0x00000016   Code   RO         1236    i.ADC_Cmd           stm32f10x_adc.o
    0x08000286   0x00000002   PAD
    0x08000288   0x0000005c   Code   RO         1238    i.ADC_DeInit        stm32f10x_adc.o
    0x080002e4   0x00000014   Code   RO         1244    i.ADC_GetCalibrationStatus  stm32f10x_adc.o
    0x080002f8   0x00000008   Code   RO         1245    i.ADC_GetConversionValue  stm32f10x_adc.o
    0x08000300   0x00000012   Code   RO         1247    i.ADC_GetFlagStatus  stm32f10x_adc.o
    0x08000312   0x00000014   Code   RO         1250    i.ADC_GetResetCalibrationStatus  stm32f10x_adc.o
    0x08000326   0x00000002   PAD
    0x08000328   0x00000050   Code   RO         1254    i.ADC_Init          stm32f10x_adc.o
    0x08000378   0x000000b8   Code   RO         1258    i.ADC_RegularChannelConfig  stm32f10x_adc.o
    0x08000430   0x0000000a   Code   RO         1259    i.ADC_ResetCalibration  stm32f10x_adc.o
    0x0800043a   0x00000016   Code   RO         1261    i.ADC_SoftwareStartConvCmd  stm32f10x_adc.o
    0x08000450   0x0000000a   Code   RO         1263    i.ADC_StartCalibration  stm32f10x_adc.o
    0x0800045a   0x00000002   PAD
    0x0800045c   0x000000a0   Code   RO          463    i.Adc_Init          adc.o
    0x080004fc   0x00000004   Code   RO          172    i.BusFault_Handler  stm32f10x_it.o
    0x08000500   0x0000000c   Code   RO         1645    i.ByteSwap          usb_regs.o
    0x0800050c   0x00000288   Code   RO         1598    i.CTR_LP            usb_int.o
    0x08000794   0x00000034   Code   RO         1646    i.ClearDTOG_RX      usb_regs.o
    0x080007c8   0x00000034   Code   RO         1647    i.ClearDTOG_TX      usb_regs.o
    0x080007fc   0x00000028   Code   RO         1652    i.Clear_Status_Out  usb_regs.o
    0x08000824   0x000000c0   Code   RO         1452    i.DataStageIn       usb_core.o
    0x080008e4   0x000000bc   Code   RO         1453    i.DataStageOut      usb_core.o
    0x080009a0   0x00000298   Code   RO         1454    i.Data_Setup0       usb_core.o
    0x08000c38   0x00000002   Code   RO          173    i.DebugMon_Handler  stm32f10x_it.o
    0x08000c3a   0x00000002   PAD
    0x08000c3c   0x00000090   Code   RO         2164    i.EP1_IN_Callback   usb_endp.o
    0x08000ccc   0x00000020   Code   RO         2165    i.EP3_OUT_Callback  usb_endp.o
    0x08000cec   0x0000000c   Code   RO         1177    i.EXTI_ClearITPendingBit  stm32f10x_exti.o
    0x08000cf8   0x00000094   Code   RO         1182    i.EXTI_Init         stm32f10x_exti.o
    0x08000d8c   0x0000000c   Code   RO         2029    i.Enter_LowPowerMode  hw_config.o
    0x08000d98   0x00000116   Code   RO          652    i.GPIO_Init         stm32f10x_gpio.o
    0x08000eae   0x00000002   PAD
    0x08000eb0   0x00000090   Code   RO          654    i.GPIO_PinRemapConfig  stm32f10x_gpio.o
    0x08000f40   0x00000004   Code   RO          659    i.GPIO_ResetBits    stm32f10x_gpio.o
    0x08000f44   0x00000004   Code   RO          660    i.GPIO_SetBits      stm32f10x_gpio.o
    0x08000f48   0x00000020   Code   RO         1664    i.GetEPRxAddr       usb_regs.o
    0x08000f68   0x00000024   Code   RO         1665    i.GetEPRxCount      usb_regs.o
    0x08000f8c   0x00000020   Code   RO         1667    i.GetEPTxAddr       usb_regs.o
    0x08000fac   0x00000034   Code   RO          464    i.Get_Adc           adc.o
    0x08000fe0   0x00000174   Code   RO          466    i.Get_All_ADC_DAT   adc.o
    0x08001154   0x00000034   Code   RO         2030    i.Get_SerialNum     hw_config.o
    0x08001188   0x00000004   Code   RO          174    i.HardFault_Handler  stm32f10x_it.o
    0x0800118c   0x00000070   Code   RO         1455    i.In0_Process       usb_core.o
    0x080011fc   0x0000003e   Code   RO         2031    i.IntToUnicode      hw_config.o
    0x0800123a   0x00000016   Code   RO          304    i.LCD_Pow           lcd.o
    0x08001250   0x0000013c   Code   RO          305    i.LCD_ShowChar      lcd.o
    0x0800138c   0x00000098   Code   RO          306    i.LCD_ShowNum       lcd.o
    0x08001424   0x00000050   Code   RO          307    i.LCD_ShowStr       lcd.o
    0x08001474   0x00000024   Code   RO          445    i.LCD_write_8bit_dat  lcdgpio.o
    0x08001498   0x00000020   Code   RO         2032    i.Leave_LowPowerMode  hw_config.o
    0x080014b8   0x0000005c   Code   RO          446    i.MCUGPIO_Init      lcdgpio.o
    0x08001514   0x00000004   Code   RO          175    i.MemManage_Handler  stm32f10x_it.o
    0x08001518   0x00000054   Code   RO          496    i.Meter_GPIO_Init   io.o
    0x0800156c   0x00000002   Code   RO          176    i.NMI_Handler       stm32f10x_it.o
    0x0800156e   0x00000002   Code   RO         1456    i.NOP_Process       usb_core.o
    0x08001570   0x00000070   Code   RO         1140    i.NVIC_Init         misc.o
    0x080015e0   0x00000014   Code   RO         1141    i.NVIC_PriorityGroupConfig  misc.o
    0x080015f4   0x00000138   Code   RO         1457    i.NoData_Setup0     usb_core.o
    0x0800172c   0x00000050   Code   RO         1458    i.Out0_Process      usb_core.o
    0x0800177c   0x00000028   Code   RO         1627    i.PMAToUserBufferCopy  usb_mem.o
    0x080017a4   0x00000002   Code   RO          177    i.PendSV_Handler    stm32f10x_it.o
    0x080017a6   0x00000002   PAD
    0x080017a8   0x00000048   Code   RO         1459    i.Post0_Process     usb_core.o
    0x080017f0   0x00000040   Code   RO         2312    i.PowerOn           usb_pwr.o
    0x08001830   0x00000018   Code   RO          760    i.RCC_ADCCLKConfig  stm32f10x_rcc.o
    0x08001848   0x00000020   Code   RO          762    i.RCC_APB1PeriphClockCmd  stm32f10x_rcc.o
    0x08001868   0x00000020   Code   RO          764    i.RCC_APB2PeriphClockCmd  stm32f10x_rcc.o
    0x08001888   0x00000020   Code   RO          765    i.RCC_APB2PeriphResetCmd  stm32f10x_rcc.o
    0x080018a8   0x0000000c   Code   RO          790    i.RCC_USBCLKConfig  stm32f10x_rcc.o
    0x080018b4   0x000000d0   Code   RO         2313    i.Resume            usb_pwr.o
    0x08001984   0x00000024   Code   RO         2314    i.Resume_Init       usb_pwr.o
    0x080019a8   0x00000030   Code   RO         2166    i.SOF_Callback      usb_endp.o
    0x080019d8   0x00000002   Code   RO          178    i.SVC_Handler       stm32f10x_it.o
    0x080019da   0x00000002   PAD
    0x080019dc   0x00000010   Code   RO         1675    i.SetBTABLE         usb_regs.o
    0x080019ec   0x00000050   Code   RO         1460    i.SetDeviceAddress  usb_core.o
    0x08001a3c   0x00000024   Code   RO         1689    i.SetEPRxAddr       usb_regs.o
    0x08001a60   0x0000004c   Code   RO         1690    i.SetEPRxCount      usb_regs.o
    0x08001aac   0x00000040   Code   RO         1691    i.SetEPRxStatus     usb_regs.o
    0x08001aec   0x00000034   Code   RO         1692    i.SetEPRxValid      usb_regs.o
    0x08001b20   0x00000020   Code   RO         1693    i.SetEPTxAddr       usb_regs.o
    0x08001b40   0x0000001c   Code   RO         1694    i.SetEPTxCount      usb_regs.o
    0x08001b5c   0x00000040   Code   RO         1695    i.SetEPTxStatus     usb_regs.o
    0x08001b9c   0x00000034   Code   RO         1696    i.SetEPTxValid      usb_regs.o
    0x08001bd0   0x00000024   Code   RO         1697    i.SetEPType         usb_regs.o
    0x08001bf4   0x00000008   Code   RO          261    i.SetSysClock       system_stm32f10x.o
    0x08001bfc   0x000000e0   Code   RO          262    i.SetSysClockTo72   system_stm32f10x.o
    0x08001cdc   0x0000002c   Code   RO          310    i.Set_Position      lcd.o
    0x08001d08   0x00000012   Code   RO         2033    i.Set_USBClock      hw_config.o
    0x08001d1a   0x00000034   Code   RO          311    i.Set_show_windows  lcd.o
    0x08001d4e   0x00000002   PAD
    0x08001d50   0x000000b8   Code   RO         1461    i.Setup0_Process    usb_core.o
    0x08001e08   0x0000016c   Code   RO         1462    i.Standard_ClearFeature  usb_core.o
    0x08001f74   0x0000002c   Code   RO         1463    i.Standard_GetConfiguration  usb_core.o
    0x08001fa0   0x00000024   Code   RO         1464    i.Standard_GetDescriptorData  usb_core.o
    0x08001fc4   0x0000002c   Code   RO         1465    i.Standard_GetInterface  usb_core.o
    0x08001ff0   0x00000100   Code   RO         1466    i.Standard_GetStatus  usb_core.o
    0x080020f0   0x00000048   Code   RO         1467    i.Standard_SetConfiguration  usb_core.o
    0x08002138   0x00000028   Code   RO         1468    i.Standard_SetDeviceFeature  usb_core.o
    0x08002160   0x000000d0   Code   RO         1469    i.Standard_SetEndPointFeature  usb_core.o
    0x08002230   0x0000006c   Code   RO         1470    i.Standard_SetInterface  usb_core.o
    0x0800229c   0x0000009c   Code   RO         2315    i.Suspend           usb_pwr.o
    0x08002338   0x00000028   Code   RO         1144    i.SysTick_CLKSourceConfig  misc.o
    0x08002360   0x00000002   Code   RO          179    i.SysTick_Handler   stm32f10x_it.o
    0x08002362   0x00000002   PAD
    0x08002364   0x00000060   Code   RO          264    i.SystemInit        system_stm32f10x.o
    0x080023c4   0x00000028   Code   RO          312    i.TSF8H_clr         lcd.o
    0x080023ec   0x00000128   Code   RO          313    i.TSF8H_init        lcd.o
    0x08002514   0x00000012   Code   RO          314    i.TSF8H_set_contrast  lcd.o
    0x08002526   0x00000002   PAD
    0x08002528   0x00000040   Code   RO          315    i.TSF8H_wcmd        lcd.o
    0x08002568   0x00000040   Code   RO          316    i.TSF8H_wdat        lcd.o
    0x080025a8   0x00000088   Code   RO          588    i.USART1_IRQHandler  usart.o
    0x08002630   0x0000001c   Code   RO         2034    i.USART_Config      hw_config.o
    0x0800264c   0x00000054   Code   RO          968    i.USART_GetITStatus  stm32f10x_usart.o
    0x080026a0   0x0000000a   Code   RO          978    i.USART_ReceiveData  stm32f10x_usart.o
    0x080026aa   0x0000000c   Code   RO         2035    i.USBWakeUp_IRQHandler  hw_config.o
    0x080026b6   0x00000002   Code   RO         2036    i.USB_Cable_Config  hw_config.o
    0x080026b8   0x0000003c   Code   RO         1574    i.USB_Init          usb_init.o
    0x080026f4   0x00000054   Code   RO         2037    i.USB_Interrupts_Config  hw_config.o
    0x08002748   0x000001d0   Code   RO         2192    i.USB_Istr          usb_istr.o
    0x08002918   0x00000008   Code   RO         2038    i.USB_LP_CAN1_RX0_IRQHandler  hw_config.o
    0x08002920   0x00000058   Code   RO         2039    i.USB_Port_Set      hw_config.o
    0x08002978   0x00000024   Code   RO         2005    i.USB_SIL_Init      usb_sil.o
    0x0800299c   0x0000002e   Code   RO         2006    i.USB_SIL_Read      usb_sil.o
    0x080029ca   0x00000002   PAD
    0x080029cc   0x00000080   Code   RO         2040    i.USB_To_USART_Send_Data  hw_config.o
    0x08002a4c   0x00000030   Code   RO         2041    i.USB_USART_SendData  hw_config.o
    0x08002a7c   0x00000004   Code   RO          180    i.UsageFault_Handler  stm32f10x_it.o
    0x08002a80   0x00000038   Code   RO         1628    i.UserToPMABufferCopy  usb_mem.o
    0x08002ab8   0x00000064   Code   RO         2210    i.Virtual_Com_Port_Data_Setup  usb_prop.o
    0x08002b1c   0x00000014   Code   RO         2211    i.Virtual_Com_Port_GetConfigDescriptor  usb_prop.o
    0x08002b30   0x00000014   Code   RO         2212    i.Virtual_Com_Port_GetDeviceDescriptor  usb_prop.o
    0x08002b44   0x0000001c   Code   RO         2213    i.Virtual_Com_Port_GetLineCoding  usb_prop.o
    0x08002b60   0x00000028   Code   RO         2214    i.Virtual_Com_Port_GetStringDescriptor  usb_prop.o
    0x08002b88   0x00000016   Code   RO         2215    i.Virtual_Com_Port_Get_Interface_Setting  usb_prop.o
    0x08002b9e   0x00000002   PAD
    0x08002ba0   0x00000028   Code   RO         2216    i.Virtual_Com_Port_NoData_Setup  usb_prop.o
    0x08002bc8   0x000000e8   Code   RO         2217    i.Virtual_Com_Port_Reset  usb_prop.o
    0x08002cb0   0x00000018   Code   RO         2218    i.Virtual_Com_Port_SetConfiguration  usb_prop.o
    0x08002cc8   0x0000000c   Code   RO         2219    i.Virtual_Com_Port_SetDeviceAddress  usb_prop.o
    0x08002cd4   0x0000001c   Code   RO         2220    i.Virtual_Com_Port_SetLineCoding  usb_prop.o
    0x08002cf0   0x0000001c   Code   RO         2221    i.Virtual_Com_Port_Status_In  usb_prop.o
    0x08002d0c   0x00000002   Code   RO         2222    i.Virtual_Com_Port_Status_Out  usb_prop.o
    0x08002d0e   0x00000002   PAD
    0x08002d10   0x00000028   Code   RO         2223    i.Virtual_Com_Port_init  usb_prop.o
    0x08002d38   0x00000006   Code   RO          589    i._sys_exit         usart.o
    0x08002d3e   0x00000002   PAD
    0x08002d40   0x00000044   Code   RO          533    i.delay_init        delay.o
    0x08002d84   0x0000004c   Code   RO          534    i.delay_ms          delay.o
    0x08002dd0   0x000002ac   Code   RO            1    i.main              main.o
    0x0800307c   0x00000040   Code   RO          317    i.quickly_dat       lcd.o
    0x080030bc   0x000017c0   Data   RO          318    .constdata          lcd.o
    0x0800487c   0x000000b1   Data   RO         2151    .constdata          usb_desc.o
    0x0800492d   0x00000003   PAD
    0x08004930   0x00000020   Data   RO         2671    Region$$Table       anon$$obj.o


    Execution Region RW_IRAM1 (Base: 0x20000000, Size: 0x00000eb8, Max: 0x00005000, ABSOLUTE, COMPRESSED[0x00000088])

    Base Addr    Size         Type   Attr      Idx    E Section Name        Object

    0x20000000   0x00000014   Data   RW          265    .data               system_stm32f10x.o
    0x20000014   0x00000004   Data   RW          536    .data               delay.o
    0x20000018   0x00000006   Data   RW          593    .data               usart.o
    0x2000001e   0x00000003   Data   RW         1471    .data               usb_core.o
    0x20000021   0x00000003   PAD
    0x20000024   0x00000014   Data   RW         1576    .data               usb_init.o
    0x20000038   0x00000004   Data   RW         1599    .data               usb_int.o
    0x2000003c   0x00000002   Data   RW         2044    .data               hw_config.o
    0x2000003e   0x0000001a   Data   RW         2152    .data               usb_desc.o
    0x20000058   0x00000004   Data   RW         2168    .data               usb_endp.o
    0x2000005c   0x00000044   Data   RW         2193    .data               usb_istr.o
    0x200000a0   0x00000094   Data   RW         2224    .data               usb_prop.o
    0x20000134   0x0000000c   Data   RW         2317    .data               usb_pwr.o
    0x20000140   0x00000040   Zero   RW          467    .bss                adc.o
    0x20000180   0x000000c8   Zero   RW          592    .bss                usart.o
    0x20000248   0x0000001c   Zero   RW         1575    .bss                usb_init.o
    0x20000264   0x00000594   Zero   RW         2043    .bss                hw_config.o
    0x200007f8   0x00000040   Zero   RW         2167    .bss                usb_endp.o
    0x20000838   0x00000020   Zero   RW         2316    .bss                usb_pwr.o
    0x20000858   0x00000060   Zero   RW         2545    .bss                c_w.l(libspace.o)
    0x200008b8   0x00000200   Zero   RW          640    HEAP                startup_stm32f10x_md.o
    0x20000ab8   0x00000400   Zero   RW          639    STACK               startup_stm32f10x_md.o


==============================================================================

Image component sizes


      Code (inc. data)   RO Data    RW Data    ZI Data      Debug   Object Name

       584         32          0          0         64       2149   adc.o
       144         22          0          4          0       1100   delay.o
       574         60          0          2       1428       8774   hw_config.o
        84         14          0          0          0        486   io.o
      1212         38       6080          0          0       7977   lcd.o
       128         20          0          0          0        948   lcdgpio.o
       684         74          0          0          0     236691   main.o
       172         22          0          0          0       1937   misc.o
        64         26        236          0       1536        776   startup_stm32f10x_md.o
       486         24          0          0          0       8158   stm32f10x_adc.o
       160         12          0          0          0       1413   stm32f10x_exti.o
       430          6          0          0          0       3706   stm32f10x_gpio.o
        26          0          0          0          0       3442   stm32f10x_it.o
       132         30          0          0          0       2613   stm32f10x_rcc.o
        94          0          0          0          0       2628   stm32f10x_usart.o
         0          0          0          0          0         32   sys.o
       328         28          0         20          0       1937   system_stm32f10x.o
       142         14          0          6        200       2800   usart.o
      3058        288          0          3          0      14647   usb_core.o
         0          0        177         26          0       1027   usb_desc.o
       224         20          0          4         64       2152   usb_endp.o
        60         24          0         20         28       4082   usb_init.o
       648         32          0          4          0       1716   usb_int.o
       464         38          0         68          0       1543   usb_istr.o
        96         10          0          0          0       1752   usb_mem.o
       636        104          0        148          0      11069   usb_prop.o
       464         52          0         12         32       3428   usb_pwr.o
       712        100          0          0          0       9619   usb_regs.o
        82          8          0          0          0       1434   usb_sil.o

    ----------------------------------------------------------------------
     11916       1098       6528        320       3352     340036   Object Totals
         0          0         32          0          0          0   (incl. Generated)
        28          0          3          3          0          0   (incl. Padding)

    ----------------------------------------------------------------------

      Code (inc. data)   RO Data    RW Data    ZI Data      Debug   Library Member Name

        90          0          0          0          0          0   __dczerorl2.o
         8          0          0          0          0         68   __main.o
         0          0          0          0          0          0   __rtentry.o
        12          0          0          0          0          0   __rtentry2.o
         6          0          0          0          0          0   __rtentry4.o
        52          8          0          0          0          0   __scatter.o
        28          0          0          0          0          0   __scatter_zi.o
        12          0          0          0          0         72   exit.o
         6          0          0          0          0        152   heapauxi.o
         2          0          0          0          0          0   libinit.o
         2          0          0          0          0          0   libinit2.o
         2          0          0          0          0          0   libshutdown.o
         2          0          0          0          0          0   libshutdown2.o
         8          4          0          0         96         68   libspace.o
         2          0          0          0          0          0   rtexit.o
        10          0          0          0          0          0   rtexit2.o
        74          0          0          0          0         80   sys_stackheap_outer.o
         2          0          0          0          0         68   use_no_semi.o
         2          0          0          0          0         68   use_no_semi_2.o

    ----------------------------------------------------------------------
       324         12          0          0         96        576   Library Totals
         4          0          0          0          0          0   (incl. Padding)

    ----------------------------------------------------------------------

      Code (inc. data)   RO Data    RW Data    ZI Data      Debug   Library Name

       320         12          0          0         96        576   c_w.l

    ----------------------------------------------------------------------
       324         12          0          0         96        576   Library Totals

    ----------------------------------------------------------------------

==============================================================================


      Code (inc. data)   RO Data    RW Data    ZI Data      Debug   

     12240       1110       6528        320       3448     333484   Grand Totals
     12240       1110       6528        136       3448     333484   ELF Image Totals (compressed)
     12240       1110       6528        136          0          0   ROM Totals

==============================================================================

    Total RO  Size (Code + RO Data)                18768 (  18.33kB)
    Total RW  Size (RW Data + ZI Data)              3768 (   3.68kB)
    Total ROM Size (Code + RO Data + RW Data)      18904 (  18.46kB)

==============================================================================

